81.91.153.180 - - [01/Jul/2023:10:10:37 +0330] "GET /img/2023/3/11/8KnxMi8LDF7EUy21.png HTTP/1.1" 404 2315 "https://shop.lifeandme.net/admin" "Mozilla/5.0 (Windows NT 10.0; Win64; x64) AppleWebKit/537.36 (KHTML, like Gecko) Chrome/114.0.0.0 Safari/537.36"
81.91.153.180 - - [01/Jul/2023:10:10:37 +0330] "GET /img/2023/3/11/oVeMtVXMpX0qNXpf.png HTTP/1.1" 404 2315 "https://shop.lifeandme.net/admin" "Mozilla/5.0 (Windows NT 10.0; Win64; x64) AppleWebKit/537.36 (KHTML, like Gecko) Chrome/114.0.0.0 Safari/537.36"
81.91.153.180 - - [01/Jul/2023:10:10:38 +0330] "GET /img/2023/3/11/B5aooZzc2iS5ykAj.png HTTP/1.1" 404 2315 "https://shop.lifeandme.net/admin" "Mozilla/5.0 (Windows NT 10.0; Win64; x64) AppleWebKit/537.36 (KHTML, like Gecko) Chrome/114.0.0.0 Safari/537.36"
81.91.153.180 - - [01/Jul/2023:10:10:38 +0330] "GET /img/2023/3/11/osUYhc5hVtwE3DqC.png HTTP/1.1" 404 2315 "https://shop.lifeandme.net/admin" "Mozilla/5.0 (Windows NT 10.0; Win64; x64) AppleWebKit/537.36 (KHTML, like Gecko) Chrome/114.0.0.0 Safari/537.36"
81.91.153.180 - - [01/Jul/2023:10:10:38 +0330] "GET /img/2023/3/13/2rYNxWDMlq9LHDMV.png HTTP/1.1" 404 2315 "https://shop.lifeandme.net/admin" "Mozilla/5.0 (Windows NT 10.0; Win64; x64) AppleWebKit/537.36 (KHTML, like Gecko) Chrome/114.0.0.0 Safari/537.36"
81.91.153.180 - - [01/Jul/2023:10:10:38 +0330] "GET /img/2023/3/13/ravAsIYUiWhgtfGy.png HTTP/1.1" 404 2315 "https://shop.lifeandme.net/admin" "Mozilla/5.0 (Windows NT 10.0; Win64; x64) AppleWebKit/537.36 (KHTML, like Gecko) Chrome/114.0.0.0 Safari/537.36"
81.91.153.180 - - [01/Jul/2023:10:10:38 +0330] "GET /img/2023/3/13/rrzT8H7PnLaxAJyK.png HTTP/1.1" 404 2315 "https://shop.lifeandme.net/admin" "Mozilla/5.0 (Windows NT 10.0; Win64; x64) AppleWebKit/537.36 (KHTML, like Gecko) Chrome/114.0.0.0 Safari/537.36"
81.91.153.180 - - [01/Jul/2023:10:10:38 +0330] "GET /img/2023/3/25/jHa5dzlWCqSPAldM.png HTTP/1.1" 404 2315 "https://shop.lifeandme.net/admin" "Mozilla/5.0 (Windows NT 10.0; Win64; x64) AppleWebKit/537.36 (KHTML, like Gecko) Chrome/114.0.0.0 Safari/537.36"
81.91.153.180 - - [01/Jul/2023:10:10:38 +0330] "GET /img/2023/3/13/UhcMs0Jpw9bpApOt.png HTTP/1.1" 404 2315 "https://shop.lifeandme.net/admin" "Mozilla/5.0 (Windows NT 10.0; Win64; x64) AppleWebKit/537.36 (KHTML, like Gecko) Chrome/114.0.0.0 Safari/537.36"
81.91.153.180 - - [01/Jul/2023:10:10:38 +0330] "GET /img/2023/4/10/SDfQ2DXUKPdgYk5Z.png HTTP/1.1" 404 2315 "https://shop.lifeandme.net/admin" "Mozilla/5.0 (Windows NT 10.0; Win64; x64) AppleWebKit/537.36 (KHTML, like Gecko) Chrome/114.0.0.0 Safari/537.36"
81.91.153.180 - - [01/Jul/2023:10:10:47 +0330] "GET /admin/adminkits?type=all HTTP/1.1" 200 108676 "https://shop.lifeandme.net/admin" "Mozilla/5.0 (Windows NT 10.0; Win64; x64) AppleWebKit/537.36 (KHTML, like Gecko) Chrome/114.0.0.0 Safari/537.36"
81.91.153.180 - - [01/Jul/2023:10:10:53 +0330] "GET /admin/adminkits?type=all&batch_number=&name=%D9%87%D8%A7%D9%84&barcode=&kitstatuslist_id=&state_id=&phone=&from_buy_date=&to_buy_date=&from_assign_barcode_date=&to_assign_barcode_date=&from_add_kit_date=&to_add_kit_date=&from_get_kit_date=&to_get_kit_date= HTTP/1.1" 200 46804 "https://shop.lifeandme.net/admin/adminkits?type=all" "Mozilla/5.0 (Windows NT 10.0; Win64; x64) AppleWebKit/537.36 (KHTML, like Gecko) Chrome/114.0.0.0 Safari/537.36"
81.91.153.180 - - [01/Jul/2023:10:10:53 +0330] "GET /src/assets/media/illustrations/sketchy-1/15.png HTTP/1.1" 200 37143 "https://shop.lifeandme.net/admin/adminkits?type=all&batch_number=&name=%D9%87%D8%A7%D9%84&barcode=&kitstatuslist_id=&state_id=&phone=&from_buy_date=&to_buy_date=&from_assign_barcode_date=&to_assign_barcode_date=&from_add_kit_date=&to_add_kit_date=&from_get_kit_date=&to_get_kit_date=" "Mozilla/5.0 (Windows NT 10.0; Win64; x64) AppleWebKit/537.36 (KHTML, like Gecko) Chrome/114.0.0.0 Safari/537.36"
185.231.115.211 - - [01/Jul/2023:10:11:05 +0330] "GET / HTTP/1.1" 200 35637 "-" "Mozilla/5.0 (Windows NT 10.0; Win64; x64) AppleWebKit/537.36 (KHTML, like Gecko) Chrome/80.0.3987.132 Safari/537.36"
81.91.153.180 - - [01/Jul/2023:10:11:05 +0330] "GET /admin/adminkits?type=all&batch_number=&name=%D9%87%D8%A7%D9%84%D9%87&barcode=&kitstatuslist_id=&state_id=&phone=&from_buy_date=&to_buy_date=&from_assign_barcode_date=&to_assign_barcode_date=&from_add_kit_date=&to_add_kit_date=&from_get_kit_date=&to_get_kit_date= HTTP/1.1" 200 46805 "https://shop.lifeandme.net/admin/adminkits?type=all&batch_number=&name=%D9%87%D8%A7%D9%84&barcode=&kitstatuslist_id=&state_id=&phone=&from_buy_date=&to_buy_date=&from_assign_barcode_date=&to_assign_barcode_date=&from_add_kit_date=&to_add_kit_date=&from_get_kit_date=&to_get_kit_date=" "Mozilla/5.0 (Windows NT 10.0; Win64; x64) AppleWebKit/537.36 (KHTML, like Gecko) Chrome/114.0.0.0 Safari/537.36"
81.91.153.180 - - [01/Jul/2023:10:11:11 +0330] "GET /admin/adminkits?type=all&batch_number=&name=%DA%98%D8%A7%D9%84%D9%87&barcode=&kitstatuslist_id=&state_id=&phone=&from_buy_date=&to_buy_date=&from_assign_barcode_date=&to_assign_barcode_date=&from_add_kit_date=&to_add_kit_date=&from_get_kit_date=&to_get_kit_date= HTTP/1.1" 200 53982 "https://shop.lifeandme.net/admin/adminkits?type=all&batch_number=&name=%D9%87%D8%A7%D9%84%D9%87&barcode=&kitstatuslist_id=&state_id=&phone=&from_buy_date=&to_buy_date=&from_assign_barcode_date=&to_assign_barcode_date=&from_add_kit_date=&to_add_kit_date=&from_get_kit_date=&to_get_kit_date=" "Mozilla/5.0 (Windows NT 10.0; Win64; x64) AppleWebKit/537.36 (KHTML, like Gecko) Chrome/114.0.0.0 Safari/537.36"
86.57.10.23 - - [01/Jul/2023:10:11:46 +0330] "GET /src/assets/plugins/custom/datatables/datatables.bundle.css HTTP/1.1" 200 34251 "-" "Mozilla/5.0 (Linux; Android 10; K) AppleWebKit/537.36 (KHTML, like Gecko) Chrome/114.0.0.0 Mobile Safari/537.36"
86.57.10.23 - - [01/Jul/2023:10:11:46 +0330] "GET / HTTP/1.1" 200 35637 "-" "Mozilla/5.0 (Linux; Android 10; K) AppleWebKit/537.36 (KHTML, like Gecko) Chrome/114.0.0.0 Mobile Safari/537.36"
86.57.10.23 - - [01/Jul/2023:10:11:46 +0330] "GET /src/assets/css/style.bundle.rtl.css HTTP/1.1" 200 1169193 "-" "Mozilla/5.0 (Linux; Android 10; K) AppleWebKit/537.36 (KHTML, like Gecko) Chrome/114.0.0.0 Mobile Safari/537.36"
86.57.10.23 - - [01/Jul/2023:10:11:46 +0330] "GET /src/assets/js/scripts.bundle.js HTTP/1.1" 200 217317 "https://shop.lifeandme.net/" "Mozilla/5.0 (Linux; Android 10; K) AppleWebKit/537.36 (KHTML, like Gecko) Chrome/114.0.0.0 Mobile Safari/537.36"
86.57.10.23 - - [01/Jul/2023:10:11:46 +0330] "GET /src/assets/plugins/global/plugins.bundle.rtl.css HTTP/1.1" 200 551164 "-" "Mozilla/5.0 (Linux; Android 10; K) AppleWebKit/537.36 (KHTML, like Gecko) Chrome/114.0.0.0 Mobile Safari/537.36"
86.57.10.23 - - [01/Jul/2023:10:11:47 +0330] "GET /src/assets/js/widgets.bundle.js HTTP/1.1" 200 473443 "https://shop.lifeandme.net/" "Mozilla/5.0 (Linux; Android 10; K) AppleWebKit/537.36 (KHTML, like Gecko) Chrome/114.0.0.0 Mobile Safari/537.36"
86.57.10.23 - - [01/Jul/2023:10:11:47 +0330] "GET /src/assets/js/custom/apps/chat/chat.js HTTP/1.1" 200 2027 "https://shop.lifeandme.net/" "Mozilla/5.0 (Linux; Android 10; K) AppleWebKit/537.36 (KHTML, like Gecko) Chrome/114.0.0.0 Mobile Safari/537.36"
86.57.10.23 - - [01/Jul/2023:10:11:47 +0330] "GET /src/assets/js/custom/utilities/modals/create-app.js HTTP/1.1" 200 8379 "https://shop.lifeandme.net/" "Mozilla/5.0 (Linux; Android 10; K) AppleWebKit/537.36 (KHTML, like Gecko) Chrome/114.0.0.0 Mobile Safari/537.36"
86.57.10.23 - - [01/Jul/2023:10:11:47 +0330] "GET /src/assets/js/custom/widgets.js HTTP/1.1" 200 112008 "https://shop.lifeandme.net/" "Mozilla/5.0 (Linux; Android 10; K) AppleWebKit/537.36 (KHTML, like Gecko) Chrome/114.0.0.0 Mobile Safari/537.36"
86.57.10.23 - - [01/Jul/2023:10:11:47 +0330] "GET /src/assets/fonts/PeydaWeb-SemiBold.woff HTTP/1.1" 200 31832 "https://shop.lifeandme.net/src/assets/css/style.bundle.rtl.css" "Mozilla/5.0 (Linux; Android 10; K) AppleWebKit/537.36 (KHTML, like Gecko) Chrome/114.0.0.0 Mobile Safari/537.36"
86.57.10.23 - - [01/Jul/2023:10:11:47 +0330] "GET /src/assets/plugins/global/fonts/@fortawesome/fa-solid-900.woff2 HTTP/1.1" 200 78268 "https://shop.lifeandme.net/src/assets/plugins/global/plugins.bundle.rtl.css" "Mozilla/5.0 (Linux; Android 10; K) AppleWebKit/537.36 (KHTML, like Gecko) Chrome/114.0.0.0 Mobile Safari/537.36"
86.57.10.23 - - [01/Jul/2023:10:11:47 +0330] "GET /logo.svg HTTP/1.1" 200 62002 "https://shop.lifeandme.net/" "Mozilla/5.0 (Linux; Android 10; K) AppleWebKit/537.36 (KHTML, like Gecko) Chrome/114.0.0.0 Mobile Safari/537.36"
86.57.10.23 - - [01/Jul/2023:10:11:47 +0330] "GET /src/assets/js/custom/utilities/modals/users-search.js HTTP/1.1" 200 2355 "https://shop.lifeandme.net/" "Mozilla/5.0 (Linux; Android 10; K) AppleWebKit/537.36 (KHTML, like Gecko) Chrome/114.0.0.0 Mobile Safari/537.36"
86.57.10.23 - - [01/Jul/2023:10:11:47 +0330] "GET /src/assets/media/avatars/300-1.jpg HTTP/1.1" 200 68122 "https://shop.lifeandme.net/" "Mozilla/5.0 (Linux; Android 10; K) AppleWebKit/537.36 (KHTML, like Gecko) Chrome/114.0.0.0 Mobile Safari/537.36"
86.57.10.23 - - [01/Jul/2023:10:11:47 +0330] "GET /src/assets/media/avatars/300-14.jpg HTTP/1.1" 200 103118 "https://shop.lifeandme.net/" "Mozilla/5.0 (Linux; Android 10; K) AppleWebKit/537.36 (KHTML, like Gecko) Chrome/114.0.0.0 Mobile Safari/537.36"
86.57.10.23 - - [01/Jul/2023:10:11:47 +0330] "GET /src/assets/media/avatars/300-2.jpg HTTP/1.1" 200 61584 "https://shop.lifeandme.net/" "Mozilla/5.0 (Linux; Android 10; K) AppleWebKit/537.36 (KHTML, like Gecko) Chrome/114.0.0.0 Mobile Safari/537.36"
86.57.10.23 - - [01/Jul/2023:10:11:47 +0330] "GET /src/assets/media/avatars/300-20.jpg HTTP/1.1" 200 84862 "https://shop.lifeandme.net/" "Mozilla/5.0 (Linux; Android 10; K) AppleWebKit/537.36 (KHTML, like Gecko) Chrome/114.0.0.0 Mobile Safari/537.36"
86.57.10.23 - - [01/Jul/2023:10:11:47 +0330] "GET /src/assets/media/avatars/300-23.jpg HTTP/1.1" 200 66617 "https://shop.lifeandme.net/" "Mozilla/5.0 (Linux; Android 10; K) AppleWebKit/537.36 (KHTML, like Gecko) Chrome/114.0.0.0 Mobile Safari/537.36"
86.57.10.23 - - [01/Jul/2023:10:11:47 +0330] "GET /src/assets/media/svg/files/pdf.svg HTTP/1.1" 200 2039 "https://shop.lifeandme.net/" "Mozilla/5.0 (Linux; Android 10; K) AppleWebKit/537.36 (KHTML, like Gecko) Chrome/114.0.0.0 Mobile Safari/537.36"
86.57.10.23 - - [01/Jul/2023:10:11:47 +0330] "GET /src/assets/media/svg/files/doc.svg HTTP/1.1" 200 2203 "https://shop.lifeandme.net/" "Mozilla/5.0 (Linux; Android 10; K) AppleWebKit/537.36 (KHTML, like Gecko) Chrome/114.0.0.0 Mobile Safari/537.36"
86.57.10.23 - - [01/Jul/2023:10:11:47 +0330] "GET /src/assets/media/svg/files/css.svg HTTP/1.1" 200 2424 "https://shop.lifeandme.net/" "Mozilla/5.0 (Linux; Android 10; K) AppleWebKit/537.36 (KHTML, like Gecko) Chrome/114.0.0.0 Mobile Safari/537.36"
86.57.10.23 - - [01/Jul/2023:10:11:47 +0330] "GET /src/assets/media/stock/600x400/img-29.jpg HTTP/1.1" 200 62889 "https://shop.lifeandme.net/" "Mozilla/5.0 (Linux; Android 10; K) AppleWebKit/537.36 (KHTML, like Gecko) Chrome/114.0.0.0 Mobile Safari/537.36"
86.57.10.23 - - [01/Jul/2023:10:11:47 +0330] "GET /src/assets/media/stock/600x400/img-31.jpg HTTP/1.1" 200 45822 "https://shop.lifeandme.net/" "Mozilla/5.0 (Linux; Android 10; K) AppleWebKit/537.36 (KHTML, like Gecko) Chrome/114.0.0.0 Mobile Safari/537.36"
86.57.10.23 - - [01/Jul/2023:10:11:47 +0330] "GET /src/assets/media/stock/600x400/img-40.jpg HTTP/1.1" 200 21174 "https://shop.lifeandme.net/" "Mozilla/5.0 (Linux; Android 10; K) AppleWebKit/537.36 (KHTML, like Gecko) Chrome/114.0.0.0 Mobile Safari/537.36"
86.57.10.23 - - [01/Jul/2023:10:11:47 +0330] "GET /src/assets/media/avatars/300-4.jpg HTTP/1.1" 200 82045 "https://shop.lifeandme.net/" "Mozilla/5.0 (Linux; Android 10; K) AppleWebKit/537.36 (KHTML, like Gecko) Chrome/114.0.0.0 Mobile Safari/537.36"
86.57.10.23 - - [01/Jul/2023:10:11:47 +0330] "GET /src/assets/media/demos/demo1.png HTTP/1.1" 200 85102 "https://shop.lifeandme.net/" "Mozilla/5.0 (Linux; Android 10; K) AppleWebKit/537.36 (KHTML, like Gecko) Chrome/114.0.0.0 Mobile Safari/537.36"
86.57.10.23 - - [01/Jul/2023:10:11:47 +0330] "GET /src/assets/media/demos/demo2.png HTTP/1.1" 200 179232 "https://shop.lifeandme.net/" "Mozilla/5.0 (Linux; Android 10; K) AppleWebKit/537.36 (KHTML, like Gecko) Chrome/114.0.0.0 Mobile Safari/537.36"
86.57.10.23 - - [01/Jul/2023:10:11:47 +0330] "GET /src/assets/media/demos/demo3.png HTTP/1.1" 200 84318 "https://shop.lifeandme.net/" "Mozilla/5.0 (Linux; Android 10; K) AppleWebKit/537.36 (KHTML, like Gecko) Chrome/114.0.0.0 Mobile Safari/537.36"
86.57.10.23 - - [01/Jul/2023:10:11:47 +0330] "GET /src/assets/media/demos/demo4.png HTTP/1.1" 200 96536 "https://shop.lifeandme.net/" "Mozilla/5.0 (Linux; Android 10; K) AppleWebKit/537.36 (KHTML, like Gecko) Chrome/114.0.0.0 Mobile Safari/537.36"
86.57.10.23 - - [01/Jul/2023:10:11:47 +0330] "GET /src/assets/media/demos/demo5.png HTTP/1.1" 200 123549 "https://shop.lifeandme.net/" "Mozilla/5.0 (Linux; Android 10; K) AppleWebKit/537.36 (KHTML, like Gecko) Chrome/114.0.0.0 Mobile Safari/537.36"
86.57.10.23 - - [01/Jul/2023:10:11:47 +0330] "GET /src/assets/media/demos/demo6.png HTTP/1.1" 200 93933 "https://shop.lifeandme.net/" "Mozilla/5.0 (Linux; Android 10; K) AppleWebKit/537.36 (KHTML, like Gecko) Chrome/114.0.0.0 Mobile Safari/537.36"
86.57.10.23 - - [01/Jul/2023:10:11:48 +0330] "GET /src/assets/media/demos/demo7.png HTTP/1.1" 200 106865 "https://shop.lifeandme.net/" "Mozilla/5.0 (Linux; Android 10; K) AppleWebKit/537.36 (KHTML, like Gecko) Chrome/114.0.0.0 Mobile Safari/537.36"
86.57.10.23 - - [01/Jul/2023:10:11:48 +0330] "GET /src/assets/media/demos/demo8.png HTTP/1.1" 200 85705 "https://shop.lifeandme.net/" "Mozilla/5.0 (Linux; Android 10; K) AppleWebKit/537.36 (KHTML, like Gecko) Chrome/114.0.0.0 Mobile Safari/537.36"
86.57.10.23 - - [01/Jul/2023:10:11:48 +0330] "GET /src/assets/media/demos/demo9.png HTTP/1.1" 200 91481 "https://shop.lifeandme.net/" "Mozilla/5.0 (Linux; Android 10; K) AppleWebKit/537.36 (KHTML, like Gecko) Chrome/114.0.0.0 Mobile Safari/537.36"
86.57.10.23 - - [01/Jul/2023:10:11:48 +0330] "GET /src/assets/media/demos/demo10.png HTTP/1.1" 200 206390 "https://shop.lifeandme.net/" "Mozilla/5.0 (Linux; Android 10; K) AppleWebKit/537.36 (KHTML, like Gecko) Chrome/114.0.0.0 Mobile Safari/537.36"
86.57.10.23 - - [01/Jul/2023:10:11:48 +0330] "GET /src/assets/media/demos/demo13.png HTTP/1.1" 200 73863 "https://shop.lifeandme.net/" "Mozilla/5.0 (Linux; Android 10; K) AppleWebKit/537.36 (KHTML, like Gecko) Chrome/114.0.0.0 Mobile Safari/537.36"
86.57.10.23 - - [01/Jul/2023:10:11:48 +0330] "GET /src/assets/media/demos/demo11.png HTTP/1.1" 200 76188 "https://shop.lifeandme.net/" "Mozilla/5.0 (Linux; Android 10; K) AppleWebKit/537.36 (KHTML, like Gecko) Chrome/114.0.0.0 Mobile Safari/537.36"
86.57.10.23 - - [01/Jul/2023:10:11:48 +0330] "GET /src/assets/media/demos/demo12.png HTTP/1.1" 200 103134 "https://shop.lifeandme.net/" "Mozilla/5.0 (Linux; Android 10; K) AppleWebKit/537.36 (KHTML, like Gecko) Chrome/114.0.0.0 Mobile Safari/537.36"
86.57.10.23 - - [01/Jul/2023:10:11:48 +0330] "GET /src/assets/media/demos/demo14.png HTTP/1.1" 200 116206 "https://shop.lifeandme.net/" "Mozilla/5.0 (Linux; Android 10; K) AppleWebKit/537.36 (KHTML, like Gecko) Chrome/114.0.0.0 Mobile Safari/537.36"
86.57.10.23 - - [01/Jul/2023:10:11:48 +0330] "GET /src/assets/media/demos/demo15.png HTTP/1.1" 200 98613 "https://shop.lifeandme.net/" "Mozilla/5.0 (Linux; Android 10; K) AppleWebKit/537.36 (KHTML, like Gecko) Chrome/114.0.0.0 Mobile Safari/537.36"
86.57.10.23 - - [01/Jul/2023:10:11:48 +0330] "GET /src/assets/media/demos/demo16.png HTTP/1.1" 200 93241 "https://shop.lifeandme.net/" "Mozilla/5.0 (Linux; Android 10; K) AppleWebKit/537.36 (KHTML, like Gecko) Chrome/114.0.0.0 Mobile Safari/537.36"
86.57.10.23 - - [01/Jul/2023:10:11:48 +0330] "GET /src/assets/media/demos/demo17.png HTTP/1.1" 200 21586 "https://shop.lifeandme.net/" "Mozilla/5.0 (Linux; Android 10; K) AppleWebKit/537.36 (KHTML, like Gecko) Chrome/114.0.0.0 Mobile Safari/537.36"
86.57.10.23 - - [01/Jul/2023:10:11:48 +0330] "GET /src/assets/media/demos/demo18.png HTTP/1.1" 200 65116 "https://shop.lifeandme.net/" "Mozilla/5.0 (Linux; Android 10; K) AppleWebKit/537.36 (KHTML, like Gecko) Chrome/114.0.0.0 Mobile Safari/537.36"
86.57.10.23 - - [01/Jul/2023:10:11:48 +0330] "GET /src/assets/media/demos/demo19.png HTTP/1.1" 200 147632 "https://shop.lifeandme.net/" "Mozilla/5.0 (Linux; Android 10; K) AppleWebKit/537.36 (KHTML, like Gecko) Chrome/114.0.0.0 Mobile Safari/537.36"
86.57.10.23 - - [01/Jul/2023:10:11:48 +0330] "GET /src/assets/media/demos/demo20.png HTTP/1.1" 200 86972 "https://shop.lifeandme.net/" "Mozilla/5.0 (Linux; Android 10; K) AppleWebKit/537.36 (KHTML, like Gecko) Chrome/114.0.0.0 Mobile Safari/537.36"
86.57.10.23 - - [01/Jul/2023:10:11:48 +0330] "GET /src/assets/media/demos/demo21.png HTTP/1.1" 200 76671 "https://shop.lifeandme.net/" "Mozilla/5.0 (Linux; Android 10; K) AppleWebKit/537.36 (KHTML, like Gecko) Chrome/114.0.0.0 Mobile Safari/537.36"
86.57.10.23 - - [01/Jul/2023:10:11:48 +0330] "GET /src/assets/media/demos/demo22.png HTTP/1.1" 200 75728 "https://shop.lifeandme.net/" "Mozilla/5.0 (Linux; Android 10; K) AppleWebKit/537.36 (KHTML, like Gecko) Chrome/114.0.0.0 Mobile Safari/537.36"
86.57.10.23 - - [01/Jul/2023:10:11:48 +0330] "GET /src/assets/media/demos/demo23.png HTTP/1.1" 200 101789 "https://shop.lifeandme.net/" "Mozilla/5.0 (Linux; Android 10; K) AppleWebKit/537.36 (KHTML, like Gecko) Chrome/114.0.0.0 Mobile Safari/537.36"
86.57.10.23 - - [01/Jul/2023:10:11:48 +0330] "GET /src/assets/media/demos/demo24.png HTTP/1.1" 200 86331 "https://shop.lifeandme.net/" "Mozilla/5.0 (Linux; Android 10; K) AppleWebKit/537.36 (KHTML, like Gecko) Chrome/114.0.0.0 Mobile Safari/537.36"
86.57.10.23 - - [01/Jul/2023:10:11:48 +0330] "GET /src/assets/media/svg/card-logos/visa.svg HTTP/1.1" 200 1318 "https://shop.lifeandme.net/" "Mozilla/5.0 (Linux; Android 10; K) AppleWebKit/537.36 (KHTML, like Gecko) Chrome/114.0.0.0 Mobile Safari/537.36"
86.57.10.23 - - [01/Jul/2023:10:11:48 +0330] "GET /src/assets/media/svg/card-logos/mastercard.svg HTTP/1.1" 200 1047 "https://shop.lifeandme.net/" "Mozilla/5.0 (Linux; Android 10; K) AppleWebKit/537.36 (KHTML, like Gecko) Chrome/114.0.0.0 Mobile Safari/537.36"
86.57.10.23 - - [01/Jul/2023:10:11:48 +0330] "GET /src/assets/media/svg/card-logos/american-express.svg HTTP/1.1" 200 12477 "https://shop.lifeandme.net/" "Mozilla/5.0 (Linux; Android 10; K) AppleWebKit/537.36 (KHTML, like Gecko) Chrome/114.0.0.0 Mobile Safari/537.36"
86.57.10.23 - - [01/Jul/2023:10:11:48 +0330] "GET /src/assets/media/illustrations/sketchy-1/9.png HTTP/1.1" 200 55890 "https://shop.lifeandme.net/" "Mozilla/5.0 (Linux; Android 10; K) AppleWebKit/537.36 (KHTML, like Gecko) Chrome/114.0.0.0 Mobile Safari/537.36"
86.57.10.23 - - [01/Jul/2023:10:11:48 +0330] "GET /src/assets/media/avatars/300-6.jpg HTTP/1.1" 200 59007 "https://shop.lifeandme.net/" "Mozilla/5.0 (Linux; Android 10; K) AppleWebKit/537.36 (KHTML, like Gecko) Chrome/114.0.0.0 Mobile Safari/537.36"
86.57.10.23 - - [01/Jul/2023:10:11:48 +0330] "GET /src/assets/media/avatars/300-5.jpg HTTP/1.1" 200 70252 "https://shop.lifeandme.net/" "Mozilla/5.0 (Linux; Android 10; K) AppleWebKit/537.36 (KHTML, like Gecko) Chrome/114.0.0.0 Mobile Safari/537.36"
86.57.10.23 - - [01/Jul/2023:10:11:48 +0330] "GET /src/assets/media/avatars/300-25.jpg HTTP/1.1" 200 80810 "https://shop.lifeandme.net/" "Mozilla/5.0 (Linux; Android 10; K) AppleWebKit/537.36 (KHTML, like Gecko) Chrome/114.0.0.0 Mobile Safari/537.36"
86.57.10.23 - - [01/Jul/2023:10:11:49 +0330] "GET /src/assets/media/avatars/300-12.jpg HTTP/1.1" 200 61949 "https://shop.lifeandme.net/" "Mozilla/5.0 (Linux; Android 10; K) AppleWebKit/537.36 (KHTML, like Gecko) Chrome/114.0.0.0 Mobile Safari/537.36"
86.57.10.23 - - [01/Jul/2023:10:11:49 +0330] "GET /src/assets/media/avatars/300-9.jpg HTTP/1.1" 200 110349 "https://shop.lifeandme.net/" "Mozilla/5.0 (Linux; Android 10; K) AppleWebKit/537.36 (KHTML, like Gecko) Chrome/114.0.0.0 Mobile Safari/537.36"
86.57.10.23 - - [01/Jul/2023:10:11:49 +0330] "GET /src/assets/plugins/custom/datatables/datatables.bundle.js HTTP/1.1" 200 2991427 "https://shop.lifeandme.net/" "Mozilla/5.0 (Linux; Android 10; K) AppleWebKit/537.36 (KHTML, like Gecko) Chrome/114.0.0.0 Mobile Safari/537.36"
86.57.10.23 - - [01/Jul/2023:10:11:49 +0330] "GET /src/assets/media/avatars/300-13.jpg HTTP/1.1" 200 89411 "https://shop.lifeandme.net/" "Mozilla/5.0 (Linux; Android 10; K) AppleWebKit/537.36 (KHTML, like Gecko) Chrome/114.0.0.0 Mobile Safari/537.36"
86.57.10.23 - - [01/Jul/2023:10:11:49 +0330] "GET /src/assets/media/avatars/300-21.jpg HTTP/1.1" 200 88732 "https://shop.lifeandme.net/" "Mozilla/5.0 (Linux; Android 10; K) AppleWebKit/537.36 (KHTML, like Gecko) Chrome/114.0.0.0 Mobile Safari/537.36"
86.57.10.23 - - [01/Jul/2023:10:11:49 +0330] "GET /src/assets/plugins/global/plugins.bundle.js HTTP/1.1" 200 3735256 "https://shop.lifeandme.net/" "Mozilla/5.0 (Linux; Android 10; K) AppleWebKit/537.36 (KHTML, like Gecko) Chrome/114.0.0.0 Mobile Safari/537.36"
86.57.10.23 - - [01/Jul/2023:10:11:49 +0330] "GET /src/assets/media/illustrations/sketchy-1/1.png HTTP/1.1" 200 11821 "https://shop.lifeandme.net/" "Mozilla/5.0 (Linux; Android 10; K) AppleWebKit/537.36 (KHTML, like Gecko) Chrome/114.0.0.0 Mobile Safari/537.36"
86.57.10.23 - - [01/Jul/2023:10:11:49 +0330] "GET /src/assets/media/svg/brand-logos/google-icon.svg HTTP/1.1" 200 1209 "https://shop.lifeandme.net/" "Mozilla/5.0 (Linux; Android 10; K) AppleWebKit/537.36 (KHTML, like Gecko) Chrome/114.0.0.0 Mobile Safari/537.36"
86.57.10.23 - - [01/Jul/2023:10:11:50 +0330] "GET / HTTP/1.1" 200 35637 "-" "Mozilla/5.0 (Linux; Android 10; K) AppleWebKit/537.36 (KHTML, like Gecko) Chrome/114.0.0.0 Mobile Safari/537.36"
185.231.115.211 - - [01/Jul/2023:10:12:05 +0330] "GET / HTTP/1.1" 200 35637 "-" "Mozilla/5.0 (Windows NT 10.0; Win64; x64) AppleWebKit/537.36 (KHTML, like Gecko) Chrome/80.0.3987.132 Safari/537.36"
86.57.10.23 - - [01/Jul/2023:10:13:03 +0330] "GET /add-kit HTTP/1.1" 302 390 "https://shop.lifeandme.net/" "Mozilla/5.0 (Linux; Android 10; K) AppleWebKit/537.36 (KHTML, like Gecko) Chrome/114.0.0.0 Mobile Safari/537.36"
86.57.10.23 - - [01/Jul/2023:10:13:04 +0330] "GET /login HTTP/1.1" 302 410 "https://shop.lifeandme.net/" "Mozilla/5.0 (Linux; Android 10; K) AppleWebKit/537.36 (KHTML, like Gecko) Chrome/114.0.0.0 Mobile Safari/537.36"
86.57.10.23 - - [01/Jul/2023:10:13:04 +0330] "GET /auth/phone HTTP/1.1" 200 3044 "https://shop.lifeandme.net/" "Mozilla/5.0 (Linux; Android 10; K) AppleWebKit/537.36 (KHTML, like Gecko) Chrome/114.0.0.0 Mobile Safari/537.36"
86.57.10.23 - - [01/Jul/2023:10:13:04 +0330] "GET /src/assets/js/custom/authentication/sign-in/general.js HTTP/1.1" 200 4422 "https://shop.lifeandme.net/auth/phone" "Mozilla/5.0 (Linux; Android 10; K) AppleWebKit/537.36 (KHTML, like Gecko) Chrome/114.0.0.0 Mobile Safari/537.36"
86.57.10.23 - - [01/Jul/2023:10:13:04 +0330] "GET /src/assets/media/illustrations/sketchy-1/14.png HTTP/1.1" 200 49088 "https://shop.lifeandme.net/auth/phone" "Mozilla/5.0 (Linux; Android 10; K) AppleWebKit/537.36 (KHTML, like Gecko) Chrome/114.0.0.0 Mobile Safari/537.36"
185.231.115.211 - - [01/Jul/2023:10:13:04 +0330] "GET / HTTP/1.1" 200 35637 "-" "Mozilla/5.0 (Windows NT 10.0; Win64; x64) AppleWebKit/537.36 (KHTML, like Gecko) Chrome/80.0.3987.132 Safari/537.36"
81.91.153.180 - - [01/Jul/2023:10:13:04 +0330] "GET /admin/adminkits?type=all&batch_number=&name=&barcode=56101806202663&kitstatuslist_id=&state_id=&phone=&from_buy_date=&to_buy_date=&from_assign_barcode_date=&to_assign_barcode_date=&from_add_kit_date=&to_add_kit_date=&from_get_kit_date=&to_get_kit_date= HTTP/1.1" 200 51601 "https://shop.lifeandme.net/admin/adminkits?type=all&batch_number=&name=%DA%98%D8%A7%D9%84%D9%87&barcode=&kitstatuslist_id=&state_id=&phone=&from_buy_date=&to_buy_date=&from_assign_barcode_date=&to_assign_barcode_date=&from_add_kit_date=&to_add_kit_date=&from_get_kit_date=&to_get_kit_date=" "Mozilla/5.0 (Windows NT 10.0; Win64; x64) AppleWebKit/537.36 (KHTML, like Gecko) Chrome/114.0.0.0 Safari/537.36"
185.231.115.211 - - [01/Jul/2023:10:14:04 +0330] "GET / HTTP/1.1" 200 35637 "-" "Mozilla/5.0 (Windows NT 10.0; Win64; x64) AppleWebKit/537.36 (KHTML, like Gecko) Chrome/80.0.3987.132 Safari/537.36"
81.91.153.180 - - [01/Jul/2023:10:14:57 +0330] "GET /admin/general-settings HTTP/1.1" 200 56110 "https://shop.lifeandme.net/admin/adminkits?type=all&batch_number=&name=&barcode=56101806202663&kitstatuslist_id=&state_id=&phone=&from_buy_date=&to_buy_date=&from_assign_barcode_date=&to_assign_barcode_date=&from_add_kit_date=&to_add_kit_date=&from_get_kit_date=&to_get_kit_date=" "Mozilla/5.0 (Windows NT 10.0; Win64; x64) AppleWebKit/537.36 (KHTML, like Gecko) Chrome/114.0.0.0 Safari/537.36"
185.231.115.211 - - [01/Jul/2023:10:15:04 +0330] "GET / HTTP/1.1" 200 35637 "-" "Mozilla/5.0 (Windows NT 10.0; Win64; x64) AppleWebKit/537.36 (KHTML, like Gecko) Chrome/80.0.3987.132 Safari/537.36"
185.231.115.211 - - [01/Jul/2023:10:16:04 +0330] "GET / HTTP/1.1" 200 35637 "-" "Mozilla/5.0 (Windows NT 10.0; Win64; x64) AppleWebKit/537.36 (KHTML, like Gecko) Chrome/80.0.3987.132 Safari/537.36"
185.231.115.211 - - [01/Jul/2023:10:17:05 +0330] "GET / HTTP/1.1" 200 35637 "-" "Mozilla/5.0 (Windows NT 10.0; Win64; x64) AppleWebKit/537.36 (KHTML, like Gecko) Chrome/80.0.3987.132 Safari/537.36"
185.231.115.211 - - [01/Jul/2023:10:18:04 +0330] "GET / HTTP/1.1" 200 35637 "-" "Mozilla/5.0 (Windows NT 10.0; Win64; x64) AppleWebKit/537.36 (KHTML, like Gecko) Chrome/80.0.3987.132 Safari/537.36"
185.231.115.211 - - [01/Jul/2023:10:19:04 +0330] "GET / HTTP/1.1" 200 35637 "-" "Mozilla/5.0 (Windows NT 10.0; Win64; x64) AppleWebKit/537.36 (KHTML, like Gecko) Chrome/80.0.3987.132 Safari/537.36"
185.231.115.211 - - [01/Jul/2023:10:20:04 +0330] "GET / HTTP/1.1" 200 35637 "-" "Mozilla/5.0 (Windows NT 10.0; Win64; x64) AppleWebKit/537.36 (KHTML, like Gecko) Chrome/80.0.3987.132 Safari/537.36"
185.231.115.211 - - [01/Jul/2023:10:21:04 +0330] "GET / HTTP/1.1" 200 35637 "-" "Mozilla/5.0 (Windows NT 10.0; Win64; x64) AppleWebKit/537.36 (KHTML, like Gecko) Chrome/80.0.3987.132 Safari/537.36"
185.231.115.211 - - [01/Jul/2023:10:22:04 +0330] "GET / HTTP/1.1" 200 35637 "-" "Mozilla/5.0 (Windows NT 10.0; Win64; x64) AppleWebKit/537.36 (KHTML, like Gecko) Chrome/80.0.3987.132 Safari/537.36"
185.231.115.211 - - [01/Jul/2023:10:23:04 +0330] "GET / HTTP/1.1" 200 35637 "-" "Mozilla/5.0 (Windows NT 10.0; Win64; x64) AppleWebKit/537.36 (KHTML, like Gecko) Chrome/80.0.3987.132 Safari/537.36"
185.231.115.211 - - [01/Jul/2023:10:24:06 +0330] "GET / HTTP/1.1" 200 35637 "-" "Mozilla/5.0 (Windows NT 10.0; Win64; x64) AppleWebKit/537.36 (KHTML, like Gecko) Chrome/80.0.3987.132 Safari/537.36"
185.231.115.211 - - [01/Jul/2023:10:25:05 +0330] "GET / HTTP/1.1" 200 35637 "-" "Mozilla/5.0 (Windows NT 10.0; Win64; x64) AppleWebKit/537.36 (KHTML, like Gecko) Chrome/80.0.3987.132 Safari/537.36"
185.231.115.211 - - [01/Jul/2023:10:26:04 +0330] "GET / HTTP/1.1" 200 35637 "-" "Mozilla/5.0 (Windows NT 10.0; Win64; x64) AppleWebKit/537.36 (KHTML, like Gecko) Chrome/80.0.3987.132 Safari/537.36"
141.98.11.207 - - [01/Jul/2023:10:26:29 +0330] "GET / HTTP/1.1" 404 197 "-" "Mozilla/5.0 (Windows NT 10.0; Win64; x64) AppleWebKit/537.36 (KHTML, like Gecko) Chrome/90.0.4430.85 Safari/537.36 Edg/90.0.818.46"
185.231.115.211 - - [01/Jul/2023:10:27:05 +0330] "GET / HTTP/1.1" 200 35637 "-" "Mozilla/5.0 (Windows NT 10.0; Win64; x64) AppleWebKit/537.36 (KHTML, like Gecko) Chrome/80.0.3987.132 Safari/537.36"
185.231.115.211 - - [01/Jul/2023:10:28:04 +0330] "GET / HTTP/1.1" 200 35637 "-" "Mozilla/5.0 (Windows NT 10.0; Win64; x64) AppleWebKit/537.36 (KHTML, like Gecko) Chrome/80.0.3987.132 Safari/537.36"
185.231.115.211 - - [01/Jul/2023:10:29:05 +0330] "GET / HTTP/1.1" 200 35637 "-" "Mozilla/5.0 (Windows NT 10.0; Win64; x64) AppleWebKit/537.36 (KHTML, like Gecko) Chrome/80.0.3987.132 Safari/537.36"
185.231.115.211 - - [01/Jul/2023:10:30:04 +0330] "GET / HTTP/1.1" 200 35637 "-" "Mozilla/5.0 (Windows NT 10.0; Win64; x64) AppleWebKit/537.36 (KHTML, like Gecko) Chrome/80.0.3987.132 Safari/537.36"
185.231.115.211 - - [01/Jul/2023:10:31:05 +0330] "GET / HTTP/1.1" 200 35637 "-" "Mozilla/5.0 (Windows NT 10.0; Win64; x64) AppleWebKit/537.36 (KHTML, like Gecko) Chrome/80.0.3987.132 Safari/537.36"
185.231.115.211 - - [01/Jul/2023:10:32:05 +0330] "GET / HTTP/1.1" 200 35637 "-" "Mozilla/5.0 (Windows NT 10.0; Win64; x64) AppleWebKit/537.36 (KHTML, like Gecko) Chrome/80.0.3987.132 Safari/537.36"
185.231.115.211 - - [01/Jul/2023:10:33:04 +0330] "GET / HTTP/1.1" 200 35637 "-" "Mozilla/5.0 (Windows NT 10.0; Win64; x64) AppleWebKit/537.36 (KHTML, like Gecko) Chrome/80.0.3987.132 Safari/537.36"
185.231.115.211 - - [01/Jul/2023:10:34:04 +0330] "GET / HTTP/1.1" 200 35637 "-" "Mozilla/5.0 (Windows NT 10.0; Win64; x64) AppleWebKit/537.36 (KHTML, like Gecko) Chrome/80.0.3987.132 Safari/537.36"
185.231.115.211 - - [01/Jul/2023:10:35:04 +0330] "GET / HTTP/1.1" 200 35637 "-" "Mozilla/5.0 (Windows NT 10.0; Win64; x64) AppleWebKit/537.36 (KHTML, like Gecko) Chrome/80.0.3987.132 Safari/537.36"
185.231.115.211 - - [01/Jul/2023:10:36:04 +0330] "GET / HTTP/1.1" 200 35637 "-" "Mozilla/5.0 (Windows NT 10.0; Win64; x64) AppleWebKit/537.36 (KHTML, like Gecko) Chrome/80.0.3987.132 Safari/537.36"
185.231.115.211 - - [01/Jul/2023:10:37:05 +0330] "GET / HTTP/1.1" 200 35637 "-" "Mozilla/5.0 (Windows NT 10.0; Win64; x64) AppleWebKit/537.36 (KHTML, like Gecko) Chrome/80.0.3987.132 Safari/537.36"
185.231.115.211 - - [01/Jul/2023:10:38:04 +0330] "GET / HTTP/1.1" 200 35637 "-" "Mozilla/5.0 (Windows NT 10.0; Win64; x64) AppleWebKit/537.36 (KHTML, like Gecko) Chrome/80.0.3987.132 Safari/537.36"
185.231.115.211 - - [01/Jul/2023:10:39:04 +0330] "GET / HTTP/1.1" 200 35637 "-" "Mozilla/5.0 (Windows NT 10.0; Win64; x64) AppleWebKit/537.36 (KHTML, like Gecko) Chrome/80.0.3987.132 Safari/537.36"
185.231.115.211 - - [01/Jul/2023:10:40:04 +0330] "GET / HTTP/1.1" 200 35637 "-" "Mozilla/5.0 (Windows NT 10.0; Win64; x64) AppleWebKit/537.36 (KHTML, like Gecko) Chrome/80.0.3987.132 Safari/537.36"
185.231.115.211 - - [01/Jul/2023:10:41:05 +0330] "GET / HTTP/1.1" 200 35637 "-" "Mozilla/5.0 (Windows NT 10.0; Win64; x64) AppleWebKit/537.36 (KHTML, like Gecko) Chrome/80.0.3987.132 Safari/537.36"
185.231.115.211 - - [01/Jul/2023:10:42:04 +0330] "GET / HTTP/1.1" 200 35637 "-" "Mozilla/5.0 (Windows NT 10.0; Win64; x64) AppleWebKit/537.36 (KHTML, like Gecko) Chrome/80.0.3987.132 Safari/537.36"
185.231.115.211 - - [01/Jul/2023:10:43:05 +0330] "GET / HTTP/1.1" 200 35637 "-" "Mozilla/5.0 (Windows NT 10.0; Win64; x64) AppleWebKit/537.36 (KHTML, like Gecko) Chrome/80.0.3987.132 Safari/537.36"
185.231.115.211 - - [01/Jul/2023:10:44:04 +0330] "GET / HTTP/1.1" 200 35637 "-" "Mozilla/5.0 (Windows NT 10.0; Win64; x64) AppleWebKit/537.36 (KHTML, like Gecko) Chrome/80.0.3987.132 Safari/537.36"
185.231.115.211 - - [01/Jul/2023:10:45:04 +0330] "GET / HTTP/1.1" 200 35637 "-" "Mozilla/5.0 (Windows NT 10.0; Win64; x64) AppleWebKit/537.36 (KHTML, like Gecko) Chrome/80.0.3987.132 Safari/537.36"
152.32.207.130 - - [01/Jul/2023:10:45:53 +0330] "GET / HTTP/1.1" 404 162 "-" "curl/7.29.0"
152.32.207.130 - - [01/Jul/2023:10:45:54 +0330] "\x16\x03\x01\x00\xEE\x01\x00\x00\xEA\x03\x031\x18\x04\xCE\x10I' Ap\xAE\xC6\xC7\x0Ez\xD1\x08\xEA\xA7\xB5\x01\x85\x1F\x5C\xE4\xA7\xC6\xAF\xC6)s\x22 \xBE\x0F\x88\xE6r\x8B\x08\x0C\xEA~\xFB\xAF\x92\xD7\x87'\xAE\x09ar\xAF\xDFJ\xA0\xA4\xC1\x7F\x99\xBBQ\xF3^\x00&\xC0+\xC0/\xC0,\xC00\xCC\xA9\xCC\xA8\xC0\x09\xC0\x13\xC0" 400 166 "-" "-"
185.231.115.211 - - [01/Jul/2023:10:46:04 +0330] "GET / HTTP/1.1" 200 35637 "-" "Mozilla/5.0 (Windows NT 10.0; Win64; x64) AppleWebKit/537.36 (KHTML, like Gecko) Chrome/80.0.3987.132 Safari/537.36"
185.231.115.211 - - [01/Jul/2023:10:47:04 +0330] "GET / HTTP/1.1" 200 35637 "-" "Mozilla/5.0 (Windows NT 10.0; Win64; x64) AppleWebKit/537.36 (KHTML, like Gecko) Chrome/80.0.3987.132 Safari/537.36"
81.91.153.180 - - [01/Jul/2023:10:47:26 +0330] "GET / HTTP/1.1" 200 36200 "-" "Mozilla/5.0 (Macintosh; Intel Mac OS X 10_15_7) AppleWebKit/605.1.15 (KHTML, like Gecko) Version/15.4 Safari/605.1.15"
81.91.153.180 - - [01/Jul/2023:10:47:26 +0330] "GET /src/assets/plugins/global/plugins.bundle.rtl.css HTTP/1.1" 200 551164 "https://shop.lifeandme.net/" "Mozilla/5.0 (Macintosh; Intel Mac OS X 10_15_7) AppleWebKit/605.1.15 (KHTML, like Gecko) Version/15.4 Safari/605.1.15"
81.91.153.180 - - [01/Jul/2023:10:47:26 +0330] "GET /src/assets/js/custom/utilities/modals/users-search.js HTTP/1.1" 200 2355 "https://shop.lifeandme.net/" "Mozilla/5.0 (Macintosh; Intel Mac OS X 10_15_7) AppleWebKit/605.1.15 (KHTML, like Gecko) Version/15.4 Safari/605.1.15"
81.91.153.180 - - [01/Jul/2023:10:47:26 +0330] "GET /src/assets/css/style.bundle.rtl.css HTTP/1.1" 200 1169193 "https://shop.lifeandme.net/" "Mozilla/5.0 (Macintosh; Intel Mac OS X 10_15_7) AppleWebKit/605.1.15 (KHTML, like Gecko) Version/15.4 Safari/605.1.15"
81.91.153.180 - - [01/Jul/2023:10:47:27 +0330] "GET /src/assets/media/svg/files/css.svg HTTP/1.1" 200 2424 "https://shop.lifeandme.net/" "Mozilla/5.0 (Macintosh; Intel Mac OS X 10_15_7) AppleWebKit/605.1.15 (KHTML, like Gecko) Version/15.4 Safari/605.1.15"
81.91.153.180 - - [01/Jul/2023:10:47:27 +0330] "GET /src/assets/media/stock/600x400/img-31.jpg HTTP/1.1" 200 45822 "https://shop.lifeandme.net/" "Mozilla/5.0 (Macintosh; Intel Mac OS X 10_15_7) AppleWebKit/605.1.15 (KHTML, like Gecko) Version/15.4 Safari/605.1.15"
81.91.153.180 - - [01/Jul/2023:10:47:27 +0330] "GET /src/assets/media/stock/600x400/img-40.jpg HTTP/1.1" 200 21174 "https://shop.lifeandme.net/" "Mozilla/5.0 (Macintosh; Intel Mac OS X 10_15_7) AppleWebKit/605.1.15 (KHTML, like Gecko) Version/15.4 Safari/605.1.15"
81.91.153.180 - - [01/Jul/2023:10:47:27 +0330] "GET /src/assets/media/avatars/300-4.jpg HTTP/1.1" 200 82045 "https://shop.lifeandme.net/" "Mozilla/5.0 (Macintosh; Intel Mac OS X 10_15_7) AppleWebKit/605.1.15 (KHTML, like Gecko) Version/15.4 Safari/605.1.15"
81.91.153.180 - - [01/Jul/2023:10:47:27 +0330] "GET /src/assets/plugins/custom/datatables/datatables.bundle.js HTTP/1.1" 200 2014950 "https://shop.lifeandme.net/" "Mozilla/5.0 (Macintosh; Intel Mac OS X 10_15_7) AppleWebKit/605.1.15 (KHTML, like Gecko) Version/15.4 Safari/605.1.15"
185.231.115.211 - - [01/Jul/2023:10:48:03 +0330] "GET / HTTP/1.1" 200 35637 "-" "Mozilla/5.0 (Windows NT 10.0; Win64; x64) AppleWebKit/537.36 (KHTML, like Gecko) Chrome/80.0.3987.132 Safari/537.36"
185.231.115.211 - - [01/Jul/2023:10:49:04 +0330] "GET / HTTP/1.1" 200 35637 "-" "Mozilla/5.0 (Windows NT 10.0; Win64; x64) AppleWebKit/537.36 (KHTML, like Gecko) Chrome/80.0.3987.132 Safari/537.36"
185.231.115.211 - - [01/Jul/2023:10:50:05 +0330] "GET / HTTP/1.1" 200 35637 "-" "Mozilla/5.0 (Windows NT 10.0; Win64; x64) AppleWebKit/537.36 (KHTML, like Gecko) Chrome/80.0.3987.132 Safari/537.36"
185.231.115.211 - - [01/Jul/2023:10:51:05 +0330] "GET / HTTP/1.1" 200 35637 "-" "Mozilla/5.0 (Windows NT 10.0; Win64; x64) AppleWebKit/537.36 (KHTML, like Gecko) Chrome/80.0.3987.132 Safari/537.36"
185.231.115.211 - - [01/Jul/2023:10:52:04 +0330] "GET / HTTP/1.1" 200 35637 "-" "Mozilla/5.0 (Windows NT 10.0; Win64; x64) AppleWebKit/537.36 (KHTML, like Gecko) Chrome/80.0.3987.132 Safari/537.36"
185.231.115.211 - - [01/Jul/2023:10:53:04 +0330] "GET / HTTP/1.1" 200 35637 "-" "Mozilla/5.0 (Windows NT 10.0; Win64; x64) AppleWebKit/537.36 (KHTML, like Gecko) Chrome/80.0.3987.132 Safari/537.36"
185.231.115.211 - - [01/Jul/2023:10:54:05 +0330] "GET / HTTP/1.1" 200 35637 "-" "Mozilla/5.0 (Windows NT 10.0; Win64; x64) AppleWebKit/537.36 (KHTML, like Gecko) Chrome/80.0.3987.132 Safari/537.36"
152.32.215.5 - - [01/Jul/2023:10:54:13 +0330] "GET / HTTP/1.1" 404 197 "-" "Mozilla/5.0 (Windows NT 8_1_1; Win64; x64) AppleWebKit/538.54 (KHTML, like Gecko) Chrome/103.0.513 Safari/537.36"
152.32.215.5 - - [01/Jul/2023:10:54:14 +0330] "GET /favicon.ico HTTP/1.1" 404 197 "-" "Mozilla/5.0 (Macintosh; Intel Mac OS X 9_1_1) AppleWebKit/543.55 (KHTML, like Gecko) Chrome/89.0.88 Safari/537.36"
152.32.215.5 - - [01/Jul/2023:10:54:14 +0330] "GET /sitemap.xml HTTP/1.1" 404 197 "-" "Mozilla/5.0 (Macintosh; Intel Mac OS X 9_0) AppleWebKit/588.55 (KHTML, like Gecko) Chrome/68.0.2169 Safari/537.36"
152.32.215.5 - - [01/Jul/2023:10:54:14 +0330] "GET /robots.txt HTTP/1.1" 404 197 "-" "Mozilla/5.0 (X11; Linux x86_64) AppleWebKit/537.44 (KHTML, like Gecko) Chrome/93.0.1435 Safari/537.36"
185.231.115.211 - - [01/Jul/2023:10:55:04 +0330] "GET / HTTP/1.1" 200 35637 "-" "Mozilla/5.0 (Windows NT 10.0; Win64; x64) AppleWebKit/537.36 (KHTML, like Gecko) Chrome/80.0.3987.132 Safari/537.36"
185.231.115.211 - - [01/Jul/2023:10:56:04 +0330] "GET / HTTP/1.1" 200 35637 "-" "Mozilla/5.0 (Windows NT 10.0; Win64; x64) AppleWebKit/537.36 (KHTML, like Gecko) Chrome/80.0.3987.132 Safari/537.36"
185.231.115.211 - - [01/Jul/2023:10:57:05 +0330] "GET / HTTP/1.1" 200 35637 "-" "Mozilla/5.0 (Windows NT 10.0; Win64; x64) AppleWebKit/537.36 (KHTML, like Gecko) Chrome/80.0.3987.132 Safari/537.36"
185.231.115.211 - - [01/Jul/2023:10:58:04 +0330] "GET / HTTP/1.1" 200 35637 "-" "Mozilla/5.0 (Windows NT 10.0; Win64; x64) AppleWebKit/537.36 (KHTML, like Gecko) Chrome/80.0.3987.132 Safari/537.36"
185.231.115.211 - - [01/Jul/2023:10:59:05 +0330] "GET / HTTP/1.1" 200 35637 "-" "Mozilla/5.0 (Windows NT 10.0; Win64; x64) AppleWebKit/537.36 (KHTML, like Gecko) Chrome/80.0.3987.132 Safari/537.36"
185.231.115.211 - - [01/Jul/2023:11:00:05 +0330] "GET / HTTP/1.1" 200 35637 "-" "Mozilla/5.0 (Windows NT 10.0; Win64; x64) AppleWebKit/537.36 (KHTML, like Gecko) Chrome/80.0.3987.132 Safari/537.36"
185.231.115.211 - - [01/Jul/2023:11:01:04 +0330] "GET / HTTP/1.1" 200 35637 "-" "Mozilla/5.0 (Windows NT 10.0; Win64; x64) AppleWebKit/537.36 (KHTML, like Gecko) Chrome/80.0.3987.132 Safari/537.36"
185.231.115.211 - - [01/Jul/2023:11:02:05 +0330] "GET / HTTP/1.1" 200 35637 "-" "Mozilla/5.0 (Windows NT 10.0; Win64; x64) AppleWebKit/537.36 (KHTML, like Gecko) Chrome/80.0.3987.132 Safari/537.36"
185.231.115.211 - - [01/Jul/2023:11:03:05 +0330] "GET / HTTP/1.1" 200 35637 "-" "Mozilla/5.0 (Windows NT 10.0; Win64; x64) AppleWebKit/537.36 (KHTML, like Gecko) Chrome/80.0.3987.132 Safari/537.36"
185.231.115.211 - - [01/Jul/2023:11:04:05 +0330] "GET / HTTP/1.1" 200 35637 "-" "Mozilla/5.0 (Windows NT 10.0; Win64; x64) AppleWebKit/537.36 (KHTML, like Gecko) Chrome/80.0.3987.132 Safari/537.36"
81.91.153.180 - - [01/Jul/2023:11:04:23 +0330] "GET /users/7/edit HTTP/1.1" 403 2312 "-" "Mozilla/5.0 (Windows NT 10.0; Win64; x64) AppleWebKit/537.36 (KHTML, like Gecko) Chrome/114.0.0.0 Safari/537.36"
81.91.153.180 - - [01/Jul/2023:11:04:37 +0330] "GET /users/7/edit HTTP/1.1" 403 2312 "-" "Mozilla/5.0 (Windows NT 10.0; Win64; x64) AppleWebKit/537.36 (KHTML, like Gecko) Chrome/114.0.0.0 Safari/537.36"
81.91.153.180 - - [01/Jul/2023:11:04:42 +0330] "GET / HTTP/1.1" 200 36206 "-" "Mozilla/5.0 (Windows NT 10.0; Win64; x64) AppleWebKit/537.36 (KHTML, like Gecko) Chrome/114.0.0.0 Safari/537.36"
81.91.153.180 - - [01/Jul/2023:11:04:49 +0330] "GET /admin HTTP/1.1" 200 46038 "-" "Mozilla/5.0 (Windows NT 10.0; Win64; x64) AppleWebKit/537.36 (KHTML, like Gecko) Chrome/114.0.0.0 Safari/537.36"
81.91.153.180 - - [01/Jul/2023:11:04:55 +0330] "GET /admin/adminorders?type=pending HTTP/1.1" 200 50002 "https://shop.lifeandme.net/admin" "Mozilla/5.0 (Windows NT 10.0; Win64; x64) AppleWebKit/537.36 (KHTML, like Gecko) Chrome/114.0.0.0 Safari/537.36"
185.231.115.211 - - [01/Jul/2023:11:05:04 +0330] "GET / HTTP/1.1" 200 35637 "-" "Mozilla/5.0 (Windows NT 10.0; Win64; x64) AppleWebKit/537.36 (KHTML, like Gecko) Chrome/80.0.3987.132 Safari/537.36"
81.91.153.180 - - [01/Jul/2023:11:05:34 +0330] "GET /admin/adminorders?type=pending&name=%D8%A7%D8%B1%DA%A9%DB%8C%D8%AF%D9%87&phone=&from=&to= HTTP/1.1" 200 44077 "https://shop.lifeandme.net/admin/adminorders?type=pending" "Mozilla/5.0 (Windows NT 10.0; Win64; x64) AppleWebKit/537.36 (KHTML, like Gecko) Chrome/114.0.0.0 Safari/537.36"
81.91.153.180 - - [01/Jul/2023:11:05:39 +0330] "GET /admin/adminorders/1135/edit HTTP/1.1" 200 48396 "https://shop.lifeandme.net/admin/adminorders?type=pending&name=%D8%A7%D8%B1%DA%A9%DB%8C%D8%AF%D9%87&phone=&from=&to=" "Mozilla/5.0 (Windows NT 10.0; Win64; x64) AppleWebKit/537.36 (KHTML, like Gecko) Chrome/114.0.0.0 Safari/537.36"
185.231.115.211 - - [01/Jul/2023:11:06:05 +0330] "GET / HTTP/1.1" 200 35637 "-" "Mozilla/5.0 (Windows NT 10.0; Win64; x64) AppleWebKit/537.36 (KHTML, like Gecko) Chrome/80.0.3987.132 Safari/537.36"
81.91.153.180 - - [01/Jul/2023:11:06:46 +0330] "POST /admin/adminpayments/1560 HTTP/1.1" 499 0 "https://shop.lifeandme.net/admin/adminorders/1135/edit" "Mozilla/5.0 (Windows NT 10.0; Win64; x64) AppleWebKit/537.36 (KHTML, like Gecko) Chrome/114.0.0.0 Safari/537.36"
81.91.153.180 - - [01/Jul/2023:11:06:49 +0330] "POST /admin/adminpayments/1560 HTTP/1.1" 302 478 "https://shop.lifeandme.net/admin/adminorders/1135/edit" "Mozilla/5.0 (Windows NT 10.0; Win64; x64) AppleWebKit/537.36 (KHTML, like Gecko) Chrome/114.0.0.0 Safari/537.36"
81.91.153.180 - - [01/Jul/2023:11:06:49 +0330] "GET /admin/adminorders/1135/edit HTTP/1.1" 200 48796 "https://shop.lifeandme.net/admin/adminorders/1135/edit" "Mozilla/5.0 (Windows NT 10.0; Win64; x64) AppleWebKit/537.36 (KHTML, like Gecko) Chrome/114.0.0.0 Safari/537.36"
185.231.115.211 - - [01/Jul/2023:11:07:05 +0330] "GET / HTTP/1.1" 200 35637 "-" "Mozilla/5.0 (Windows NT 10.0; Win64; x64) AppleWebKit/537.36 (KHTML, like Gecko) Chrome/80.0.3987.132 Safari/537.36"
185.231.115.211 - - [01/Jul/2023:11:08:05 +0330] "GET / HTTP/1.1" 200 35637 "-" "Mozilla/5.0 (Windows NT 10.0; Win64; x64) AppleWebKit/537.36 (KHTML, like Gecko) Chrome/80.0.3987.132 Safari/537.36"
185.231.115.211 - - [01/Jul/2023:11:09:04 +0330] "GET / HTTP/1.1" 200 35637 "-" "Mozilla/5.0 (Windows NT 10.0; Win64; x64) AppleWebKit/537.36 (KHTML, like Gecko) Chrome/80.0.3987.132 Safari/537.36"
185.231.115.211 - - [01/Jul/2023:11:10:04 +0330] "GET / HTTP/1.1" 200 35637 "-" "Mozilla/5.0 (Windows NT 10.0; Win64; x64) AppleWebKit/537.36 (KHTML, like Gecko) Chrome/80.0.3987.132 Safari/537.36"
185.231.115.211 - - [01/Jul/2023:11:11:05 +0330] "GET / HTTP/1.1" 200 35637 "-" "Mozilla/5.0 (Windows NT 10.0; Win64; x64) AppleWebKit/537.36 (KHTML, like Gecko) Chrome/80.0.3987.132 Safari/537.36"
185.231.115.211 - - [01/Jul/2023:11:12:05 +0330] "GET / HTTP/1.1" 200 35637 "-" "Mozilla/5.0 (Windows NT 10.0; Win64; x64) AppleWebKit/537.36 (KHTML, like Gecko) Chrome/80.0.3987.132 Safari/537.36"
185.231.115.211 - - [01/Jul/2023:11:13:04 +0330] "GET / HTTP/1.1" 200 35637 "-" "Mozilla/5.0 (Windows NT 10.0; Win64; x64) AppleWebKit/537.36 (KHTML, like Gecko) Chrome/80.0.3987.132 Safari/537.36"
185.231.115.211 - - [01/Jul/2023:11:14:05 +0330] "GET / HTTP/1.1" 200 35637 "-" "Mozilla/5.0 (Windows NT 10.0; Win64; x64) AppleWebKit/537.36 (KHTML, like Gecko) Chrome/80.0.3987.132 Safari/537.36"
45.10.59.80 - - [01/Jul/2023:11:14:56 +0330] "GET / HTTP/1.1" 200 35637 "-" "Mozilla/5.0 (iPhone; CPU iPhone OS 16_5_1 like Mac OS X) AppleWebKit/605.1.15 (KHTML, like Gecko) Version/16.5.1 Mobile/15E148 Safari/604.1"
45.10.59.80 - - [01/Jul/2023:11:14:57 +0330] "GET /src/assets/js/custom/widgets.js HTTP/1.1" 200 112008 "https://shop.lifeandme.net/" "Mozilla/5.0 (iPhone; CPU iPhone OS 16_5_1 like Mac OS X) AppleWebKit/605.1.15 (KHTML, like Gecko) Version/16.5.1 Mobile/15E148 Safari/604.1"
45.10.59.80 - - [01/Jul/2023:11:14:57 +0330] "GET /src/assets/media/avatars/300-2.jpg HTTP/1.1" 200 61584 "https://shop.lifeandme.net/" "Mozilla/5.0 (iPhone; CPU iPhone OS 16_5_1 like Mac OS X) AppleWebKit/605.1.15 (KHTML, like Gecko) Version/16.5.1 Mobile/15E148 Safari/604.1"
45.10.59.80 - - [01/Jul/2023:11:14:57 +0330] "GET /src/assets/js/custom/utilities/modals/create-app.js HTTP/1.1" 200 8379 "https://shop.lifeandme.net/" "Mozilla/5.0 (iPhone; CPU iPhone OS 16_5_1 like Mac OS X) AppleWebKit/605.1.15 (KHTML, like Gecko) Version/16.5.1 Mobile/15E148 Safari/604.1"
45.10.59.80 - - [01/Jul/2023:11:14:57 +0330] "GET /src/assets/js/custom/apps/chat/chat.js HTTP/1.1" 200 2027 "https://shop.lifeandme.net/" "Mozilla/5.0 (iPhone; CPU iPhone OS 16_5_1 like Mac OS X) AppleWebKit/605.1.15 (KHTML, like Gecko) Version/16.5.1 Mobile/15E148 Safari/604.1"
45.10.59.80 - - [01/Jul/2023:11:14:58 +0330] "GET /src/assets/media/svg/files/pdf.svg HTTP/1.1" 200 2039 "https://shop.lifeandme.net/" "Mozilla/5.0 (iPhone; CPU iPhone OS 16_5_1 like Mac OS X) AppleWebKit/605.1.15 (KHTML, like Gecko) Version/16.5.1 Mobile/15E148 Safari/604.1"
45.10.59.80 - - [01/Jul/2023:11:14:58 +0330] "GET /src/assets/media/svg/files/css.svg HTTP/1.1" 200 2424 "https://shop.lifeandme.net/" "Mozilla/5.0 (iPhone; CPU iPhone OS 16_5_1 like Mac OS X) AppleWebKit/605.1.15 (KHTML, like Gecko) Version/16.5.1 Mobile/15E148 Safari/604.1"
45.10.59.80 - - [01/Jul/2023:11:14:58 +0330] "GET /src/assets/media/avatars/300-4.jpg HTTP/1.1" 200 82045 "https://shop.lifeandme.net/" "Mozilla/5.0 (iPhone; CPU iPhone OS 16_5_1 like Mac OS X) AppleWebKit/605.1.15 (KHTML, like Gecko) Version/16.5.1 Mobile/15E148 Safari/604.1"
45.10.59.80 - - [01/Jul/2023:11:15:00 +0330] "GET /src/assets/css/style.bundle.rtl.css HTTP/1.1" 200 540419 "https://shop.lifeandme.net/" "Mozilla/5.0 (iPhone; CPU iPhone OS 16_5_1 like Mac OS X) AppleWebKit/605.1.15 (KHTML, like Gecko) Version/16.5.1 Mobile/15E148 Safari/604.1"
45.10.59.80 - - [01/Jul/2023:11:15:00 +0330] "GET /src/assets/media/demos/demo2.png HTTP/1.1" 200 130820 "https://shop.lifeandme.net/" "Mozilla/5.0 (iPhone; CPU iPhone OS 16_5_1 like Mac OS X) AppleWebKit/605.1.15 (KHTML, like Gecko) Version/16.5.1 Mobile/15E148 Safari/604.1"
185.231.115.211 - - [01/Jul/2023:11:15:04 +0330] "GET / HTTP/1.1" 200 35637 "-" "Mozilla/5.0 (Windows NT 10.0; Win64; x64) AppleWebKit/537.36 (KHTML, like Gecko) Chrome/80.0.3987.132 Safari/537.36"
81.91.153.180 - - [01/Jul/2023:11:15:28 +0330] "GET /admin HTTP/1.1" 200 45765 "-" "Mozilla/5.0 (Windows NT 10.0; Win64; x64) AppleWebKit/537.36 (KHTML, like Gecko) Chrome/114.0.0.0 Safari/537.36"
81.91.153.180 - - [01/Jul/2023:11:15:37 +0330] "GET /admin/adminorders?type=pending HTTP/1.1" 200 49764 "https://shop.lifeandme.net/admin" "Mozilla/5.0 (Windows NT 10.0; Win64; x64) AppleWebKit/537.36 (KHTML, like Gecko) Chrome/114.0.0.0 Safari/537.36"
81.91.153.180 - - [01/Jul/2023:11:15:46 +0330] "GET /admin/adminorders?type=pending&name=%DA%A9%D9%85%D8%B1%D9%88%D8%AF%DB%8C&phone=&from=&to= HTTP/1.1" 200 42230 "https://shop.lifeandme.net/admin/adminorders?type=pending" "Mozilla/5.0 (Windows NT 10.0; Win64; x64) AppleWebKit/537.36 (KHTML, like Gecko) Chrome/114.0.0.0 Safari/537.36"
81.91.153.180 - - [01/Jul/2023:11:15:46 +0330] "GET /src/assets/media/illustrations/sketchy-1/15.png HTTP/1.1" 200 37143 "https://shop.lifeandme.net/admin/adminorders?type=pending&name=%DA%A9%D9%85%D8%B1%D9%88%D8%AF%DB%8C&phone=&from=&to=" "Mozilla/5.0 (Windows NT 10.0; Win64; x64) AppleWebKit/537.36 (KHTML, like Gecko) Chrome/114.0.0.0 Safari/537.36"
81.91.153.180 - - [01/Jul/2023:11:15:56 +0330] "GET /admin/adminorders?type=pending&name=%D8%B9%D9%84%DB%8C&phone=&from=&to= HTTP/1.1" 200 49323 "https://shop.lifeandme.net/admin/adminorders?type=pending&name=%DA%A9%D9%85%D8%B1%D9%88%D8%AF%DB%8C&phone=&from=&to=" "Mozilla/5.0 (Windows NT 10.0; Win64; x64) AppleWebKit/537.36 (KHTML, like Gecko) Chrome/114.0.0.0 Safari/537.36"
81.91.153.180 - - [01/Jul/2023:11:16:00 +0330] "GET /admin/adminorders?type=pending&name=%D8%B9%D9%84%DB%8C&phone=&from=&to=&page=2 HTTP/1.1" 200 49278 "https://shop.lifeandme.net/admin/adminorders?type=pending&name=%D8%B9%D9%84%DB%8C&phone=&from=&to=" "Mozilla/5.0 (Windows NT 10.0; Win64; x64) AppleWebKit/537.36 (KHTML, like Gecko) Chrome/114.0.0.0 Safari/537.36"
81.91.153.180 - - [01/Jul/2023:11:16:05 +0330] "GET /admin/adminorders?type=pending&name=%D8%B9%D9%84%DB%8C&phone=&from=&to=&page=3 HTTP/1.1" 200 49710 "https://shop.lifeandme.net/admin/adminorders?type=pending&name=%D8%B9%D9%84%DB%8C&phone=&from=&to=&page=2" "Mozilla/5.0 (Windows NT 10.0; Win64; x64) AppleWebKit/537.36 (KHTML, like Gecko) Chrome/114.0.0.0 Safari/537.36"
185.231.115.211 - - [01/Jul/2023:11:16:06 +0330] "GET / HTTP/1.1" 200 35637 "-" "Mozilla/5.0 (Windows NT 10.0; Win64; x64) AppleWebKit/537.36 (KHTML, like Gecko) Chrome/80.0.3987.132 Safari/537.36"
81.91.153.180 - - [01/Jul/2023:11:16:09 +0330] "GET /admin/adminorders?type=pending&name=%D8%B9%D9%84%DB%8C&phone=&from=&to=&page=4 HTTP/1.1" 200 49329 "https://shop.lifeandme.net/admin/adminorders?type=pending&name=%D8%B9%D9%84%DB%8C&phone=&from=&to=&page=3" "Mozilla/5.0 (Windows NT 10.0; Win64; x64) AppleWebKit/537.36 (KHTML, like Gecko) Chrome/114.0.0.0 Safari/537.36"
81.91.153.180 - - [01/Jul/2023:11:16:13 +0330] "GET /admin/adminorders?type=pending&name=%D8%B9%D9%84%DB%8C&phone=&from=&to=&page=5 HTTP/1.1" 200 49481 "https://shop.lifeandme.net/admin/adminorders?type=pending&name=%D8%B9%D9%84%DB%8C&phone=&from=&to=&page=4" "Mozilla/5.0 (Windows NT 10.0; Win64; x64) AppleWebKit/537.36 (KHTML, like Gecko) Chrome/114.0.0.0 Safari/537.36"
81.91.153.180 - - [01/Jul/2023:11:16:19 +0330] "GET /admin/adminorders?type=pending&name=%D8%B9%D9%84%DB%8C&phone=&from=&to=&page=6 HTTP/1.1" 200 48605 "https://shop.lifeandme.net/admin/adminorders?type=pending&name=%D8%B9%D9%84%DB%8C&phone=&from=&to=&page=5" "Mozilla/5.0 (Windows NT 10.0; Win64; x64) AppleWebKit/537.36 (KHTML, like Gecko) Chrome/114.0.0.0 Safari/537.36"
81.91.153.180 - - [01/Jul/2023:11:16:41 +0330] "GET /admin/adminorders?type=pending&name=%DA%A9%D9%85%D8%B1%D8%B1%D9%88%D8%AF%DB%8C&phone=&from=&to= HTTP/1.1" 200 42232 "https://shop.lifeandme.net/admin/adminorders?type=pending&name=%D8%B9%D9%84%DB%8C&phone=&from=&to=&page=6" "Mozilla/5.0 (Windows NT 10.0; Win64; x64) AppleWebKit/537.36 (KHTML, like Gecko) Chrome/114.0.0.0 Safari/537.36"
