87.107.144.194 - - [01/Jul/2023:12:45:49 +0330] "GET /src/assets/media/illustrations/sketchy-1/9.png HTTP/1.1" 200 55890 "https://shop.lifeandme.net/users/1/edit" "Mozilla/5.0 (Windows NT 10.0; Win64; x64) AppleWebKit/537.36 (KHTML, like Gecko) Chrome/114.0.0.0 Safari/537.36"
87.107.144.194 - - [01/Jul/2023:12:45:49 +0330] "GET /src/assets/media/avatars/300-6.jpg HTTP/1.1" 200 59007 "https://shop.lifeandme.net/users/1/edit" "Mozilla/5.0 (Windows NT 10.0; Win64; x64) AppleWebKit/537.36 (KHTML, like Gecko) Chrome/114.0.0.0 Safari/537.36"
87.107.144.194 - - [01/Jul/2023:12:45:49 +0330] "GET /src/assets/media/avatars/300-5.jpg HTTP/1.1" 200 70252 "https://shop.lifeandme.net/users/1/edit" "Mozilla/5.0 (Windows NT 10.0; Win64; x64) AppleWebKit/537.36 (KHTML, like Gecko) Chrome/114.0.0.0 Safari/537.36"
87.107.144.194 - - [01/Jul/2023:12:45:49 +0330] "GET /src/assets/media/avatars/300-9.jpg HTTP/1.1" 200 110349 "https://shop.lifeandme.net/users/1/edit" "Mozilla/5.0 (Windows NT 10.0; Win64; x64) AppleWebKit/537.36 (KHTML, like Gecko) Chrome/114.0.0.0 Safari/537.36"
87.107.144.194 - - [01/Jul/2023:12:45:49 +0330] "GET /src/assets/media/avatars/300-25.jpg HTTP/1.1" 200 80810 "https://shop.lifeandme.net/users/1/edit" "Mozilla/5.0 (Windows NT 10.0; Win64; x64) AppleWebKit/537.36 (KHTML, like Gecko) Chrome/114.0.0.0 Safari/537.36"
87.107.144.194 - - [01/Jul/2023:12:45:49 +0330] "GET /src/assets/media/avatars/300-12.jpg HTTP/1.1" 200 61949 "https://shop.lifeandme.net/users/1/edit" "Mozilla/5.0 (Windows NT 10.0; Win64; x64) AppleWebKit/537.36 (KHTML, like Gecko) Chrome/114.0.0.0 Safari/537.36"
87.107.144.194 - - [01/Jul/2023:12:45:49 +0330] "GET /src/assets/media/avatars/300-13.jpg HTTP/1.1" 200 89411 "https://shop.lifeandme.net/users/1/edit" "Mozilla/5.0 (Windows NT 10.0; Win64; x64) AppleWebKit/537.36 (KHTML, like Gecko) Chrome/114.0.0.0 Safari/537.36"
87.107.144.194 - - [01/Jul/2023:12:45:49 +0330] "GET /src/assets/media/illustrations/sketchy-1/1.png HTTP/1.1" 200 11821 "https://shop.lifeandme.net/users/1/edit" "Mozilla/5.0 (Windows NT 10.0; Win64; x64) AppleWebKit/537.36 (KHTML, like Gecko) Chrome/114.0.0.0 Safari/537.36"
87.107.144.194 - - [01/Jul/2023:12:45:50 +0330] "GET /src/assets/media/avatars/300-21.jpg HTTP/1.1" 200 88732 "https://shop.lifeandme.net/users/1/edit" "Mozilla/5.0 (Windows NT 10.0; Win64; x64) AppleWebKit/537.36 (KHTML, like Gecko) Chrome/114.0.0.0 Safari/537.36"
87.107.144.194 - - [01/Jul/2023:12:45:50 +0330] "GET /src/assets/plugins/custom/datatables/datatables.bundle.js HTTP/1.1" 200 2991427 "https://shop.lifeandme.net/users/1/edit" "Mozilla/5.0 (Windows NT 10.0; Win64; x64) AppleWebKit/537.36 (KHTML, like Gecko) Chrome/114.0.0.0 Safari/537.36"
87.107.144.194 - - [01/Jul/2023:12:45:50 +0330] "GET /src/assets/plugins/global/fonts/@fortawesome/fa-solid-900.woff2 HTTP/1.1" 200 78268 "https://shop.lifeandme.net/src/assets/plugins/global/plugins.bundle.rtl.css" "Mozilla/5.0 (Windows NT 10.0; Win64; x64) AppleWebKit/537.36 (KHTML, like Gecko) Chrome/114.0.0.0 Safari/537.36"
87.107.144.194 - - [01/Jul/2023:12:45:51 +0330] "GET /admin HTTP/1.1" 200 58391 "-" "Mozilla/5.0 (Windows NT 10.0; Win64; x64) AppleWebKit/537.36 (KHTML, like Gecko) Chrome/114.0.0.0 Safari/537.36"
87.107.144.194 - - [01/Jul/2023:12:45:51 +0330] "GET /fulltemp/assets/plugins/custom/vis-timeline/vis-timeline.bundle.css HTTP/1.1" 200 27112 "https://shop.lifeandme.net/admin" "Mozilla/5.0 (Windows NT 10.0; Win64; x64) AppleWebKit/537.36 (KHTML, like Gecko) Chrome/114.0.0.0 Safari/537.36"
87.107.144.194 - - [01/Jul/2023:12:45:51 +0330] "GET /fulltemp/assets/plugins/custom/datatables/datatables.bundle.css HTTP/1.1" 200 40940 "https://shop.lifeandme.net/admin" "Mozilla/5.0 (Windows NT 10.0; Win64; x64) AppleWebKit/537.36 (KHTML, like Gecko) Chrome/114.0.0.0 Safari/537.36"
87.107.144.194 - - [01/Jul/2023:12:45:51 +0330] "GET /fulltemp/assets/plugins/custom/prismjs/prismjs.bundle.rtl.css HTTP/1.1" 200 3460 "https://shop.lifeandme.net/admin" "Mozilla/5.0 (Windows NT 10.0; Win64; x64) AppleWebKit/537.36 (KHTML, like Gecko) Chrome/114.0.0.0 Safari/537.36"
87.107.144.194 - - [01/Jul/2023:12:45:52 +0330] "GET /ckeditor/ckeditor.js HTTP/1.1" 200 714149 "https://shop.lifeandme.net/admin" "Mozilla/5.0 (Windows NT 10.0; Win64; x64) AppleWebKit/537.36 (KHTML, like Gecko) Chrome/114.0.0.0 Safari/537.36"
87.107.144.194 - - [01/Jul/2023:12:45:52 +0330] "GET /fulltemp/assets/plugins/global/plugins.bundle.rtl.css HTTP/1.1" 200 645302 "https://shop.lifeandme.net/admin" "Mozilla/5.0 (Windows NT 10.0; Win64; x64) AppleWebKit/537.36 (KHTML, like Gecko) Chrome/114.0.0.0 Safari/537.36"
87.107.144.194 - - [01/Jul/2023:12:45:52 +0330] "GET /fulltemp/assets/css/style.bundle.rtl.css HTTP/1.1" 200 1357258 "https://shop.lifeandme.net/admin" "Mozilla/5.0 (Windows NT 10.0; Win64; x64) AppleWebKit/537.36 (KHTML, like Gecko) Chrome/114.0.0.0 Safari/537.36"
87.107.144.194 - - [01/Jul/2023:12:45:59 +0330] "GET /fulltemp/assets/js/scripts.bundle.js HTTP/1.1" 200 240378 "https://shop.lifeandme.net/admin" "Mozilla/5.0 (Windows NT 10.0; Win64; x64) AppleWebKit/537.36 (KHTML, like Gecko) Chrome/114.0.0.0 Safari/537.36"
87.107.144.194 - - [01/Jul/2023:12:45:59 +0330] "GET /fulltemp/assets/js/custom/widgets.js HTTP/1.1" 200 118356 "https://shop.lifeandme.net/admin" "Mozilla/5.0 (Windows NT 10.0; Win64; x64) AppleWebKit/537.36 (KHTML, like Gecko) Chrome/114.0.0.0 Safari/537.36"
87.107.144.194 - - [01/Jul/2023:12:45:59 +0330] "GET /fulltemp/assets/js/widgets.bundle.js HTTP/1.1" 200 537526 "https://shop.lifeandme.net/admin" "Mozilla/5.0 (Windows NT 10.0; Win64; x64) AppleWebKit/537.36 (KHTML, like Gecko) Chrome/114.0.0.0 Safari/537.36"
87.107.144.194 - - [01/Jul/2023:12:45:59 +0330] "GET /fulltemp/assets/fonts/woff2/IRANSansWeb(FaNum).woff2 HTTP/1.1" 200 27944 "https://shop.lifeandme.net/fulltemp/assets/css/style.bundle.rtl.css" "Mozilla/5.0 (Windows NT 10.0; Win64; x64) AppleWebKit/537.36 (KHTML, like Gecko) Chrome/114.0.0.0 Safari/537.36"
87.107.144.194 - - [01/Jul/2023:12:45:59 +0330] "GET /fulltemp/assets/fonts/woff2/IRANSansWeb(FaNum)_Bold.woff2 HTTP/1.1" 200 27316 "https://shop.lifeandme.net/fulltemp/assets/css/style.bundle.rtl.css" "Mozilla/5.0 (Windows NT 10.0; Win64; x64) AppleWebKit/537.36 (KHTML, like Gecko) Chrome/114.0.0.0 Safari/537.36"
87.107.144.194 - - [01/Jul/2023:12:45:59 +0330] "GET /fulltemp/assets/fonts/woff2/IRANSansWeb(FaNum)_Medium.woff2 HTTP/1.1" 200 25784 "https://shop.lifeandme.net/fulltemp/assets/css/style.bundle.rtl.css" "Mozilla/5.0 (Windows NT 10.0; Win64; x64) AppleWebKit/537.36 (KHTML, like Gecko) Chrome/114.0.0.0 Safari/537.36"
87.107.144.194 - - [01/Jul/2023:12:45:59 +0330] "GET /fulltemp/assets/media/avatars/300-1.jpg HTTP/1.1" 200 68122 "https://shop.lifeandme.net/admin" "Mozilla/5.0 (Windows NT 10.0; Win64; x64) AppleWebKit/537.36 (KHTML, like Gecko) Chrome/114.0.0.0 Safari/537.36"
87.107.144.194 - - [01/Jul/2023:12:45:59 +0330] "GET /img/2022/12/31/xEHTlnsfWEENXLEG.svg HTTP/1.1" 200 7406 "https://shop.lifeandme.net/admin" "Mozilla/5.0 (Windows NT 10.0; Win64; x64) AppleWebKit/537.36 (KHTML, like Gecko) Chrome/114.0.0.0 Safari/537.36"
87.107.144.194 - - [01/Jul/2023:12:45:59 +0330] "GET /fulltemp/assets/media/svg/illustrations/easy/2.svg HTTP/1.1" 200 42824 "https://shop.lifeandme.net/admin" "Mozilla/5.0 (Windows NT 10.0; Win64; x64) AppleWebKit/537.36 (KHTML, like Gecko) Chrome/114.0.0.0 Safari/537.36"
87.107.144.194 - - [01/Jul/2023:12:46:00 +0330] "GET /img/2022/12/31/F93L94nSuUwFHhbp.svg HTTP/1.1" 200 5472 "https://shop.lifeandme.net/admin" "Mozilla/5.0 (Windows NT 10.0; Win64; x64) AppleWebKit/537.36 (KHTML, like Gecko) Chrome/114.0.0.0 Safari/537.36"
87.107.144.194 - - [01/Jul/2023:12:46:00 +0330] "GET /fulltemp/assets/js/custom/apps/chat/chat.js HTTP/1.1" 200 2027 "https://shop.lifeandme.net/admin" "Mozilla/5.0 (Windows NT 10.0; Win64; x64) AppleWebKit/537.36 (KHTML, like Gecko) Chrome/114.0.0.0 Safari/537.36"
87.107.144.194 - - [01/Jul/2023:12:46:00 +0330] "GET /fulltemp/assets/js/custom/utilities/modals/users-search.js HTTP/1.1" 200 2355 "https://shop.lifeandme.net/admin" "Mozilla/5.0 (Windows NT 10.0; Win64; x64) AppleWebKit/537.36 (KHTML, like Gecko) Chrome/114.0.0.0 Safari/537.36"
87.107.144.194 - - [01/Jul/2023:12:46:00 +0330] "GET /src/jalalidatepicker.min.css HTTP/1.1" 200 7620 "https://shop.lifeandme.net/admin" "Mozilla/5.0 (Windows NT 10.0; Win64; x64) AppleWebKit/537.36 (KHTML, like Gecko) Chrome/114.0.0.0 Safari/537.36"
87.107.144.194 - - [01/Jul/2023:12:46:00 +0330] "GET /fulltemp/assets/media/svg/illustrations/easy/2-dark.svg HTTP/1.1" 200 42820 "https://shop.lifeandme.net/admin" "Mozilla/5.0 (Windows NT 10.0; Win64; x64) AppleWebKit/537.36 (KHTML, like Gecko) Chrome/114.0.0.0 Safari/537.36"
87.107.144.194 - - [01/Jul/2023:12:46:00 +0330] "GET /img/2022/12/31/SlBN5YmKGrUR3u8S.svg HTTP/1.1" 200 5881 "https://shop.lifeandme.net/admin" "Mozilla/5.0 (Windows NT 10.0; Win64; x64) AppleWebKit/537.36 (KHTML, like Gecko) Chrome/114.0.0.0 Safari/537.36"
87.107.144.194 - - [01/Jul/2023:12:46:00 +0330] "GET /img/2022/12/31/TQZjPE7xWoBByPS2.svg HTTP/1.1" 200 6685 "https://shop.lifeandme.net/admin" "Mozilla/5.0 (Windows NT 10.0; Win64; x64) AppleWebKit/537.36 (KHTML, like Gecko) Chrome/114.0.0.0 Safari/537.36"
87.107.144.194 - - [01/Jul/2023:12:46:00 +0330] "GET /img/2022/12/31/T0IQX2WyMpmVvrQs.svg HTTP/1.1" 200 5344 "https://shop.lifeandme.net/admin" "Mozilla/5.0 (Windows NT 10.0; Win64; x64) AppleWebKit/537.36 (KHTML, like Gecko) Chrome/114.0.0.0 Safari/537.36"
87.107.144.194 - - [01/Jul/2023:12:46:00 +0330] "GET /img/2023/3/8/XnBXZoldArncxHlv.png HTTP/1.1" 404 2315 "https://shop.lifeandme.net/admin" "Mozilla/5.0 (Windows NT 10.0; Win64; x64) AppleWebKit/537.36 (KHTML, like Gecko) Chrome/114.0.0.0 Safari/537.36"
87.107.144.194 - - [01/Jul/2023:12:46:00 +0330] "GET /img/2023/3/11/h01EWOmofm6uKFS3.png HTTP/1.1" 404 2315 "https://shop.lifeandme.net/admin" "Mozilla/5.0 (Windows NT 10.0; Win64; x64) AppleWebKit/537.36 (KHTML, like Gecko) Chrome/114.0.0.0 Safari/537.36"
87.107.144.194 - - [01/Jul/2023:12:46:00 +0330] "GET /img/2023/3/11/TibO7wdzpKxHEaj2.png HTTP/1.1" 404 2315 "https://shop.lifeandme.net/admin" "Mozilla/5.0 (Windows NT 10.0; Win64; x64) AppleWebKit/537.36 (KHTML, like Gecko) Chrome/114.0.0.0 Safari/537.36"
87.107.144.194 - - [01/Jul/2023:12:46:00 +0330] "GET /img/2023/3/11/jMcTLECMcVHSuwCH.png HTTP/1.1" 404 2315 "https://shop.lifeandme.net/admin" "Mozilla/5.0 (Windows NT 10.0; Win64; x64) AppleWebKit/537.36 (KHTML, like Gecko) Chrome/114.0.0.0 Safari/537.36"
87.107.144.194 - - [01/Jul/2023:12:46:00 +0330] "GET /img/2023/3/11/8KnxMi8LDF7EUy21.png HTTP/1.1" 404 2315 "https://shop.lifeandme.net/admin" "Mozilla/5.0 (Windows NT 10.0; Win64; x64) AppleWebKit/537.36 (KHTML, like Gecko) Chrome/114.0.0.0 Safari/537.36"
87.107.144.194 - - [01/Jul/2023:12:46:00 +0330] "GET /img/2023/3/11/iaaxfoTcP6wKsTnr.png HTTP/1.1" 404 2315 "https://shop.lifeandme.net/admin" "Mozilla/5.0 (Windows NT 10.0; Win64; x64) AppleWebKit/537.36 (KHTML, like Gecko) Chrome/114.0.0.0 Safari/537.36"
87.107.144.194 - - [01/Jul/2023:12:46:00 +0330] "GET /img/2023/3/11/B5aooZzc2iS5ykAj.png HTTP/1.1" 404 2315 "https://shop.lifeandme.net/admin" "Mozilla/5.0 (Windows NT 10.0; Win64; x64) AppleWebKit/537.36 (KHTML, like Gecko) Chrome/114.0.0.0 Safari/537.36"
87.107.144.194 - - [01/Jul/2023:12:46:00 +0330] "GET /img/2023/3/11/oVeMtVXMpX0qNXpf.png HTTP/1.1" 404 2315 "https://shop.lifeandme.net/admin" "Mozilla/5.0 (Windows NT 10.0; Win64; x64) AppleWebKit/537.36 (KHTML, like Gecko) Chrome/114.0.0.0 Safari/537.36"
87.107.144.194 - - [01/Jul/2023:12:46:00 +0330] "GET /fulltemp/assets/plugins/global/plugins.bundle.css HTTP/1.1" 200 645302 "https://shop.lifeandme.net/admin" "Mozilla/5.0 (Windows NT 10.0; Win64; x64) AppleWebKit/537.36 (KHTML, like Gecko) Chrome/114.0.0.0 Safari/537.36"
87.107.144.194 - - [01/Jul/2023:12:46:00 +0330] "GET /fulltemp/assets/plugins/custom/vis-timeline/vis-timeline.bundle.js HTTP/1.1" 200 653866 "https://shop.lifeandme.net/admin" "Mozilla/5.0 (Windows NT 10.0; Win64; x64) AppleWebKit/537.36 (KHTML, like Gecko) Chrome/114.0.0.0 Safari/537.36"
87.107.144.194 - - [01/Jul/2023:12:46:00 +0330] "GET /img/2023/3/11/osUYhc5hVtwE3DqC.png HTTP/1.1" 404 2315 "https://shop.lifeandme.net/admin" "Mozilla/5.0 (Windows NT 10.0; Win64; x64) AppleWebKit/537.36 (KHTML, like Gecko) Chrome/114.0.0.0 Safari/537.36"
87.107.144.194 - - [01/Jul/2023:12:46:00 +0330] "GET /img/2023/3/13/2rYNxWDMlq9LHDMV.png HTTP/1.1" 404 2315 "https://shop.lifeandme.net/admin" "Mozilla/5.0 (Windows NT 10.0; Win64; x64) AppleWebKit/537.36 (KHTML, like Gecko) Chrome/114.0.0.0 Safari/537.36"
87.107.144.194 - - [01/Jul/2023:12:46:00 +0330] "GET /img/2023/3/13/ravAsIYUiWhgtfGy.png HTTP/1.1" 404 2315 "https://shop.lifeandme.net/admin" "Mozilla/5.0 (Windows NT 10.0; Win64; x64) AppleWebKit/537.36 (KHTML, like Gecko) Chrome/114.0.0.0 Safari/537.36"
87.107.144.194 - - [01/Jul/2023:12:46:00 +0330] "GET /img/2023/3/13/rrzT8H7PnLaxAJyK.png HTTP/1.1" 404 2315 "https://shop.lifeandme.net/admin" "Mozilla/5.0 (Windows NT 10.0; Win64; x64) AppleWebKit/537.36 (KHTML, like Gecko) Chrome/114.0.0.0 Safari/537.36"
87.107.144.194 - - [01/Jul/2023:12:46:00 +0330] "GET /img/2023/3/13/UhcMs0Jpw9bpApOt.png HTTP/1.1" 404 2315 "https://shop.lifeandme.net/admin" "Mozilla/5.0 (Windows NT 10.0; Win64; x64) AppleWebKit/537.36 (KHTML, like Gecko) Chrome/114.0.0.0 Safari/537.36"
87.107.144.194 - - [01/Jul/2023:12:46:00 +0330] "GET /img/face_co.png HTTP/1.1" 200 114576 "https://shop.lifeandme.net/admin" "Mozilla/5.0 (Windows NT 10.0; Win64; x64) AppleWebKit/537.36 (KHTML, like Gecko) Chrome/114.0.0.0 Safari/537.36"
87.107.144.194 - - [01/Jul/2023:12:46:00 +0330] "GET /img/2023/4/10/SDfQ2DXUKPdgYk5Z.png HTTP/1.1" 404 2315 "https://shop.lifeandme.net/admin" "Mozilla/5.0 (Windows NT 10.0; Win64; x64) AppleWebKit/537.36 (KHTML, like Gecko) Chrome/114.0.0.0 Safari/537.36"
87.107.144.194 - - [01/Jul/2023:12:46:00 +0330] "GET /img/2023/3/25/jHa5dzlWCqSPAldM.png HTTP/1.1" 404 2315 "https://shop.lifeandme.net/admin" "Mozilla/5.0 (Windows NT 10.0; Win64; x64) AppleWebKit/537.36 (KHTML, like Gecko) Chrome/114.0.0.0 Safari/537.36"
87.107.144.194 - - [01/Jul/2023:12:46:00 +0330] "GET /fulltemp/assets/media/avatars/300-14.jpg HTTP/1.1" 200 103118 "https://shop.lifeandme.net/admin" "Mozilla/5.0 (Windows NT 10.0; Win64; x64) AppleWebKit/537.36 (KHTML, like Gecko) Chrome/114.0.0.0 Safari/537.36"
87.107.144.194 - - [01/Jul/2023:12:46:00 +0330] "GET /fulltemp/assets/media/avatars/300-2.jpg HTTP/1.1" 200 61584 "https://shop.lifeandme.net/admin" "Mozilla/5.0 (Windows NT 10.0; Win64; x64) AppleWebKit/537.36 (KHTML, like Gecko) Chrome/114.0.0.0 Safari/537.36"
87.107.144.194 - - [01/Jul/2023:12:46:00 +0330] "GET /fulltemp/assets/media/avatars/300-20.jpg HTTP/1.1" 200 84862 "https://shop.lifeandme.net/admin" "Mozilla/5.0 (Windows NT 10.0; Win64; x64) AppleWebKit/537.36 (KHTML, like Gecko) Chrome/114.0.0.0 Safari/537.36"
87.107.144.194 - - [01/Jul/2023:12:46:00 +0330] "GET /fulltemp/assets/media/avatars/300-23.jpg HTTP/1.1" 200 66617 "https://shop.lifeandme.net/admin" "Mozilla/5.0 (Windows NT 10.0; Win64; x64) AppleWebKit/537.36 (KHTML, like Gecko) Chrome/114.0.0.0 Safari/537.36"
87.107.144.194 - - [01/Jul/2023:12:46:01 +0330] "GET /fulltemp/assets/media/svg/files/pdf.svg HTTP/1.1" 200 2039 "https://shop.lifeandme.net/admin" "Mozilla/5.0 (Windows NT 10.0; Win64; x64) AppleWebKit/537.36 (KHTML, like Gecko) Chrome/114.0.0.0 Safari/537.36"
87.107.144.194 - - [01/Jul/2023:12:46:01 +0330] "GET /fulltemp/assets/media/svg/files/doc.svg HTTP/1.1" 200 2203 "https://shop.lifeandme.net/admin" "Mozilla/5.0 (Windows NT 10.0; Win64; x64) AppleWebKit/537.36 (KHTML, like Gecko) Chrome/114.0.0.0 Safari/537.36"
87.107.144.194 - - [01/Jul/2023:12:46:01 +0330] "GET /fulltemp/assets/media/svg/files/css.svg HTTP/1.1" 200 2424 "https://shop.lifeandme.net/admin" "Mozilla/5.0 (Windows NT 10.0; Win64; x64) AppleWebKit/537.36 (KHTML, like Gecko) Chrome/114.0.0.0 Safari/537.36"
87.107.144.194 - - [01/Jul/2023:12:46:01 +0330] "GET /fulltemp/assets/media/stock/600x400/img-29.jpg HTTP/1.1" 200 62889 "https://shop.lifeandme.net/admin" "Mozilla/5.0 (Windows NT 10.0; Win64; x64) AppleWebKit/537.36 (KHTML, like Gecko) Chrome/114.0.0.0 Safari/537.36"
87.107.144.194 - - [01/Jul/2023:12:46:01 +0330] "GET /fulltemp/assets/media/stock/600x400/img-31.jpg HTTP/1.1" 200 45822 "https://shop.lifeandme.net/admin" "Mozilla/5.0 (Windows NT 10.0; Win64; x64) AppleWebKit/537.36 (KHTML, like Gecko) Chrome/114.0.0.0 Safari/537.36"
87.107.144.194 - - [01/Jul/2023:12:46:01 +0330] "GET /fulltemp/assets/media/stock/600x400/img-40.jpg HTTP/1.1" 200 21174 "https://shop.lifeandme.net/admin" "Mozilla/5.0 (Windows NT 10.0; Win64; x64) AppleWebKit/537.36 (KHTML, like Gecko) Chrome/114.0.0.0 Safari/537.36"
87.107.144.194 - - [01/Jul/2023:12:46:01 +0330] "GET /fulltemp/assets/media/avatars/300-4.jpg HTTP/1.1" 200 82045 "https://shop.lifeandme.net/admin" "Mozilla/5.0 (Windows NT 10.0; Win64; x64) AppleWebKit/537.36 (KHTML, like Gecko) Chrome/114.0.0.0 Safari/537.36"
87.107.144.194 - - [01/Jul/2023:12:46:01 +0330] "GET /fulltemp/assets/media/avatars/300-25.jpg HTTP/1.1" 200 80810 "https://shop.lifeandme.net/admin" "Mozilla/5.0 (Windows NT 10.0; Win64; x64) AppleWebKit/537.36 (KHTML, like Gecko) Chrome/114.0.0.0 Safari/537.36"
87.107.144.194 - - [01/Jul/2023:12:46:01 +0330] "GET /fulltemp/assets/media/stock/600x400/img-1.jpg HTTP/1.1" 200 52797 "https://shop.lifeandme.net/admin" "Mozilla/5.0 (Windows NT 10.0; Win64; x64) AppleWebKit/537.36 (KHTML, like Gecko) Chrome/114.0.0.0 Safari/537.36"
87.107.144.194 - - [01/Jul/2023:12:46:01 +0330] "GET /fulltemp/assets/media/stock/600x400/img-3.jpg HTTP/1.1" 200 28946 "https://shop.lifeandme.net/admin" "Mozilla/5.0 (Windows NT 10.0; Win64; x64) AppleWebKit/537.36 (KHTML, like Gecko) Chrome/114.0.0.0 Safari/537.36"
87.107.144.194 - - [01/Jul/2023:12:46:01 +0330] "GET /fulltemp/assets/media/stock/600x400/img-8.jpg HTTP/1.1" 200 57888 "https://shop.lifeandme.net/admin" "Mozilla/5.0 (Windows NT 10.0; Win64; x64) AppleWebKit/537.36 (KHTML, like Gecko) Chrome/114.0.0.0 Safari/537.36"
87.107.144.194 - - [01/Jul/2023:12:46:01 +0330] "GET /fulltemp/assets/media/stock/600x400/img-26.jpg HTTP/1.1" 200 68737 "https://shop.lifeandme.net/admin" "Mozilla/5.0 (Windows NT 10.0; Win64; x64) AppleWebKit/537.36 (KHTML, like Gecko) Chrome/114.0.0.0 Safari/537.36"
87.107.144.194 - - [01/Jul/2023:12:46:01 +0330] "GET /fulltemp/assets/media/stock/600x400/img-21.jpg HTTP/1.1" 200 48403 "https://shop.lifeandme.net/admin" "Mozilla/5.0 (Windows NT 10.0; Win64; x64) AppleWebKit/537.36 (KHTML, like Gecko) Chrome/114.0.0.0 Safari/537.36"
87.107.144.194 - - [01/Jul/2023:12:46:01 +0330] "GET /fulltemp/assets/media/stock/600x400/img-34.jpg HTTP/1.1" 200 46683 "https://shop.lifeandme.net/admin" "Mozilla/5.0 (Windows NT 10.0; Win64; x64) AppleWebKit/537.36 (KHTML, like Gecko) Chrome/114.0.0.0 Safari/537.36"
87.107.144.194 - - [01/Jul/2023:12:46:01 +0330] "GET /fulltemp/assets/media/stock/600x400/img-27.jpg HTTP/1.1" 200 38909 "https://shop.lifeandme.net/admin" "Mozilla/5.0 (Windows NT 10.0; Win64; x64) AppleWebKit/537.36 (KHTML, like Gecko) Chrome/114.0.0.0 Safari/537.36"
87.107.144.194 - - [01/Jul/2023:12:46:01 +0330] "GET /fulltemp/assets/media/svg/brand-logos/google-icon.svg HTTP/1.1" 200 1209 "https://shop.lifeandme.net/admin" "Mozilla/5.0 (Windows NT 10.0; Win64; x64) AppleWebKit/537.36 (KHTML, like Gecko) Chrome/114.0.0.0 Safari/537.36"
87.107.144.194 - - [01/Jul/2023:12:46:01 +0330] "GET /fulltemp/assets/media/avatars/300-6.jpg HTTP/1.1" 200 59007 "https://shop.lifeandme.net/admin" "Mozilla/5.0 (Windows NT 10.0; Win64; x64) AppleWebKit/537.36 (KHTML, like Gecko) Chrome/114.0.0.0 Safari/537.36"
87.107.144.194 - - [01/Jul/2023:12:46:01 +0330] "GET /fulltemp/assets/media/avatars/300-5.jpg HTTP/1.1" 200 70252 "https://shop.lifeandme.net/admin" "Mozilla/5.0 (Windows NT 10.0; Win64; x64) AppleWebKit/537.36 (KHTML, like Gecko) Chrome/114.0.0.0 Safari/537.36"
87.107.144.194 - - [01/Jul/2023:12:46:01 +0330] "GET /fulltemp/assets/media/avatars/300-12.jpg HTTP/1.1" 200 61949 "https://shop.lifeandme.net/admin" "Mozilla/5.0 (Windows NT 10.0; Win64; x64) AppleWebKit/537.36 (KHTML, like Gecko) Chrome/114.0.0.0 Safari/537.36"
87.107.144.194 - - [01/Jul/2023:12:46:01 +0330] "GET /fulltemp/assets/media/avatars/300-9.jpg HTTP/1.1" 200 110349 "https://shop.lifeandme.net/admin" "Mozilla/5.0 (Windows NT 10.0; Win64; x64) AppleWebKit/537.36 (KHTML, like Gecko) Chrome/114.0.0.0 Safari/537.36"
87.107.144.194 - - [01/Jul/2023:12:46:01 +0330] "GET /fulltemp/assets/media/avatars/300-13.jpg HTTP/1.1" 200 89411 "https://shop.lifeandme.net/admin" "Mozilla/5.0 (Windows NT 10.0; Win64; x64) AppleWebKit/537.36 (KHTML, like Gecko) Chrome/114.0.0.0 Safari/537.36"
87.107.144.194 - - [01/Jul/2023:12:46:01 +0330] "GET /fulltemp/assets/media/avatars/300-21.jpg HTTP/1.1" 200 88732 "https://shop.lifeandme.net/admin" "Mozilla/5.0 (Windows NT 10.0; Win64; x64) AppleWebKit/537.36 (KHTML, like Gecko) Chrome/114.0.0.0 Safari/537.36"
87.107.144.194 - - [01/Jul/2023:12:46:01 +0330] "GET /fulltemp/assets/media/illustrations/sketchy-1/1.png HTTP/1.1" 200 11821 "https://shop.lifeandme.net/admin" "Mozilla/5.0 (Windows NT 10.0; Win64; x64) AppleWebKit/537.36 (KHTML, like Gecko) Chrome/114.0.0.0 Safari/537.36"
87.107.144.194 - - [01/Jul/2023:12:46:02 +0330] "GET /fulltemp/assets/plugins/global/plugins.bundle.js HTTP/1.1" 200 3797930 "https://shop.lifeandme.net/admin" "Mozilla/5.0 (Windows NT 10.0; Win64; x64) AppleWebKit/537.36 (KHTML, like Gecko) Chrome/114.0.0.0 Safari/537.36"
87.107.144.194 - - [01/Jul/2023:12:46:02 +0330] "GET /fulltemp/assets/plugins/custom/datatables/datatables.bundle.js HTTP/1.1" 200 2982562 "https://shop.lifeandme.net/admin" "Mozilla/5.0 (Windows NT 10.0; Win64; x64) AppleWebKit/537.36 (KHTML, like Gecko) Chrome/114.0.0.0 Safari/537.36"
87.107.144.194 - - [01/Jul/2023:12:46:02 +0330] "GET /fulltemp/assets/plugins/global/fonts/bootstrap-icons/bootstrap-icons.woff2?24e3eb84d0bcaf83d77f904c78ac1f47 HTTP/1.1" 200 121296 "https://shop.lifeandme.net/fulltemp/assets/plugins/global/plugins.bundle.rtl.css" "Mozilla/5.0 (Windows NT 10.0; Win64; x64) AppleWebKit/537.36 (KHTML, like Gecko) Chrome/114.0.0.0 Safari/537.36"
185.231.115.211 - - [01/Jul/2023:12:46:05 +0330] "GET / HTTP/1.1" 200 35637 "-" "Mozilla/5.0 (Windows NT 10.0; Win64; x64) AppleWebKit/537.36 (KHTML, like Gecko) Chrome/80.0.3987.132 Safari/537.36"
87.107.144.194 - - [01/Jul/2023:12:46:08 +0330] "GET /admin/adminkits?type=all HTTP/1.1" 200 108640 "https://shop.lifeandme.net/admin" "Mozilla/5.0 (Windows NT 10.0; Win64; x64) AppleWebKit/537.36 (KHTML, like Gecko) Chrome/114.0.0.0 Safari/537.36"
87.107.144.194 - - [01/Jul/2023:12:46:19 +0330] "GET /admin/adminkits?type=all&batch_number=&name=&barcode=56101806202663&kitstatuslist_id=&state_id=&phone=&from_buy_date=&to_buy_date=&from_assign_barcode_date=&to_assign_barcode_date=&from_add_kit_date=&to_add_kit_date=&from_get_kit_date=&to_get_kit_date= HTTP/1.1" 200 51425 "https://shop.lifeandme.net/admin/adminkits?type=all" "Mozilla/5.0 (Windows NT 10.0; Win64; x64) AppleWebKit/537.36 (KHTML, like Gecko) Chrome/114.0.0.0 Safari/537.36"
87.107.144.194 - - [01/Jul/2023:12:46:58 +0330] "GET /admin/adminusers HTTP/1.1" 200 48969 "https://shop.lifeandme.net/admin/adminkits?type=all&batch_number=&name=&barcode=56101806202663&kitstatuslist_id=&state_id=&phone=&from_buy_date=&to_buy_date=&from_assign_barcode_date=&to_assign_barcode_date=&from_add_kit_date=&to_add_kit_date=&from_get_kit_date=&to_get_kit_date=" "Mozilla/5.0 (Windows NT 10.0; Win64; x64) AppleWebKit/537.36 (KHTML, like Gecko) Chrome/114.0.0.0 Safari/537.36"
87.107.144.194 - - [01/Jul/2023:12:47:04 +0330] "GET /admin/adminusers?phone=&name=%D9%BE%D8%B1%D9%86%DB%8C%D8%A7%D9%86&email= HTTP/1.1" 200 46020 "https://shop.lifeandme.net/admin/adminusers" "Mozilla/5.0 (Windows NT 10.0; Win64; x64) AppleWebKit/537.36 (KHTML, like Gecko) Chrome/114.0.0.0 Safari/537.36"
185.231.115.211 - - [01/Jul/2023:12:47:04 +0330] "GET / HTTP/1.1" 200 35637 "-" "Mozilla/5.0 (Windows NT 10.0; Win64; x64) AppleWebKit/537.36 (KHTML, like Gecko) Chrome/80.0.3987.132 Safari/537.36"
87.107.144.194 - - [01/Jul/2023:12:47:08 +0330] "GET /admin/profile/726 HTTP/1.1" 200 45680 "https://shop.lifeandme.net/admin/adminusers?phone=&name=%D9%BE%D8%B1%D9%86%DB%8C%D8%A7%D9%86&email=" "Mozilla/5.0 (Windows NT 10.0; Win64; x64) AppleWebKit/537.36 (KHTML, like Gecko) Chrome/114.0.0.0 Safari/537.36"
87.107.144.194 - - [01/Jul/2023:12:47:13 +0330] "GET /admin/adminorders/1158/edit HTTP/1.1" 200 49031 "https://shop.lifeandme.net/admin/profile/726" "Mozilla/5.0 (Windows NT 10.0; Win64; x64) AppleWebKit/537.36 (KHTML, like Gecko) Chrome/114.0.0.0 Safari/537.36"
87.107.144.194 - - [01/Jul/2023:12:47:22 +0330] "POST /admin/specific-login?user_id=726 HTTP/1.1" 302 366 "https://shop.lifeandme.net/admin/adminusers?phone=&name=%D9%BE%D8%B1%D9%86%DB%8C%D8%A7%D9%86&email=" "Mozilla/5.0 (Windows NT 10.0; Win64; x64) AppleWebKit/537.36 (KHTML, like Gecko) Chrome/114.0.0.0 Safari/537.36"
87.107.144.194 - - [01/Jul/2023:12:47:22 +0330] "GET / HTTP/1.1" 200 37112 "https://shop.lifeandme.net/admin/adminusers?phone=&name=%D9%BE%D8%B1%D9%86%DB%8C%D8%A7%D9%86&email=" "Mozilla/5.0 (Windows NT 10.0; Win64; x64) AppleWebKit/537.36 (KHTML, like Gecko) Chrome/114.0.0.0 Safari/537.36"
87.107.144.194 - - [01/Jul/2023:12:47:33 +0330] "GET /kits?user=726 HTTP/1.1" 200 40707 "https://shop.lifeandme.net/" "Mozilla/5.0 (Windows NT 10.0; Win64; x64) AppleWebKit/537.36 (KHTML, like Gecko) Chrome/114.0.0.0 Safari/537.36"
87.107.144.194 - - [01/Jul/2023:12:47:36 +0330] "GET /questioner?barcode=56101801074605 HTTP/1.1" 200 39882 "https://shop.lifeandme.net/kits?user=726" "Mozilla/5.0 (Windows NT 10.0; Win64; x64) AppleWebKit/537.36 (KHTML, like Gecko) Chrome/114.0.0.0 Safari/537.36"
185.231.115.211 - - [01/Jul/2023:12:48:04 +0330] "GET / HTTP/1.1" 200 35637 "-" "Mozilla/5.0 (Windows NT 10.0; Win64; x64) AppleWebKit/537.36 (KHTML, like Gecko) Chrome/80.0.3987.132 Safari/537.36"
185.231.115.211 - - [01/Jul/2023:12:49:04 +0330] "GET / HTTP/1.1" 200 35637 "-" "Mozilla/5.0 (Windows NT 10.0; Win64; x64) AppleWebKit/537.36 (KHTML, like Gecko) Chrome/80.0.3987.132 Safari/537.36"
87.107.144.194 - - [01/Jul/2023:12:49:08 +0330] "GET /logoutt HTTP/1.1" 302 366 "https://shop.lifeandme.net/kits?user=726" "Mozilla/5.0 (Windows NT 10.0; Win64; x64) AppleWebKit/537.36 (KHTML, like Gecko) Chrome/114.0.0.0 Safari/537.36"
87.107.144.194 - - [01/Jul/2023:12:49:09 +0330] "GET / HTTP/1.1" 200 35971 "https://shop.lifeandme.net/kits?user=726" "Mozilla/5.0 (Windows NT 10.0; Win64; x64) AppleWebKit/537.36 (KHTML, like Gecko) Chrome/114.0.0.0 Safari/537.36"
87.107.144.194 - - [01/Jul/2023:12:49:14 +0330] "GET /%D8%B4%DB%8C%D8%A6%D9%87%D8%AF HTTP/1.1" 404 2315 "-" "Mozilla/5.0 (Windows NT 10.0; Win64; x64) AppleWebKit/537.36 (KHTML, like Gecko) Chrome/114.0.0.0 Safari/537.36"
87.107.144.194 - - [01/Jul/2023:12:49:14 +0330] "GET /favicon.ico HTTP/1.1" 200 0 "https://shop.lifeandme.net/%D8%B4%DB%8C%D8%A6%D9%87%D8%AF" "Mozilla/5.0 (Windows NT 10.0; Win64; x64) AppleWebKit/537.36 (KHTML, like Gecko) Chrome/114.0.0.0 Safari/537.36"
87.107.144.194 - - [01/Jul/2023:12:49:17 +0330] "GET /admin HTTP/1.1" 302 390 "-" "Mozilla/5.0 (Windows NT 10.0; Win64; x64) AppleWebKit/537.36 (KHTML, like Gecko) Chrome/114.0.0.0 Safari/537.36"
87.107.144.194 - - [01/Jul/2023:12:49:17 +0330] "GET /login HTTP/1.1" 302 410 "-" "Mozilla/5.0 (Windows NT 10.0; Win64; x64) AppleWebKit/537.36 (KHTML, like Gecko) Chrome/114.0.0.0 Safari/537.36"
87.107.144.194 - - [01/Jul/2023:12:49:17 +0330] "GET /auth/phone HTTP/1.1" 200 3045 "-" "Mozilla/5.0 (Windows NT 10.0; Win64; x64) AppleWebKit/537.36 (KHTML, like Gecko) Chrome/114.0.0.0 Safari/537.36"
87.107.144.194 - - [01/Jul/2023:12:49:21 +0330] "POST /auth/phone HTTP/1.1" 302 410 "https://shop.lifeandme.net/auth/phone" "Mozilla/5.0 (Windows NT 10.0; Win64; x64) AppleWebKit/537.36 (KHTML, like Gecko) Chrome/114.0.0.0 Safari/537.36"
87.107.144.194 - - [01/Jul/2023:12:49:21 +0330] "GET /auth/token HTTP/1.1" 200 3815 "https://shop.lifeandme.net/auth/phone" "Mozilla/5.0 (Windows NT 10.0; Win64; x64) AppleWebKit/537.36 (KHTML, like Gecko) Chrome/114.0.0.0 Safari/537.36"
87.107.144.194 - - [01/Jul/2023:12:49:55 +0330] "POST /auth/token HTTP/1.1" 302 410 "https://shop.lifeandme.net/auth/token" "Mozilla/5.0 (Windows NT 10.0; Win64; x64) AppleWebKit/537.36 (KHTML, like Gecko) Chrome/114.0.0.0 Safari/537.36"
87.107.144.194 - - [01/Jul/2023:12:49:55 +0330] "GET /auth/token HTTP/1.1" 302 386 "https://shop.lifeandme.net/auth/token" "Mozilla/5.0 (Windows NT 10.0; Win64; x64) AppleWebKit/537.36 (KHTML, like Gecko) Chrome/114.0.0.0 Safari/537.36"
87.107.144.194 - - [01/Jul/2023:12:49:55 +0330] "GET /home HTTP/1.1" 302 418 "https://shop.lifeandme.net/auth/token" "Mozilla/5.0 (Windows NT 10.0; Win64; x64) AppleWebKit/537.36 (KHTML, like Gecko) Chrome/114.0.0.0 Safari/537.36"
87.107.144.194 - - [01/Jul/2023:12:49:55 +0330] "GET /users/1/edit HTTP/1.1" 200 40526 "https://shop.lifeandme.net/auth/token" "Mozilla/5.0 (Windows NT 10.0; Win64; x64) AppleWebKit/537.36 (KHTML, like Gecko) Chrome/114.0.0.0 Safari/537.36"
87.107.144.194 - - [01/Jul/2023:12:49:59 +0330] "GET /admin HTTP/1.1" 200 58394 "-" "Mozilla/5.0 (Windows NT 10.0; Win64; x64) AppleWebKit/537.36 (KHTML, like Gecko) Chrome/114.0.0.0 Safari/537.36"
87.107.144.194 - - [01/Jul/2023:12:49:59 +0330] "GET /img/2023/3/8/XnBXZoldArncxHlv.png HTTP/1.1" 404 2315 "https://shop.lifeandme.net/admin" "Mozilla/5.0 (Windows NT 10.0; Win64; x64) AppleWebKit/537.36 (KHTML, like Gecko) Chrome/114.0.0.0 Safari/537.36"
87.107.144.194 - - [01/Jul/2023:12:49:59 +0330] "GET /img/2023/3/11/h01EWOmofm6uKFS3.png HTTP/1.1" 404 2315 "https://shop.lifeandme.net/admin" "Mozilla/5.0 (Windows NT 10.0; Win64; x64) AppleWebKit/537.36 (KHTML, like Gecko) Chrome/114.0.0.0 Safari/537.36"
87.107.144.194 - - [01/Jul/2023:12:49:59 +0330] "GET /img/2023/3/11/jMcTLECMcVHSuwCH.png HTTP/1.1" 404 2315 "https://shop.lifeandme.net/admin" "Mozilla/5.0 (Windows NT 10.0; Win64; x64) AppleWebKit/537.36 (KHTML, like Gecko) Chrome/114.0.0.0 Safari/537.36"
87.107.144.194 - - [01/Jul/2023:12:49:59 +0330] "GET /img/2023/3/11/TibO7wdzpKxHEaj2.png HTTP/1.1" 404 2315 "https://shop.lifeandme.net/admin" "Mozilla/5.0 (Windows NT 10.0; Win64; x64) AppleWebKit/537.36 (KHTML, like Gecko) Chrome/114.0.0.0 Safari/537.36"
87.107.144.194 - - [01/Jul/2023:12:50:00 +0330] "GET /img/2023/3/11/8KnxMi8LDF7EUy21.png HTTP/1.1" 404 2315 "https://shop.lifeandme.net/admin" "Mozilla/5.0 (Windows NT 10.0; Win64; x64) AppleWebKit/537.36 (KHTML, like Gecko) Chrome/114.0.0.0 Safari/537.36"
87.107.144.194 - - [01/Jul/2023:12:50:00 +0330] "GET /img/2023/3/11/iaaxfoTcP6wKsTnr.png HTTP/1.1" 404 2315 "https://shop.lifeandme.net/admin" "Mozilla/5.0 (Windows NT 10.0; Win64; x64) AppleWebKit/537.36 (KHTML, like Gecko) Chrome/114.0.0.0 Safari/537.36"
87.107.144.194 - - [01/Jul/2023:12:50:00 +0330] "GET /img/2023/3/11/oVeMtVXMpX0qNXpf.png HTTP/1.1" 404 2315 "https://shop.lifeandme.net/admin" "Mozilla/5.0 (Windows NT 10.0; Win64; x64) AppleWebKit/537.36 (KHTML, like Gecko) Chrome/114.0.0.0 Safari/537.36"
87.107.144.194 - - [01/Jul/2023:12:50:00 +0330] "GET /img/2023/3/11/B5aooZzc2iS5ykAj.png HTTP/1.1" 404 2315 "https://shop.lifeandme.net/admin" "Mozilla/5.0 (Windows NT 10.0; Win64; x64) AppleWebKit/537.36 (KHTML, like Gecko) Chrome/114.0.0.0 Safari/537.36"
87.107.144.194 - - [01/Jul/2023:12:50:00 +0330] "GET /img/2023/3/11/osUYhc5hVtwE3DqC.png HTTP/1.1" 404 2315 "https://shop.lifeandme.net/admin" "Mozilla/5.0 (Windows NT 10.0; Win64; x64) AppleWebKit/537.36 (KHTML, like Gecko) Chrome/114.0.0.0 Safari/537.36"
87.107.144.194 - - [01/Jul/2023:12:50:00 +0330] "GET /img/2023/3/13/2rYNxWDMlq9LHDMV.png HTTP/1.1" 404 2315 "https://shop.lifeandme.net/admin" "Mozilla/5.0 (Windows NT 10.0; Win64; x64) AppleWebKit/537.36 (KHTML, like Gecko) Chrome/114.0.0.0 Safari/537.36"
87.107.144.194 - - [01/Jul/2023:12:50:00 +0330] "GET /img/2023/3/13/ravAsIYUiWhgtfGy.png HTTP/1.1" 404 2315 "https://shop.lifeandme.net/admin" "Mozilla/5.0 (Windows NT 10.0; Win64; x64) AppleWebKit/537.36 (KHTML, like Gecko) Chrome/114.0.0.0 Safari/537.36"
87.107.144.194 - - [01/Jul/2023:12:50:00 +0330] "GET /img/2023/3/13/rrzT8H7PnLaxAJyK.png HTTP/1.1" 404 2315 "https://shop.lifeandme.net/admin" "Mozilla/5.0 (Windows NT 10.0; Win64; x64) AppleWebKit/537.36 (KHTML, like Gecko) Chrome/114.0.0.0 Safari/537.36"
87.107.144.194 - - [01/Jul/2023:12:50:00 +0330] "GET /img/2023/3/13/UhcMs0Jpw9bpApOt.png HTTP/1.1" 404 2315 "https://shop.lifeandme.net/admin" "Mozilla/5.0 (Windows NT 10.0; Win64; x64) AppleWebKit/537.36 (KHTML, like Gecko) Chrome/114.0.0.0 Safari/537.36"
87.107.144.194 - - [01/Jul/2023:12:50:00 +0330] "GET /img/2023/3/25/jHa5dzlWCqSPAldM.png HTTP/1.1" 404 2315 "https://shop.lifeandme.net/admin" "Mozilla/5.0 (Windows NT 10.0; Win64; x64) AppleWebKit/537.36 (KHTML, like Gecko) Chrome/114.0.0.0 Safari/537.36"
87.107.144.194 - - [01/Jul/2023:12:50:00 +0330] "GET /img/2023/4/10/SDfQ2DXUKPdgYk5Z.png HTTP/1.1" 404 2315 "https://shop.lifeandme.net/admin" "Mozilla/5.0 (Windows NT 10.0; Win64; x64) AppleWebKit/537.36 (KHTML, like Gecko) Chrome/114.0.0.0 Safari/537.36"
185.231.115.211 - - [01/Jul/2023:12:50:06 +0330] "GET / HTTP/1.1" 200 35637 "-" "Mozilla/5.0 (Windows NT 10.0; Win64; x64) AppleWebKit/537.36 (KHTML, like Gecko) Chrome/80.0.3987.132 Safari/537.36"
87.107.144.194 - - [01/Jul/2023:12:50:10 +0330] "GET /admin/adminkits?type=all HTTP/1.1" 200 108681 "https://shop.lifeandme.net/admin" "Mozilla/5.0 (Windows NT 10.0; Win64; x64) AppleWebKit/537.36 (KHTML, like Gecko) Chrome/114.0.0.0 Safari/537.36"
87.107.144.194 - - [01/Jul/2023:12:50:15 +0330] "GET /admin/adminkits?type=all&batch_number=&name=&barcode=56101801074605&kitstatuslist_id=&state_id=&phone=&from_buy_date=&to_buy_date=&from_assign_barcode_date=&to_assign_barcode_date=&from_add_kit_date=&to_add_kit_date=&from_get_kit_date=&to_get_kit_date= HTTP/1.1" 200 53982 "https://shop.lifeandme.net/admin/adminkits?type=all" "Mozilla/5.0 (Windows NT 10.0; Win64; x64) AppleWebKit/537.36 (KHTML, like Gecko) Chrome/114.0.0.0 Safari/537.36"
87.107.144.194 - - [01/Jul/2023:12:50:48 +0330] "GET /admin/adminkits?type=all HTTP/1.1" 200 108681 "https://shop.lifeandme.net/admin/adminkits?type=all&batch_number=&name=&barcode=56101801074605&kitstatuslist_id=&state_id=&phone=&from_buy_date=&to_buy_date=&from_assign_barcode_date=&to_assign_barcode_date=&from_add_kit_date=&to_add_kit_date=&from_get_kit_date=&to_get_kit_date=" "Mozilla/5.0 (Windows NT 10.0; Win64; x64) AppleWebKit/537.36 (KHTML, like Gecko) Chrome/114.0.0.0 Safari/537.36"
87.107.144.194 - - [01/Jul/2023:12:50:56 +0330] "GET /admin/adminkits?type=all&batch_number=&name=%D9%BE%D8%B1%D9%86%DB%8C%D8%A7%D9%86&barcode=&kitstatuslist_id=&state_id=&phone=&from_buy_date=&to_buy_date=&from_assign_barcode_date=&to_assign_barcode_date=&from_add_kit_date=&to_add_kit_date=&from_get_kit_date=&to_get_kit_date= HTTP/1.1" 200 56448 "https://shop.lifeandme.net/admin/adminkits?type=all" "Mozilla/5.0 (Windows NT 10.0; Win64; x64) AppleWebKit/537.36 (KHTML, like Gecko) Chrome/114.0.0.0 Safari/537.36"
185.231.115.211 - - [01/Jul/2023:12:51:04 +0330] "GET / HTTP/1.1" 200 35637 "-" "Mozilla/5.0 (Windows NT 10.0; Win64; x64) AppleWebKit/537.36 (KHTML, like Gecko) Chrome/80.0.3987.132 Safari/537.36"
185.231.115.211 - - [01/Jul/2023:12:52:05 +0330] "GET / HTTP/1.1" 200 35637 "-" "Mozilla/5.0 (Windows NT 10.0; Win64; x64) AppleWebKit/537.36 (KHTML, like Gecko) Chrome/80.0.3987.132 Safari/537.36"
87.107.144.194 - - [01/Jul/2023:12:52:16 +0330] "GET /admin/adminkits?type=all&batch_number=&name=&barcode=56101806202663&kitstatuslist_id=&state_id=&phone=&from_buy_date=&to_buy_date=&from_assign_barcode_date=&to_assign_barcode_date=&from_add_kit_date=&to_add_kit_date=&from_get_kit_date=&to_get_kit_date= HTTP/1.1" 200 51433 "https://shop.lifeandme.net/admin/adminkits?type=all&batch_number=&name=&barcode=56101801074605&kitstatuslist_id=&state_id=&phone=&from_buy_date=&to_buy_date=&from_assign_barcode_date=&to_assign_barcode_date=&from_add_kit_date=&to_add_kit_date=&from_get_kit_date=&to_get_kit_date=" "Mozilla/5.0 (Windows NT 10.0; Win64; x64) AppleWebKit/537.36 (KHTML, like Gecko) Chrome/114.0.0.0 Safari/537.36"
87.107.144.194 - - [01/Jul/2023:12:52:43 +0330] "GET /admin/adminusers HTTP/1.1" 200 48971 "https://shop.lifeandme.net/admin/adminorders/1158/edit" "Mozilla/5.0 (Windows NT 10.0; Win64; x64) AppleWebKit/537.36 (KHTML, like Gecko) Chrome/114.0.0.0 Safari/537.36"
87.107.144.194 - - [01/Jul/2023:12:52:45 +0330] "GET /admin/adminusers?phone=&name=%09+%D9%85%D8%B1%DB%8C%D9%85+%D9%BE%D8%B1%D9%86%DB%8C%D8%A7%D9%86&email= HTTP/1.1" 200 44485 "https://shop.lifeandme.net/admin/adminusers" "Mozilla/5.0 (Windows NT 10.0; Win64; x64) AppleWebKit/537.36 (KHTML, like Gecko) Chrome/114.0.0.0 Safari/537.36"
87.107.144.194 - - [01/Jul/2023:12:52:48 +0330] "GET /admin/profile/726 HTTP/1.1" 200 45682 "https://shop.lifeandme.net/admin/adminusers?phone=&name=%09+%D9%85%D8%B1%DB%8C%D9%85+%D9%BE%D8%B1%D9%86%DB%8C%D8%A7%D9%86&email=" "Mozilla/5.0 (Windows NT 10.0; Win64; x64) AppleWebKit/537.36 (KHTML, like Gecko) Chrome/114.0.0.0 Safari/537.36"
87.107.144.194 - - [01/Jul/2023:12:52:56 +0330] "GET /admin/profile/726/order-info HTTP/1.1" 200 44172 "https://shop.lifeandme.net/admin/profile/726" "Mozilla/5.0 (Windows NT 10.0; Win64; x64) AppleWebKit/537.36 (KHTML, like Gecko) Chrome/114.0.0.0 Safari/537.36"
87.107.144.194 - - [01/Jul/2023:12:52:58 +0330] "GET /admin/adminorders/1158/edit HTTP/1.1" 200 49032 "https://shop.lifeandme.net/admin/profile/726/order-info" "Mozilla/5.0 (Windows NT 10.0; Win64; x64) AppleWebKit/537.36 (KHTML, like Gecko) Chrome/114.0.0.0 Safari/537.36"
185.231.115.211 - - [01/Jul/2023:12:53:04 +0330] "GET / HTTP/1.1" 200 35637 "-" "Mozilla/5.0 (Windows NT 10.0; Win64; x64) AppleWebKit/537.36 (KHTML, like Gecko) Chrome/80.0.3987.132 Safari/537.36"
87.107.144.194 - - [01/Jul/2023:12:53:58 +0330] "GET /admin/adminkits?type=all&batch_number=&name=%D9%BE%D8%B1%D9%86%DB%8C%D8%A7%D9%86&barcode=56101806202663&kitstatuslist_id=&state_id=&phone=&from_buy_date=&to_buy_date=&from_assign_barcode_date=&to_assign_barcode_date=&from_add_kit_date=&to_add_kit_date=&from_get_kit_date=&to_get_kit_date= HTTP/1.1" 200 51609 "https://shop.lifeandme.net/admin/adminkits?type=all&batch_number=&name=%D9%BE%D8%B1%D9%86%DB%8C%D8%A7%D9%86&barcode=&kitstatuslist_id=&state_id=&phone=&from_buy_date=&to_buy_date=&from_assign_barcode_date=&to_assign_barcode_date=&from_add_kit_date=&to_add_kit_date=&from_get_kit_date=&to_get_kit_date=" "Mozilla/5.0 (Windows NT 10.0; Win64; x64) AppleWebKit/537.36 (KHTML, like Gecko) Chrome/114.0.0.0 Safari/537.36"
185.231.115.211 - - [01/Jul/2023:12:54:06 +0330] "GET / HTTP/1.1" 200 35637 "-" "Mozilla/5.0 (Windows NT 10.0; Win64; x64) AppleWebKit/537.36 (KHTML, like Gecko) Chrome/80.0.3987.132 Safari/537.36"
87.107.144.194 - - [01/Jul/2023:12:54:14 +0330] "POST /admin/specific-login?user_id=726 HTTP/1.1" 302 366 "https://shop.lifeandme.net/admin/adminusers?phone=&name=%09+%D9%85%D8%B1%DB%8C%D9%85+%D9%BE%D8%B1%D9%86%DB%8C%D8%A7%D9%86&email=" "Mozilla/5.0 (Windows NT 10.0; Win64; x64) AppleWebKit/537.36 (KHTML, like Gecko) Chrome/114.0.0.0 Safari/537.36"
87.107.144.194 - - [01/Jul/2023:12:54:15 +0330] "GET / HTTP/1.1" 200 37115 "https://shop.lifeandme.net/admin/adminusers?phone=&name=%09+%D9%85%D8%B1%DB%8C%D9%85+%D9%BE%D8%B1%D9%86%DB%8C%D8%A7%D9%86&email=" "Mozilla/5.0 (Windows NT 10.0; Win64; x64) AppleWebKit/537.36 (KHTML, like Gecko) Chrome/114.0.0.0 Safari/537.36"
87.107.144.194 - - [01/Jul/2023:12:54:18 +0330] "GET /kits?user=726 HTTP/1.1" 200 40710 "https://shop.lifeandme.net/" "Mozilla/5.0 (Windows NT 10.0; Win64; x64) AppleWebKit/537.36 (KHTML, like Gecko) Chrome/114.0.0.0 Safari/537.36"
87.107.144.194 - - [01/Jul/2023:12:54:24 +0330] "GET /admin/adminkits?type=all&batch_number=&name=%D9%BE%D8%B1%D9%86%DB%8C%D8%A7%D9%86&barcode=56101801074605&kitstatuslist_id=&state_id=&phone=&from_buy_date=&to_buy_date=&from_assign_barcode_date=&to_assign_barcode_date=&from_add_kit_date=&to_add_kit_date=&from_get_kit_date=&to_get_kit_date= HTTP/1.1" 403 2312 "https://shop.lifeandme.net/admin/adminkits?type=all&batch_number=&name=%D9%BE%D8%B1%D9%86%DB%8C%D8%A7%D9%86&barcode=56101806202663&kitstatuslist_id=&state_id=&phone=&from_buy_date=&to_buy_date=&from_assign_barcode_date=&to_assign_barcode_date=&from_add_kit_date=&to_add_kit_date=&from_get_kit_date=&to_get_kit_date=" "Mozilla/5.0 (Windows NT 10.0; Win64; x64) AppleWebKit/537.36 (KHTML, like Gecko) Chrome/114.0.0.0 Safari/537.36"
185.231.115.211 - - [01/Jul/2023:12:55:05 +0330] "GET / HTTP/1.1" 200 35637 "-" "Mozilla/5.0 (Windows NT 10.0; Win64; x64) AppleWebKit/537.36 (KHTML, like Gecko) Chrome/80.0.3987.132 Safari/537.36"
87.107.144.194 - - [01/Jul/2023:12:55:18 +0330] "GET /questioner?barcode=56101801074605 HTTP/1.1" 200 39884 "https://shop.lifeandme.net/kits?user=726" "Mozilla/5.0 (Windows NT 10.0; Win64; x64) AppleWebKit/537.36 (KHTML, like Gecko) Chrome/114.0.0.0 Safari/537.36"
87.107.144.194 - - [01/Jul/2023:12:55:19 +0330] "GET /kitquestioners/create?barcode=56101801074605&product=1 HTTP/1.1" 200 40425 "https://shop.lifeandme.net/questioner?barcode=56101801074605" "Mozilla/5.0 (Windows NT 10.0; Win64; x64) AppleWebKit/537.36 (KHTML, like Gecko) Chrome/114.0.0.0 Safari/537.36"
87.107.144.194 - - [01/Jul/2023:12:55:23 +0330] "GET /kitquestioners/create?barcode=56101801074605&product=2 HTTP/1.1" 200 43241 "https://shop.lifeandme.net/questioner?barcode=56101801074605" "Mozilla/5.0 (Windows NT 10.0; Win64; x64) AppleWebKit/537.36 (KHTML, like Gecko) Chrome/114.0.0.0 Safari/537.36"
185.231.115.211 - - [01/Jul/2023:12:56:05 +0330] "GET / HTTP/1.1" 200 35637 "-" "Mozilla/5.0 (Windows NT 10.0; Win64; x64) AppleWebKit/537.36 (KHTML, like Gecko) Chrome/80.0.3987.132 Safari/537.36"
87.107.144.194 - - [01/Jul/2023:12:56:22 +0330] "GET /add-kit HTTP/1.1" 200 39453 "https://shop.lifeandme.net/kits?user=726" "Mozilla/5.0 (Windows NT 10.0; Win64; x64) AppleWebKit/537.36 (KHTML, like Gecko) Chrome/114.0.0.0 Safari/537.36"
87.107.144.194 - - [01/Jul/2023:12:56:24 +0330] "GET /kits?user=726 HTTP/1.1" 200 40710 "https://shop.lifeandme.net/add-kit" "Mozilla/5.0 (Windows NT 10.0; Win64; x64) AppleWebKit/537.36 (KHTML, like Gecko) Chrome/114.0.0.0 Safari/537.36"
87.107.144.194 - - [01/Jul/2023:12:56:37 +0330] "GET /admin HTTP/1.1" 403 2312 "-" "Mozilla/5.0 (Windows NT 10.0; Win64; x64) AppleWebKit/537.36 (KHTML, like Gecko) Chrome/114.0.0.0 Safari/537.36"
87.107.144.194 - - [01/Jul/2023:12:56:38 +0330] "GET /admin HTTP/1.1" 403 2312 "-" "Mozilla/5.0 (Windows NT 10.0; Win64; x64) AppleWebKit/537.36 (KHTML, like Gecko) Chrome/114.0.0.0 Safari/537.36"
87.107.144.194 - - [01/Jul/2023:12:56:40 +0330] "GET /admin HTTP/1.1" 403 2312 "-" "Mozilla/5.0 (Windows NT 10.0; Win64; x64) AppleWebKit/537.36 (KHTML, like Gecko) Chrome/114.0.0.0 Safari/537.36"
87.107.144.194 - - [01/Jul/2023:12:56:43 +0330] "GET /logoutt HTTP/1.1" 302 366 "https://shop.lifeandme.net/kits?user=726" "Mozilla/5.0 (Windows NT 10.0; Win64; x64) AppleWebKit/537.36 (KHTML, like Gecko) Chrome/114.0.0.0 Safari/537.36"
87.107.144.194 - - [01/Jul/2023:12:56:45 +0330] "GET / HTTP/1.1" 200 35971 "https://shop.lifeandme.net/kits?user=726" "Mozilla/5.0 (Windows NT 10.0; Win64; x64) AppleWebKit/537.36 (KHTML, like Gecko) Chrome/114.0.0.0 Safari/537.36"
87.107.144.194 - - [01/Jul/2023:12:56:45 +0330] "GET /admin HTTP/1.1" 302 390 "-" "Mozilla/5.0 (Windows NT 10.0; Win64; x64) AppleWebKit/537.36 (KHTML, like Gecko) Chrome/114.0.0.0 Safari/537.36"
87.107.144.194 - - [01/Jul/2023:12:56:45 +0330] "GET /login HTTP/1.1" 302 410 "-" "Mozilla/5.0 (Windows NT 10.0; Win64; x64) AppleWebKit/537.36 (KHTML, like Gecko) Chrome/114.0.0.0 Safari/537.36"
87.107.144.194 - - [01/Jul/2023:12:56:45 +0330] "GET /auth/phone HTTP/1.1" 200 3046 "-" "Mozilla/5.0 (Windows NT 10.0; Win64; x64) AppleWebKit/537.36 (KHTML, like Gecko) Chrome/114.0.0.0 Safari/537.36"
87.107.144.194 - - [01/Jul/2023:12:56:51 +0330] "POST /auth/phone HTTP/1.1" 302 410 "https://shop.lifeandme.net/auth/phone" "Mozilla/5.0 (Windows NT 10.0; Win64; x64) AppleWebKit/537.36 (KHTML, like Gecko) Chrome/114.0.0.0 Safari/537.36"
87.107.144.194 - - [01/Jul/2023:12:56:51 +0330] "GET /auth/token HTTP/1.1" 200 3816 "https://shop.lifeandme.net/auth/phone" "Mozilla/5.0 (Windows NT 10.0; Win64; x64) AppleWebKit/537.36 (KHTML, like Gecko) Chrome/114.0.0.0 Safari/537.36"
185.231.115.211 - - [01/Jul/2023:12:57:04 +0330] "GET / HTTP/1.1" 200 35637 "-" "Mozilla/5.0 (Windows NT 10.0; Win64; x64) AppleWebKit/537.36 (KHTML, like Gecko) Chrome/80.0.3987.132 Safari/537.36"
87.107.144.194 - - [01/Jul/2023:12:57:12 +0330] "POST /auth/token HTTP/1.1" 302 410 "https://shop.lifeandme.net/auth/token" "Mozilla/5.0 (Windows NT 10.0; Win64; x64) AppleWebKit/537.36 (KHTML, like Gecko) Chrome/114.0.0.0 Safari/537.36"
87.107.144.194 - - [01/Jul/2023:12:57:12 +0330] "GET /auth/token HTTP/1.1" 302 386 "https://shop.lifeandme.net/auth/token" "Mozilla/5.0 (Windows NT 10.0; Win64; x64) AppleWebKit/537.36 (KHTML, like Gecko) Chrome/114.0.0.0 Safari/537.36"
87.107.144.194 - - [01/Jul/2023:12:57:12 +0330] "GET /home HTTP/1.1" 302 418 "https://shop.lifeandme.net/auth/token" "Mozilla/5.0 (Windows NT 10.0; Win64; x64) AppleWebKit/537.36 (KHTML, like Gecko) Chrome/114.0.0.0 Safari/537.36"
87.107.144.194 - - [01/Jul/2023:12:57:13 +0330] "GET /users/1/edit HTTP/1.1" 200 40526 "https://shop.lifeandme.net/auth/token" "Mozilla/5.0 (Windows NT 10.0; Win64; x64) AppleWebKit/537.36 (KHTML, like Gecko) Chrome/114.0.0.0 Safari/537.36"
87.107.144.194 - - [01/Jul/2023:12:57:18 +0330] "GET /admin HTTP/1.1" 200 58392 "-" "Mozilla/5.0 (Windows NT 10.0; Win64; x64) AppleWebKit/537.36 (KHTML, like Gecko) Chrome/114.0.0.0 Safari/537.36"
87.107.144.194 - - [01/Jul/2023:12:57:18 +0330] "GET /img/2023/3/11/h01EWOmofm6uKFS3.png HTTP/1.1" 404 2315 "https://shop.lifeandme.net/admin" "Mozilla/5.0 (Windows NT 10.0; Win64; x64) AppleWebKit/537.36 (KHTML, like Gecko) Chrome/114.0.0.0 Safari/537.36"
87.107.144.194 - - [01/Jul/2023:12:57:18 +0330] "GET /img/2023/3/8/XnBXZoldArncxHlv.png HTTP/1.1" 404 2315 "https://shop.lifeandme.net/admin" "Mozilla/5.0 (Windows NT 10.0; Win64; x64) AppleWebKit/537.36 (KHTML, like Gecko) Chrome/114.0.0.0 Safari/537.36"
87.107.144.194 - - [01/Jul/2023:12:57:18 +0330] "GET /img/2023/3/11/jMcTLECMcVHSuwCH.png HTTP/1.1" 404 2315 "https://shop.lifeandme.net/admin" "Mozilla/5.0 (Windows NT 10.0; Win64; x64) AppleWebKit/537.36 (KHTML, like Gecko) Chrome/114.0.0.0 Safari/537.36"
87.107.144.194 - - [01/Jul/2023:12:57:18 +0330] "GET /img/2023/3/11/TibO7wdzpKxHEaj2.png HTTP/1.1" 404 2315 "https://shop.lifeandme.net/admin" "Mozilla/5.0 (Windows NT 10.0; Win64; x64) AppleWebKit/537.36 (KHTML, like Gecko) Chrome/114.0.0.0 Safari/537.36"
87.107.144.194 - - [01/Jul/2023:12:57:18 +0330] "GET /img/2023/3/11/iaaxfoTcP6wKsTnr.png HTTP/1.1" 404 2315 "https://shop.lifeandme.net/admin" "Mozilla/5.0 (Windows NT 10.0; Win64; x64) AppleWebKit/537.36 (KHTML, like Gecko) Chrome/114.0.0.0 Safari/537.36"
87.107.144.194 - - [01/Jul/2023:12:57:18 +0330] "GET /img/2023/3/11/8KnxMi8LDF7EUy21.png HTTP/1.1" 404 2315 "https://shop.lifeandme.net/admin" "Mozilla/5.0 (Windows NT 10.0; Win64; x64) AppleWebKit/537.36 (KHTML, like Gecko) Chrome/114.0.0.0 Safari/537.36"
87.107.144.194 - - [01/Jul/2023:12:57:18 +0330] "GET /img/2023/3/11/oVeMtVXMpX0qNXpf.png HTTP/1.1" 404 2315 "https://shop.lifeandme.net/admin" "Mozilla/5.0 (Windows NT 10.0; Win64; x64) AppleWebKit/537.36 (KHTML, like Gecko) Chrome/114.0.0.0 Safari/537.36"
87.107.144.194 - - [01/Jul/2023:12:57:18 +0330] "GET /img/2023/3/11/B5aooZzc2iS5ykAj.png HTTP/1.1" 404 2315 "https://shop.lifeandme.net/admin" "Mozilla/5.0 (Windows NT 10.0; Win64; x64) AppleWebKit/537.36 (KHTML, like Gecko) Chrome/114.0.0.0 Safari/537.36"
87.107.144.194 - - [01/Jul/2023:12:57:19 +0330] "GET /img/2023/3/11/osUYhc5hVtwE3DqC.png HTTP/1.1" 404 2315 "https://shop.lifeandme.net/admin" "Mozilla/5.0 (Windows NT 10.0; Win64; x64) AppleWebKit/537.36 (KHTML, like Gecko) Chrome/114.0.0.0 Safari/537.36"
87.107.144.194 - - [01/Jul/2023:12:57:19 +0330] "GET /img/2023/3/13/2rYNxWDMlq9LHDMV.png HTTP/1.1" 404 2315 "https://shop.lifeandme.net/admin" "Mozilla/5.0 (Windows NT 10.0; Win64; x64) AppleWebKit/537.36 (KHTML, like Gecko) Chrome/114.0.0.0 Safari/537.36"
87.107.144.194 - - [01/Jul/2023:12:57:19 +0330] "GET /img/2023/3/13/rrzT8H7PnLaxAJyK.png HTTP/1.1" 404 2315 "https://shop.lifeandme.net/admin" "Mozilla/5.0 (Windows NT 10.0; Win64; x64) AppleWebKit/537.36 (KHTML, like Gecko) Chrome/114.0.0.0 Safari/537.36"
87.107.144.194 - - [01/Jul/2023:12:57:19 +0330] "GET /img/2023/3/13/ravAsIYUiWhgtfGy.png HTTP/1.1" 404 2315 "https://shop.lifeandme.net/admin" "Mozilla/5.0 (Windows NT 10.0; Win64; x64) AppleWebKit/537.36 (KHTML, like Gecko) Chrome/114.0.0.0 Safari/537.36"
87.107.144.194 - - [01/Jul/2023:12:57:19 +0330] "GET /img/2023/3/13/UhcMs0Jpw9bpApOt.png HTTP/1.1" 404 2315 "https://shop.lifeandme.net/admin" "Mozilla/5.0 (Windows NT 10.0; Win64; x64) AppleWebKit/537.36 (KHTML, like Gecko) Chrome/114.0.0.0 Safari/537.36"
87.107.144.194 - - [01/Jul/2023:12:57:19 +0330] "GET /img/2023/3/25/jHa5dzlWCqSPAldM.png HTTP/1.1" 404 2315 "https://shop.lifeandme.net/admin" "Mozilla/5.0 (Windows NT 10.0; Win64; x64) AppleWebKit/537.36 (KHTML, like Gecko) Chrome/114.0.0.0 Safari/537.36"
87.107.144.194 - - [01/Jul/2023:12:57:19 +0330] "GET /img/2023/4/10/SDfQ2DXUKPdgYk5Z.png HTTP/1.1" 404 2315 "https://shop.lifeandme.net/admin" "Mozilla/5.0 (Windows NT 10.0; Win64; x64) AppleWebKit/537.36 (KHTML, like Gecko) Chrome/114.0.0.0 Safari/537.36"
