81.91.153.180 - - [01/Jul/2023:11:16:51 +0330] "GET /admin/adminkits?type=all HTTP/1.1" 499 0 "https://shop.lifeandme.net/admin/adminorders?type=pending&name=%DA%A9%D9%85%D8%B1%D8%B1%D9%88%D8%AF%DB%8C&phone=&from=&to=" "Mozilla/5.0 (Windows NT 10.0; Win64; x64) AppleWebKit/537.36 (KHTML, like Gecko) Chrome/114.0.0.0 Safari/537.36"
81.91.153.180 - - [01/Jul/2023:11:16:54 +0330] "GET /admin/adminkits?type=all HTTP/1.1" 200 106049 "https://shop.lifeandme.net/admin/adminorders?type=pending&name=%DA%A9%D9%85%D8%B1%D8%B1%D9%88%D8%AF%DB%8C&phone=&from=&to=" "Mozilla/5.0 (Windows NT 10.0; Win64; x64) AppleWebKit/537.36 (KHTML, like Gecko) Chrome/114.0.0.0 Safari/537.36"
185.231.115.211 - - [01/Jul/2023:11:17:04 +0330] "GET / HTTP/1.1" 200 35637 "-" "Mozilla/5.0 (Windows NT 10.0; Win64; x64) AppleWebKit/537.36 (KHTML, like Gecko) Chrome/80.0.3987.132 Safari/537.36"
81.91.153.180 - - [01/Jul/2023:11:17:05 +0330] "GET /admin/adminkits?type=all&batch_number=&name=%DA%A9%D9%85%D8%B1%D8%B1%D9%88%D8%AF%DB%8C&barcode=&kitstatuslist_id=&state_id=&phone=&from_buy_date=&to_buy_date=&from_assign_barcode_date=&to_assign_barcode_date=&from_add_kit_date=&to_add_kit_date=&from_get_kit_date=&to_get_kit_date= HTTP/1.1" 200 53898 "https://shop.lifeandme.net/admin/adminkits?type=all" "Mozilla/5.0 (Windows NT 10.0; Win64; x64) AppleWebKit/537.36 (KHTML, like Gecko) Chrome/114.0.0.0 Safari/537.36"
185.231.115.211 - - [01/Jul/2023:11:18:04 +0330] "GET / HTTP/1.1" 200 35637 "-" "Mozilla/5.0 (Windows NT 10.0; Win64; x64) AppleWebKit/537.36 (KHTML, like Gecko) Chrome/80.0.3987.132 Safari/537.36"
81.91.153.180 - - [01/Jul/2023:11:18:08 +0330] "GET /admin/adminkits?type=all&batch_number=&name=%D8%A7%D9%85%DB%8C%D8%B1%DB%8C&barcode=&kitstatuslist_id=&state_id=&phone=&from_buy_date=&to_buy_date=&from_assign_barcode_date=&to_assign_barcode_date=&from_add_kit_date=&to_add_kit_date=&from_get_kit_date=&to_get_kit_date= HTTP/1.1" 200 73572 "https://shop.lifeandme.net/admin/adminkits?type=all&batch_number=&name=%DA%A9%D9%85%D8%B1%D8%B1%D9%88%D8%AF%DB%8C&barcode=&kitstatuslist_id=&state_id=&phone=&from_buy_date=&to_buy_date=&from_assign_barcode_date=&to_assign_barcode_date=&from_add_kit_date=&to_add_kit_date=&from_get_kit_date=&to_get_kit_date=" "Mozilla/5.0 (Windows NT 10.0; Win64; x64) AppleWebKit/537.36 (KHTML, like Gecko) Chrome/114.0.0.0 Safari/537.36"
81.91.153.180 - - [01/Jul/2023:11:18:08 +0330] "GET /img/2023/3/13/ravAsIYUiWhgtfGy.png HTTP/1.1" 404 2315 "https://shop.lifeandme.net/admin/adminkits?type=all&batch_number=&name=%D8%A7%D9%85%DB%8C%D8%B1%DB%8C&barcode=&kitstatuslist_id=&state_id=&phone=&from_buy_date=&to_buy_date=&from_assign_barcode_date=&to_assign_barcode_date=&from_add_kit_date=&to_add_kit_date=&from_get_kit_date=&to_get_kit_date=" "Mozilla/5.0 (Windows NT 10.0; Win64; x64) AppleWebKit/537.36 (KHTML, like Gecko) Chrome/114.0.0.0 Safari/537.36"
81.91.153.180 - - [01/Jul/2023:11:18:08 +0330] "GET /img/2023/3/13/2rYNxWDMlq9LHDMV.png HTTP/1.1" 404 2315 "https://shop.lifeandme.net/admin/adminkits?type=all&batch_number=&name=%D8%A7%D9%85%DB%8C%D8%B1%DB%8C&barcode=&kitstatuslist_id=&state_id=&phone=&from_buy_date=&to_buy_date=&from_assign_barcode_date=&to_assign_barcode_date=&from_add_kit_date=&to_add_kit_date=&from_get_kit_date=&to_get_kit_date=" "Mozilla/5.0 (Windows NT 10.0; Win64; x64) AppleWebKit/537.36 (KHTML, like Gecko) Chrome/114.0.0.0 Safari/537.36"
81.91.153.180 - - [01/Jul/2023:11:18:08 +0330] "GET /img/2023/3/13/rrzT8H7PnLaxAJyK.png HTTP/1.1" 404 2315 "https://shop.lifeandme.net/admin/adminkits?type=all&batch_number=&name=%D8%A7%D9%85%DB%8C%D8%B1%DB%8C&barcode=&kitstatuslist_id=&state_id=&phone=&from_buy_date=&to_buy_date=&from_assign_barcode_date=&to_assign_barcode_date=&from_add_kit_date=&to_add_kit_date=&from_get_kit_date=&to_get_kit_date=" "Mozilla/5.0 (Windows NT 10.0; Win64; x64) AppleWebKit/537.36 (KHTML, like Gecko) Chrome/114.0.0.0 Safari/537.36"
81.91.153.180 - - [01/Jul/2023:11:18:08 +0330] "GET /img/2023/3/13/ravAsIYUiWhgtfGy.png HTTP/1.1" 404 2315 "https://shop.lifeandme.net/admin/adminkits?type=all&batch_number=&name=%D8%A7%D9%85%DB%8C%D8%B1%DB%8C&barcode=&kitstatuslist_id=&state_id=&phone=&from_buy_date=&to_buy_date=&from_assign_barcode_date=&to_assign_barcode_date=&from_add_kit_date=&to_add_kit_date=&from_get_kit_date=&to_get_kit_date=" "Mozilla/5.0 (Windows NT 10.0; Win64; x64) AppleWebKit/537.36 (KHTML, like Gecko) Chrome/114.0.0.0 Safari/537.36"
81.91.153.180 - - [01/Jul/2023:11:18:28 +0330] "GET /admin/adminkits?type=all&batch_number=&name=%D8%B1%D8%B6%D8%A7&barcode=&kitstatuslist_id=&state_id=&phone=&from_buy_date=&to_buy_date=&from_assign_barcode_date=&to_assign_barcode_date=&from_add_kit_date=&to_add_kit_date=&from_get_kit_date=&to_get_kit_date= HTTP/1.1" 200 115660 "https://shop.lifeandme.net/admin/adminkits?type=all&batch_number=&name=%D8%A7%D9%85%DB%8C%D8%B1%DB%8C&barcode=&kitstatuslist_id=&state_id=&phone=&from_buy_date=&to_buy_date=&from_assign_barcode_date=&to_assign_barcode_date=&from_add_kit_date=&to_add_kit_date=&from_get_kit_date=&to_get_kit_date=" "Mozilla/5.0 (Windows NT 10.0; Win64; x64) AppleWebKit/537.36 (KHTML, like Gecko) Chrome/114.0.0.0 Safari/537.36"
81.91.153.180 - - [01/Jul/2023:11:18:39 +0330] "GET /admin/adminkits?type=all&batch_number=&name=%D8%B1%D8%B6%D8%A7&barcode=&kitstatuslist_id=&state_id=&phone=&from_buy_date=&to_buy_date=&from_assign_barcode_date=&to_assign_barcode_date=&from_add_kit_date=&to_add_kit_date=&from_get_kit_date=&to_get_kit_date=&page=2 HTTP/1.1" 200 112113 "https://shop.lifeandme.net/admin/adminkits?type=all&batch_number=&name=%D8%B1%D8%B6%D8%A7&barcode=&kitstatuslist_id=&state_id=&phone=&from_buy_date=&to_buy_date=&from_assign_barcode_date=&to_assign_barcode_date=&from_add_kit_date=&to_add_kit_date=&from_get_kit_date=&to_get_kit_date=" "Mozilla/5.0 (Windows NT 10.0; Win64; x64) AppleWebKit/537.36 (KHTML, like Gecko) Chrome/114.0.0.0 Safari/537.36"
81.91.153.180 - - [01/Jul/2023:11:18:47 +0330] "GET /admin/adminkits?type=all&batch_number=&name=%D8%B1%D8%B6%D8%A7&barcode=&kitstatuslist_id=&state_id=&phone=&from_buy_date=&to_buy_date=&from_assign_barcode_date=&to_assign_barcode_date=&from_add_kit_date=&to_add_kit_date=&from_get_kit_date=&to_get_kit_date=&page=3 HTTP/1.1" 200 112121 "https://shop.lifeandme.net/admin/adminkits?type=all&batch_number=&name=%D8%B1%D8%B6%D8%A7&barcode=&kitstatuslist_id=&state_id=&phone=&from_buy_date=&to_buy_date=&from_assign_barcode_date=&to_assign_barcode_date=&from_add_kit_date=&to_add_kit_date=&from_get_kit_date=&to_get_kit_date=&page=2" "Mozilla/5.0 (Windows NT 10.0; Win64; x64) AppleWebKit/537.36 (KHTML, like Gecko) Chrome/114.0.0.0 Safari/537.36"
81.91.153.180 - - [01/Jul/2023:11:18:56 +0330] "GET /admin/adminkits?type=all&batch_number=&name=%D8%B1%D8%B6%D8%A7&barcode=&kitstatuslist_id=&state_id=&phone=&from_buy_date=&to_buy_date=&from_assign_barcode_date=&to_assign_barcode_date=&from_add_kit_date=&to_add_kit_date=&from_get_kit_date=&to_get_kit_date=&page=4 HTTP/1.1" 200 101036 "https://shop.lifeandme.net/admin/adminkits?type=all&batch_number=&name=%D8%B1%D8%B6%D8%A7&barcode=&kitstatuslist_id=&state_id=&phone=&from_buy_date=&to_buy_date=&from_assign_barcode_date=&to_assign_barcode_date=&from_add_kit_date=&to_add_kit_date=&from_get_kit_date=&to_get_kit_date=&page=3" "Mozilla/5.0 (Windows NT 10.0; Win64; x64) AppleWebKit/537.36 (KHTML, like Gecko) Chrome/114.0.0.0 Safari/537.36"
81.91.153.180 - - [01/Jul/2023:11:18:56 +0330] "GET /img/2023/3/13/ravAsIYUiWhgtfGy.png HTTP/1.1" 404 2315 "https://shop.lifeandme.net/admin/adminkits?type=all&batch_number=&name=%D8%B1%D8%B6%D8%A7&barcode=&kitstatuslist_id=&state_id=&phone=&from_buy_date=&to_buy_date=&from_assign_barcode_date=&to_assign_barcode_date=&from_add_kit_date=&to_add_kit_date=&from_get_kit_date=&to_get_kit_date=&page=4" "Mozilla/5.0 (Windows NT 10.0; Win64; x64) AppleWebKit/537.36 (KHTML, like Gecko) Chrome/114.0.0.0 Safari/537.36"
81.91.153.180 - - [01/Jul/2023:11:18:56 +0330] "GET /img/2023/3/13/2rYNxWDMlq9LHDMV.png HTTP/1.1" 404 2315 "https://shop.lifeandme.net/admin/adminkits?type=all&batch_number=&name=%D8%B1%D8%B6%D8%A7&barcode=&kitstatuslist_id=&state_id=&phone=&from_buy_date=&to_buy_date=&from_assign_barcode_date=&to_assign_barcode_date=&from_add_kit_date=&to_add_kit_date=&from_get_kit_date=&to_get_kit_date=&page=4" "Mozilla/5.0 (Windows NT 10.0; Win64; x64) AppleWebKit/537.36 (KHTML, like Gecko) Chrome/114.0.0.0 Safari/537.36"
81.91.153.180 - - [01/Jul/2023:11:18:56 +0330] "GET /img/2023/3/13/rrzT8H7PnLaxAJyK.png HTTP/1.1" 404 2315 "https://shop.lifeandme.net/admin/adminkits?type=all&batch_number=&name=%D8%B1%D8%B6%D8%A7&barcode=&kitstatuslist_id=&state_id=&phone=&from_buy_date=&to_buy_date=&from_assign_barcode_date=&to_assign_barcode_date=&from_add_kit_date=&to_add_kit_date=&from_get_kit_date=&to_get_kit_date=&page=4" "Mozilla/5.0 (Windows NT 10.0; Win64; x64) AppleWebKit/537.36 (KHTML, like Gecko) Chrome/114.0.0.0 Safari/537.36"
81.91.153.180 - - [01/Jul/2023:11:18:56 +0330] "GET /img/2023/3/11/B5aooZzc2iS5ykAj.png HTTP/1.1" 404 2315 "https://shop.lifeandme.net/admin/adminkits?type=all&batch_number=&name=%D8%B1%D8%B6%D8%A7&barcode=&kitstatuslist_id=&state_id=&phone=&from_buy_date=&to_buy_date=&from_assign_barcode_date=&to_assign_barcode_date=&from_add_kit_date=&to_add_kit_date=&from_get_kit_date=&to_get_kit_date=&page=4" "Mozilla/5.0 (Windows NT 10.0; Win64; x64) AppleWebKit/537.36 (KHTML, like Gecko) Chrome/114.0.0.0 Safari/537.36"
185.231.115.211 - - [01/Jul/2023:11:19:04 +0330] "GET / HTTP/1.1" 200 35637 "-" "Mozilla/5.0 (Windows NT 10.0; Win64; x64) AppleWebKit/537.36 (KHTML, like Gecko) Chrome/80.0.3987.132 Safari/537.36"
81.91.153.180 - - [01/Jul/2023:11:19:30 +0330] "GET /admin/adminkits?type=all&batch_number=&name=%D8%B1%D8%B6%D8%A7&barcode=&kitstatuslist_id=&state_id=&phone=&from_buy_date=&to_buy_date=&from_assign_barcode_date=&to_assign_barcode_date=&from_add_kit_date=&to_add_kit_date=&from_get_kit_date=&to_get_kit_date=&page=5 HTTP/1.1" 200 110937 "https://shop.lifeandme.net/admin/adminkits?type=all&batch_number=&name=%D8%B1%D8%B6%D8%A7&barcode=&kitstatuslist_id=&state_id=&phone=&from_buy_date=&to_buy_date=&from_assign_barcode_date=&to_assign_barcode_date=&from_add_kit_date=&to_add_kit_date=&from_get_kit_date=&to_get_kit_date=&page=4" "Mozilla/5.0 (Windows NT 10.0; Win64; x64) AppleWebKit/537.36 (KHTML, like Gecko) Chrome/114.0.0.0 Safari/537.36"
81.91.153.180 - - [01/Jul/2023:11:19:30 +0330] "GET /img/2023/3/13/ravAsIYUiWhgtfGy.png HTTP/1.1" 404 2315 "https://shop.lifeandme.net/admin/adminkits?type=all&batch_number=&name=%D8%B1%D8%B6%D8%A7&barcode=&kitstatuslist_id=&state_id=&phone=&from_buy_date=&to_buy_date=&from_assign_barcode_date=&to_assign_barcode_date=&from_add_kit_date=&to_add_kit_date=&from_get_kit_date=&to_get_kit_date=&page=5" "Mozilla/5.0 (Windows NT 10.0; Win64; x64) AppleWebKit/537.36 (KHTML, like Gecko) Chrome/114.0.0.0 Safari/537.36"
81.91.153.180 - - [01/Jul/2023:11:19:30 +0330] "GET /img/2023/3/13/2rYNxWDMlq9LHDMV.png HTTP/1.1" 404 2315 "https://shop.lifeandme.net/admin/adminkits?type=all&batch_number=&name=%D8%B1%D8%B6%D8%A7&barcode=&kitstatuslist_id=&state_id=&phone=&from_buy_date=&to_buy_date=&from_assign_barcode_date=&to_assign_barcode_date=&from_add_kit_date=&to_add_kit_date=&from_get_kit_date=&to_get_kit_date=&page=5" "Mozilla/5.0 (Windows NT 10.0; Win64; x64) AppleWebKit/537.36 (KHTML, like Gecko) Chrome/114.0.0.0 Safari/537.36"
81.91.153.180 - - [01/Jul/2023:11:19:30 +0330] "GET /img/2023/3/13/rrzT8H7PnLaxAJyK.png HTTP/1.1" 404 2315 "https://shop.lifeandme.net/admin/adminkits?type=all&batch_number=&name=%D8%B1%D8%B6%D8%A7&barcode=&kitstatuslist_id=&state_id=&phone=&from_buy_date=&to_buy_date=&from_assign_barcode_date=&to_assign_barcode_date=&from_add_kit_date=&to_add_kit_date=&from_get_kit_date=&to_get_kit_date=&page=5" "Mozilla/5.0 (Windows NT 10.0; Win64; x64) AppleWebKit/537.36 (KHTML, like Gecko) Chrome/114.0.0.0 Safari/537.36"
81.91.153.180 - - [01/Jul/2023:11:19:30 +0330] "GET /img/2023/3/11/B5aooZzc2iS5ykAj.png HTTP/1.1" 404 2315 "https://shop.lifeandme.net/admin/adminkits?type=all&batch_number=&name=%D8%B1%D8%B6%D8%A7&barcode=&kitstatuslist_id=&state_id=&phone=&from_buy_date=&to_buy_date=&from_assign_barcode_date=&to_assign_barcode_date=&from_add_kit_date=&to_add_kit_date=&from_get_kit_date=&to_get_kit_date=&page=5" "Mozilla/5.0 (Windows NT 10.0; Win64; x64) AppleWebKit/537.36 (KHTML, like Gecko) Chrome/114.0.0.0 Safari/537.36"
81.91.153.180 - - [01/Jul/2023:11:19:30 +0330] "GET /img/2023/3/13/ravAsIYUiWhgtfGy.png HTTP/1.1" 404 2315 "https://shop.lifeandme.net/admin/adminkits?type=all&batch_number=&name=%D8%B1%D8%B6%D8%A7&barcode=&kitstatuslist_id=&state_id=&phone=&from_buy_date=&to_buy_date=&from_assign_barcode_date=&to_assign_barcode_date=&from_add_kit_date=&to_add_kit_date=&from_get_kit_date=&to_get_kit_date=&page=5" "Mozilla/5.0 (Windows NT 10.0; Win64; x64) AppleWebKit/537.36 (KHTML, like Gecko) Chrome/114.0.0.0 Safari/537.36"
81.91.153.180 - - [01/Jul/2023:11:19:31 +0330] "GET /img/2023/3/13/rrzT8H7PnLaxAJyK.png HTTP/1.1" 404 2315 "https://shop.lifeandme.net/admin/adminkits?type=all&batch_number=&name=%D8%B1%D8%B6%D8%A7&barcode=&kitstatuslist_id=&state_id=&phone=&from_buy_date=&to_buy_date=&from_assign_barcode_date=&to_assign_barcode_date=&from_add_kit_date=&to_add_kit_date=&from_get_kit_date=&to_get_kit_date=&page=5" "Mozilla/5.0 (Windows NT 10.0; Win64; x64) AppleWebKit/537.36 (KHTML, like Gecko) Chrome/114.0.0.0 Safari/537.36"
81.91.153.180 - - [01/Jul/2023:11:19:31 +0330] "GET /img/2023/3/13/2rYNxWDMlq9LHDMV.png HTTP/1.1" 404 2315 "https://shop.lifeandme.net/admin/adminkits?type=all&batch_number=&name=%D8%B1%D8%B6%D8%A7&barcode=&kitstatuslist_id=&state_id=&phone=&from_buy_date=&to_buy_date=&from_assign_barcode_date=&to_assign_barcode_date=&from_add_kit_date=&to_add_kit_date=&from_get_kit_date=&to_get_kit_date=&page=5" "Mozilla/5.0 (Windows NT 10.0; Win64; x64) AppleWebKit/537.36 (KHTML, like Gecko) Chrome/114.0.0.0 Safari/537.36"
185.231.115.211 - - [01/Jul/2023:11:20:04 +0330] "GET / HTTP/1.1" 200 35637 "-" "Mozilla/5.0 (Windows NT 10.0; Win64; x64) AppleWebKit/537.36 (KHTML, like Gecko) Chrome/80.0.3987.132 Safari/537.36"
81.91.153.180 - - [01/Jul/2023:11:20:39 +0330] "GET /admin/adminkits?type=all&batch_number=&name=%D8%B1%D8%B6%D8%A7&barcode=&kitstatuslist_id=&state_id=&phone=&from_buy_date=&to_buy_date=&from_assign_barcode_date=&to_assign_barcode_date=&from_add_kit_date=&to_add_kit_date=&from_get_kit_date=&to_get_kit_date=&page=6 HTTP/1.1" 200 105866 "https://shop.lifeandme.net/admin/adminkits?type=all&batch_number=&name=%D8%B1%D8%B6%D8%A7&barcode=&kitstatuslist_id=&state_id=&phone=&from_buy_date=&to_buy_date=&from_assign_barcode_date=&to_assign_barcode_date=&from_add_kit_date=&to_add_kit_date=&from_get_kit_date=&to_get_kit_date=&page=5" "Mozilla/5.0 (Windows NT 10.0; Win64; x64) AppleWebKit/537.36 (KHTML, like Gecko) Chrome/114.0.0.0 Safari/537.36"
185.231.115.211 - - [01/Jul/2023:11:21:05 +0330] "GET / HTTP/1.1" 200 35637 "-" "Mozilla/5.0 (Windows NT 10.0; Win64; x64) AppleWebKit/537.36 (KHTML, like Gecko) Chrome/80.0.3987.132 Safari/537.36"
81.91.153.180 - - [01/Jul/2023:11:21:23 +0330] "GET /admin/adminkits?type=all&batch_number=&name=%D8%B1%D8%B6%D8%A7&barcode=&kitstatuslist_id=&state_id=&phone=&from_buy_date=&to_buy_date=&from_assign_barcode_date=&to_assign_barcode_date=&from_add_kit_date=&to_add_kit_date=&from_get_kit_date=&to_get_kit_date=&page=7 HTTP/1.1" 200 66659 "https://shop.lifeandme.net/admin/adminkits?type=all&batch_number=&name=%D8%B1%D8%B6%D8%A7&barcode=&kitstatuslist_id=&state_id=&phone=&from_buy_date=&to_buy_date=&from_assign_barcode_date=&to_assign_barcode_date=&from_add_kit_date=&to_add_kit_date=&from_get_kit_date=&to_get_kit_date=&page=6" "Mozilla/5.0 (Windows NT 10.0; Win64; x64) AppleWebKit/537.36 (KHTML, like Gecko) Chrome/114.0.0.0 Safari/537.36"
81.91.153.180 - - [01/Jul/2023:11:21:46 +0330] "GET /admin/adminkits?type=all&batch_number=&name=%D8%A7%D9%85%DB%8C%D8%B1%DB%8C&barcode=&kitstatuslist_id=&state_id=&phone=&from_buy_date=&to_buy_date=&from_assign_barcode_date=&to_assign_barcode_date=&from_add_kit_date=&to_add_kit_date=&from_get_kit_date=&to_get_kit_date= HTTP/1.1" 200 73572 "https://shop.lifeandme.net/admin/adminkits?type=all&batch_number=&name=%D8%B1%D8%B6%D8%A7&barcode=&kitstatuslist_id=&state_id=&phone=&from_buy_date=&to_buy_date=&from_assign_barcode_date=&to_assign_barcode_date=&from_add_kit_date=&to_add_kit_date=&from_get_kit_date=&to_get_kit_date=&page=7" "Mozilla/5.0 (Windows NT 10.0; Win64; x64) AppleWebKit/537.36 (KHTML, like Gecko) Chrome/114.0.0.0 Safari/537.36"
81.91.153.180 - - [01/Jul/2023:11:21:46 +0330] "GET /img/2023/3/13/2rYNxWDMlq9LHDMV.png HTTP/1.1" 404 2315 "https://shop.lifeandme.net/admin/adminkits?type=all&batch_number=&name=%D8%A7%D9%85%DB%8C%D8%B1%DB%8C&barcode=&kitstatuslist_id=&state_id=&phone=&from_buy_date=&to_buy_date=&from_assign_barcode_date=&to_assign_barcode_date=&from_add_kit_date=&to_add_kit_date=&from_get_kit_date=&to_get_kit_date=" "Mozilla/5.0 (Windows NT 10.0; Win64; x64) AppleWebKit/537.36 (KHTML, like Gecko) Chrome/114.0.0.0 Safari/537.36"
81.91.153.180 - - [01/Jul/2023:11:21:46 +0330] "GET /img/2023/3/13/ravAsIYUiWhgtfGy.png HTTP/1.1" 404 2315 "https://shop.lifeandme.net/admin/adminkits?type=all&batch_number=&name=%D8%A7%D9%85%DB%8C%D8%B1%DB%8C&barcode=&kitstatuslist_id=&state_id=&phone=&from_buy_date=&to_buy_date=&from_assign_barcode_date=&to_assign_barcode_date=&from_add_kit_date=&to_add_kit_date=&from_get_kit_date=&to_get_kit_date=" "Mozilla/5.0 (Windows NT 10.0; Win64; x64) AppleWebKit/537.36 (KHTML, like Gecko) Chrome/114.0.0.0 Safari/537.36"
81.91.153.180 - - [01/Jul/2023:11:21:46 +0330] "GET /img/2023/3/13/rrzT8H7PnLaxAJyK.png HTTP/1.1" 404 2315 "https://shop.lifeandme.net/admin/adminkits?type=all&batch_number=&name=%D8%A7%D9%85%DB%8C%D8%B1%DB%8C&barcode=&kitstatuslist_id=&state_id=&phone=&from_buy_date=&to_buy_date=&from_assign_barcode_date=&to_assign_barcode_date=&from_add_kit_date=&to_add_kit_date=&from_get_kit_date=&to_get_kit_date=" "Mozilla/5.0 (Windows NT 10.0; Win64; x64) AppleWebKit/537.36 (KHTML, like Gecko) Chrome/114.0.0.0 Safari/537.36"
81.91.153.180 - - [01/Jul/2023:11:21:53 +0330] "GET /admin/adminkits?type=all&batch_number=&name=%D8%B1%D8%B6%D8%A7+%D8%A7%D9%85%DB%8C%D8%B1%DB%8C&barcode=&kitstatuslist_id=&state_id=&phone=&from_buy_date=&to_buy_date=&from_assign_barcode_date=&to_assign_barcode_date=&from_add_kit_date=&to_add_kit_date=&from_get_kit_date=&to_get_kit_date= HTTP/1.1" 200 45756 "https://shop.lifeandme.net/admin/adminkits?type=all&batch_number=&name=%D8%A7%D9%85%DB%8C%D8%B1%DB%8C&barcode=&kitstatuslist_id=&state_id=&phone=&from_buy_date=&to_buy_date=&from_assign_barcode_date=&to_assign_barcode_date=&from_add_kit_date=&to_add_kit_date=&from_get_kit_date=&to_get_kit_date=" "Mozilla/5.0 (Windows NT 10.0; Win64; x64) AppleWebKit/537.36 (KHTML, like Gecko) Chrome/114.0.0.0 Safari/537.36"
185.231.115.211 - - [01/Jul/2023:11:22:04 +0330] "GET / HTTP/1.1" 200 35637 "-" "Mozilla/5.0 (Windows NT 10.0; Win64; x64) AppleWebKit/537.36 (KHTML, like Gecko) Chrome/80.0.3987.132 Safari/537.36"
185.231.115.211 - - [01/Jul/2023:11:23:04 +0330] "GET / HTTP/1.1" 200 35637 "-" "Mozilla/5.0 (Windows NT 10.0; Win64; x64) AppleWebKit/537.36 (KHTML, like Gecko) Chrome/80.0.3987.132 Safari/537.36"
185.231.115.211 - - [01/Jul/2023:11:24:05 +0330] "GET / HTTP/1.1" 200 35637 "-" "Mozilla/5.0 (Windows NT 10.0; Win64; x64) AppleWebKit/537.36 (KHTML, like Gecko) Chrome/80.0.3987.132 Safari/537.36"
185.231.115.211 - - [01/Jul/2023:11:25:04 +0330] "GET / HTTP/1.1" 200 35637 "-" "Mozilla/5.0 (Windows NT 10.0; Win64; x64) AppleWebKit/537.36 (KHTML, like Gecko) Chrome/80.0.3987.132 Safari/537.36"
185.231.115.211 - - [01/Jul/2023:11:26:04 +0330] "GET / HTTP/1.1" 200 35637 "-" "Mozilla/5.0 (Windows NT 10.0; Win64; x64) AppleWebKit/537.36 (KHTML, like Gecko) Chrome/80.0.3987.132 Safari/537.36"
185.231.115.211 - - [01/Jul/2023:11:27:04 +0330] "GET / HTTP/1.1" 200 35637 "-" "Mozilla/5.0 (Windows NT 10.0; Win64; x64) AppleWebKit/537.36 (KHTML, like Gecko) Chrome/80.0.3987.132 Safari/537.36"
185.231.115.211 - - [01/Jul/2023:11:28:04 +0330] "GET / HTTP/1.1" 200 35637 "-" "Mozilla/5.0 (Windows NT 10.0; Win64; x64) AppleWebKit/537.36 (KHTML, like Gecko) Chrome/80.0.3987.132 Safari/537.36"
46.209.61.210 - - [01/Jul/2023:11:28:19 +0330] "GET /questioner?barcode=56101806202640 HTTP/1.1" 200 39035 "-" "Mozilla/5.0 (Windows NT 10.0; Win64; x64) AppleWebKit/537.36 (KHTML, like Gecko) Chrome/114.0.0.0 Safari/537.36"
185.231.115.211 - - [01/Jul/2023:11:29:05 +0330] "GET / HTTP/1.1" 200 35637 "-" "Mozilla/5.0 (Windows NT 10.0; Win64; x64) AppleWebKit/537.36 (KHTML, like Gecko) Chrome/80.0.3987.132 Safari/537.36"
185.231.115.211 - - [01/Jul/2023:11:30:05 +0330] "GET / HTTP/1.1" 200 35637 "-" "Mozilla/5.0 (Windows NT 10.0; Win64; x64) AppleWebKit/537.36 (KHTML, like Gecko) Chrome/80.0.3987.132 Safari/537.36"
81.91.153.180 - - [01/Jul/2023:11:30:33 +0330] "GET /admin/adminkits?type=all HTTP/1.1" 200 106049 "https://shop.lifeandme.net/admin/adminkits?type=all&batch_number=&name=%D8%B1%D8%B6%D8%A7+%D8%A7%D9%85%DB%8C%D8%B1%DB%8C&barcode=&kitstatuslist_id=&state_id=&phone=&from_buy_date=&to_buy_date=&from_assign_barcode_date=&to_assign_barcode_date=&from_add_kit_date=&to_add_kit_date=&from_get_kit_date=&to_get_kit_date=" "Mozilla/5.0 (Windows NT 10.0; Win64; x64) AppleWebKit/537.36 (KHTML, like Gecko) Chrome/114.0.0.0 Safari/537.36"
185.231.115.211 - - [01/Jul/2023:11:31:05 +0330] "GET / HTTP/1.1" 200 35637 "-" "Mozilla/5.0 (Windows NT 10.0; Win64; x64) AppleWebKit/537.36 (KHTML, like Gecko) Chrome/80.0.3987.132 Safari/537.36"
81.91.153.180 - - [01/Jul/2023:11:31:20 +0330] "GET /admin/adminkits?type=all&batch_number=&name=%D9%85%D8%B1%DB%8C%D9%85&barcode=&kitstatuslist_id=&state_id=&phone=&from_buy_date=&to_buy_date=&from_assign_barcode_date=&to_assign_barcode_date=&from_add_kit_date=&to_add_kit_date=&from_get_kit_date=&to_get_kit_date= HTTP/1.1" 200 106469 "https://shop.lifeandme.net/admin/adminkits?type=all" "Mozilla/5.0 (Windows NT 10.0; Win64; x64) AppleWebKit/537.36 (KHTML, like Gecko) Chrome/114.0.0.0 Safari/537.36"
81.91.153.180 - - [01/Jul/2023:11:31:20 +0330] "GET /img/2023/3/13/2rYNxWDMlq9LHDMV.png HTTP/1.1" 404 2315 "https://shop.lifeandme.net/admin/adminkits?type=all&batch_number=&name=%D9%85%D8%B1%DB%8C%D9%85&barcode=&kitstatuslist_id=&state_id=&phone=&from_buy_date=&to_buy_date=&from_assign_barcode_date=&to_assign_barcode_date=&from_add_kit_date=&to_add_kit_date=&from_get_kit_date=&to_get_kit_date=" "Mozilla/5.0 (Windows NT 10.0; Win64; x64) AppleWebKit/537.36 (KHTML, like Gecko) Chrome/114.0.0.0 Safari/537.36"
81.91.153.180 - - [01/Jul/2023:11:31:21 +0330] "GET /img/2023/3/13/2rYNxWDMlq9LHDMV.png HTTP/1.1" 404 2315 "https://shop.lifeandme.net/admin/adminkits?type=all&batch_number=&name=%D9%85%D8%B1%DB%8C%D9%85&barcode=&kitstatuslist_id=&state_id=&phone=&from_buy_date=&to_buy_date=&from_assign_barcode_date=&to_assign_barcode_date=&from_add_kit_date=&to_add_kit_date=&from_get_kit_date=&to_get_kit_date=" "Mozilla/5.0 (Windows NT 10.0; Win64; x64) AppleWebKit/537.36 (KHTML, like Gecko) Chrome/114.0.0.0 Safari/537.36"
81.91.153.180 - - [01/Jul/2023:11:31:21 +0330] "GET /img/2023/3/11/B5aooZzc2iS5ykAj.png HTTP/1.1" 404 2315 "https://shop.lifeandme.net/admin/adminkits?type=all&batch_number=&name=%D9%85%D8%B1%DB%8C%D9%85&barcode=&kitstatuslist_id=&state_id=&phone=&from_buy_date=&to_buy_date=&from_assign_barcode_date=&to_assign_barcode_date=&from_add_kit_date=&to_add_kit_date=&from_get_kit_date=&to_get_kit_date=" "Mozilla/5.0 (Windows NT 10.0; Win64; x64) AppleWebKit/537.36 (KHTML, like Gecko) Chrome/114.0.0.0 Safari/537.36"
81.91.153.180 - - [01/Jul/2023:11:31:21 +0330] "GET /img/2023/3/13/ravAsIYUiWhgtfGy.png HTTP/1.1" 404 2315 "https://shop.lifeandme.net/admin/adminkits?type=all&batch_number=&name=%D9%85%D8%B1%DB%8C%D9%85&barcode=&kitstatuslist_id=&state_id=&phone=&from_buy_date=&to_buy_date=&from_assign_barcode_date=&to_assign_barcode_date=&from_add_kit_date=&to_add_kit_date=&from_get_kit_date=&to_get_kit_date=" "Mozilla/5.0 (Windows NT 10.0; Win64; x64) AppleWebKit/537.36 (KHTML, like Gecko) Chrome/114.0.0.0 Safari/537.36"
81.91.153.180 - - [01/Jul/2023:11:31:21 +0330] "GET /img/2023/3/13/rrzT8H7PnLaxAJyK.png HTTP/1.1" 404 2315 "https://shop.lifeandme.net/admin/adminkits?type=all&batch_number=&name=%D9%85%D8%B1%DB%8C%D9%85&barcode=&kitstatuslist_id=&state_id=&phone=&from_buy_date=&to_buy_date=&from_assign_barcode_date=&to_assign_barcode_date=&from_add_kit_date=&to_add_kit_date=&from_get_kit_date=&to_get_kit_date=" "Mozilla/5.0 (Windows NT 10.0; Win64; x64) AppleWebKit/537.36 (KHTML, like Gecko) Chrome/114.0.0.0 Safari/537.36"
185.231.115.211 - - [01/Jul/2023:11:32:04 +0330] "GET / HTTP/1.1" 200 35637 "-" "Mozilla/5.0 (Windows NT 10.0; Win64; x64) AppleWebKit/537.36 (KHTML, like Gecko) Chrome/80.0.3987.132 Safari/537.36"
81.91.153.180 - - [01/Jul/2023:11:32:24 +0330] "GET /admin/systememails HTTP/1.1" 200 42843 "https://shop.lifeandme.net/admin/adminkits?type=all&batch_number=&name=%D9%85%D8%B1%DB%8C%D9%85&barcode=&kitstatuslist_id=&state_id=&phone=&from_buy_date=&to_buy_date=&from_assign_barcode_date=&to_assign_barcode_date=&from_add_kit_date=&to_add_kit_date=&from_get_kit_date=&to_get_kit_date=" "Mozilla/5.0 (Windows NT 10.0; Win64; x64) AppleWebKit/537.36 (KHTML, like Gecko) Chrome/114.0.0.0 Safari/537.36"
185.231.115.211 - - [01/Jul/2023:11:33:04 +0330] "GET / HTTP/1.1" 200 35637 "-" "Mozilla/5.0 (Windows NT 10.0; Win64; x64) AppleWebKit/537.36 (KHTML, like Gecko) Chrome/80.0.3987.132 Safari/537.36"
185.231.115.211 - - [01/Jul/2023:11:34:05 +0330] "GET / HTTP/1.1" 200 35637 "-" "Mozilla/5.0 (Windows NT 10.0; Win64; x64) AppleWebKit/537.36 (KHTML, like Gecko) Chrome/80.0.3987.132 Safari/537.36"
185.231.115.211 - - [01/Jul/2023:11:35:05 +0330] "GET / HTTP/1.1" 200 35637 "-" "Mozilla/5.0 (Windows NT 10.0; Win64; x64) AppleWebKit/537.36 (KHTML, like Gecko) Chrome/80.0.3987.132 Safari/537.36"
81.91.153.180 - - [01/Jul/2023:11:35:32 +0330] "GET / HTTP/1.1" 200 37112 "-" "Mozilla/5.0 (Windows NT 10.0; Win64; x64) AppleWebKit/537.36 (KHTML, like Gecko) Chrome/114.0.0.0 Safari/537.36"
81.91.153.180 - - [01/Jul/2023:11:35:37 +0330] "GET /admin HTTP/1.1" 200 58398 "-" "Mozilla/5.0 (Windows NT 10.0; Win64; x64) AppleWebKit/537.36 (KHTML, like Gecko) Chrome/114.0.0.0 Safari/537.36"
81.91.153.180 - - [01/Jul/2023:11:35:38 +0330] "GET /img/2023/3/11/h01EWOmofm6uKFS3.png HTTP/1.1" 404 2315 "https://shop.lifeandme.net/admin" "Mozilla/5.0 (Windows NT 10.0; Win64; x64) AppleWebKit/537.36 (KHTML, like Gecko) Chrome/114.0.0.0 Safari/537.36"
81.91.153.180 - - [01/Jul/2023:11:35:38 +0330] "GET /img/2023/3/8/XnBXZoldArncxHlv.png HTTP/1.1" 404 2315 "https://shop.lifeandme.net/admin" "Mozilla/5.0 (Windows NT 10.0; Win64; x64) AppleWebKit/537.36 (KHTML, like Gecko) Chrome/114.0.0.0 Safari/537.36"
81.91.153.180 - - [01/Jul/2023:11:35:38 +0330] "GET /img/2023/3/11/jMcTLECMcVHSuwCH.png HTTP/1.1" 404 2315 "https://shop.lifeandme.net/admin" "Mozilla/5.0 (Windows NT 10.0; Win64; x64) AppleWebKit/537.36 (KHTML, like Gecko) Chrome/114.0.0.0 Safari/537.36"
81.91.153.180 - - [01/Jul/2023:11:35:38 +0330] "GET /img/2023/3/11/8KnxMi8LDF7EUy21.png HTTP/1.1" 404 2315 "https://shop.lifeandme.net/admin" "Mozilla/5.0 (Windows NT 10.0; Win64; x64) AppleWebKit/537.36 (KHTML, like Gecko) Chrome/114.0.0.0 Safari/537.36"
81.91.153.180 - - [01/Jul/2023:11:35:38 +0330] "GET /img/2023/3/11/TibO7wdzpKxHEaj2.png HTTP/1.1" 404 2315 "https://shop.lifeandme.net/admin" "Mozilla/5.0 (Windows NT 10.0; Win64; x64) AppleWebKit/537.36 (KHTML, like Gecko) Chrome/114.0.0.0 Safari/537.36"
81.91.153.180 - - [01/Jul/2023:11:35:38 +0330] "GET /img/2023/3/11/iaaxfoTcP6wKsTnr.png HTTP/1.1" 404 2315 "https://shop.lifeandme.net/admin" "Mozilla/5.0 (Windows NT 10.0; Win64; x64) AppleWebKit/537.36 (KHTML, like Gecko) Chrome/114.0.0.0 Safari/537.36"
81.91.153.180 - - [01/Jul/2023:11:35:38 +0330] "GET /img/2023/3/11/B5aooZzc2iS5ykAj.png HTTP/1.1" 404 2315 "https://shop.lifeandme.net/admin" "Mozilla/5.0 (Windows NT 10.0; Win64; x64) AppleWebKit/537.36 (KHTML, like Gecko) Chrome/114.0.0.0 Safari/537.36"
81.91.153.180 - - [01/Jul/2023:11:35:38 +0330] "GET /img/2023/3/11/oVeMtVXMpX0qNXpf.png HTTP/1.1" 404 2315 "https://shop.lifeandme.net/admin" "Mozilla/5.0 (Windows NT 10.0; Win64; x64) AppleWebKit/537.36 (KHTML, like Gecko) Chrome/114.0.0.0 Safari/537.36"
81.91.153.180 - - [01/Jul/2023:11:35:38 +0330] "GET /img/2023/3/11/osUYhc5hVtwE3DqC.png HTTP/1.1" 404 2315 "https://shop.lifeandme.net/admin" "Mozilla/5.0 (Windows NT 10.0; Win64; x64) AppleWebKit/537.36 (KHTML, like Gecko) Chrome/114.0.0.0 Safari/537.36"
81.91.153.180 - - [01/Jul/2023:11:35:38 +0330] "GET /img/2023/3/13/2rYNxWDMlq9LHDMV.png HTTP/1.1" 404 2315 "https://shop.lifeandme.net/admin" "Mozilla/5.0 (Windows NT 10.0; Win64; x64) AppleWebKit/537.36 (KHTML, like Gecko) Chrome/114.0.0.0 Safari/537.36"
81.91.153.180 - - [01/Jul/2023:11:35:38 +0330] "GET /img/2023/3/13/ravAsIYUiWhgtfGy.png HTTP/1.1" 404 2315 "https://shop.lifeandme.net/admin" "Mozilla/5.0 (Windows NT 10.0; Win64; x64) AppleWebKit/537.36 (KHTML, like Gecko) Chrome/114.0.0.0 Safari/537.36"
81.91.153.180 - - [01/Jul/2023:11:35:38 +0330] "GET /img/2023/3/13/rrzT8H7PnLaxAJyK.png HTTP/1.1" 404 2315 "https://shop.lifeandme.net/admin" "Mozilla/5.0 (Windows NT 10.0; Win64; x64) AppleWebKit/537.36 (KHTML, like Gecko) Chrome/114.0.0.0 Safari/537.36"
81.91.153.180 - - [01/Jul/2023:11:35:38 +0330] "GET /img/2023/3/13/UhcMs0Jpw9bpApOt.png HTTP/1.1" 404 2315 "https://shop.lifeandme.net/admin" "Mozilla/5.0 (Windows NT 10.0; Win64; x64) AppleWebKit/537.36 (KHTML, like Gecko) Chrome/114.0.0.0 Safari/537.36"
81.91.153.180 - - [01/Jul/2023:11:35:38 +0330] "GET /img/2023/3/25/jHa5dzlWCqSPAldM.png HTTP/1.1" 404 2315 "https://shop.lifeandme.net/admin" "Mozilla/5.0 (Windows NT 10.0; Win64; x64) AppleWebKit/537.36 (KHTML, like Gecko) Chrome/114.0.0.0 Safari/537.36"
81.91.153.180 - - [01/Jul/2023:11:35:38 +0330] "GET /img/2023/4/10/SDfQ2DXUKPdgYk5Z.png HTTP/1.1" 404 2315 "https://shop.lifeandme.net/admin" "Mozilla/5.0 (Windows NT 10.0; Win64; x64) AppleWebKit/537.36 (KHTML, like Gecko) Chrome/114.0.0.0 Safari/537.36"
81.91.153.180 - - [01/Jul/2023:11:35:44 +0330] "GET /admin/adminusers HTTP/1.1" 200 48729 "https://shop.lifeandme.net/admin" "Mozilla/5.0 (Windows NT 10.0; Win64; x64) AppleWebKit/537.36 (KHTML, like Gecko) Chrome/114.0.0.0 Safari/537.36"
81.91.153.180 - - [01/Jul/2023:11:36:04 +0330] "GET /admin/adminkits?type=all HTTP/1.1" 200 108676 "https://shop.lifeandme.net/admin/adminusers" "Mozilla/5.0 (Windows NT 10.0; Win64; x64) AppleWebKit/537.36 (KHTML, like Gecko) Chrome/114.0.0.0 Safari/537.36"
185.231.115.211 - - [01/Jul/2023:11:36:05 +0330] "GET / HTTP/1.1" 200 35637 "-" "Mozilla/5.0 (Windows NT 10.0; Win64; x64) AppleWebKit/537.36 (KHTML, like Gecko) Chrome/80.0.3987.132 Safari/537.36"
81.91.153.180 - - [01/Jul/2023:11:36:07 +0330] "GET /admin/adminkits?type=all&batch_number=&name=&barcode=56101806202663&kitstatuslist_id=&state_id=&phone=&from_buy_date=&to_buy_date=&from_assign_barcode_date=&to_assign_barcode_date=&from_add_kit_date=&to_add_kit_date=&from_get_kit_date=&to_get_kit_date= HTTP/1.1" 200 51601 "https://shop.lifeandme.net/admin/adminkits?type=all" "Mozilla/5.0 (Windows NT 10.0; Win64; x64) AppleWebKit/537.36 (KHTML, like Gecko) Chrome/114.0.0.0 Safari/537.36"
81.91.153.180 - - [01/Jul/2023:11:36:28 +0330] "GET /admin/adminusers?phone=&name=%D9%85%D8%B1%DB%8C%D9%85+%D9%BE%D8%B1%D9%86%DB%8C%D8%A7%D9%86&email= HTTP/1.1" 200 44403 "https://shop.lifeandme.net/admin/adminusers" "Mozilla/5.0 (Windows NT 10.0; Win64; x64) AppleWebKit/537.36 (KHTML, like Gecko) Chrome/114.0.0.0 Safari/537.36"
81.91.153.180 - - [01/Jul/2023:11:36:32 +0330] "POST /admin/specific-login?user_id=726 HTTP/1.1" 302 366 "https://shop.lifeandme.net/admin/adminusers?phone=&name=%D9%85%D8%B1%DB%8C%D9%85+%D9%BE%D8%B1%D9%86%DB%8C%D8%A7%D9%86&email=" "Mozilla/5.0 (Windows NT 10.0; Win64; x64) AppleWebKit/537.36 (KHTML, like Gecko) Chrome/114.0.0.0 Safari/537.36"
81.91.153.180 - - [01/Jul/2023:11:36:32 +0330] "GET / HTTP/1.1" 200 37112 "https://shop.lifeandme.net/admin/adminusers?phone=&name=%D9%85%D8%B1%DB%8C%D9%85+%D9%BE%D8%B1%D9%86%DB%8C%D8%A7%D9%86&email=" "Mozilla/5.0 (Windows NT 10.0; Win64; x64) AppleWebKit/537.36 (KHTML, like Gecko) Chrome/114.0.0.0 Safari/537.36"
81.91.153.180 - - [01/Jul/2023:11:36:38 +0330] "GET /kits?user=726 HTTP/1.1" 200 40709 "https://shop.lifeandme.net/" "Mozilla/5.0 (Windows NT 10.0; Win64; x64) AppleWebKit/537.36 (KHTML, like Gecko) Chrome/114.0.0.0 Safari/537.36"
81.91.153.180 - - [01/Jul/2023:11:36:42 +0330] "GET /questioner?barcode=56101801074605 HTTP/1.1" 200 39881 "https://shop.lifeandme.net/kits?user=726" "Mozilla/5.0 (Windows NT 10.0; Win64; x64) AppleWebKit/537.36 (KHTML, like Gecko) Chrome/114.0.0.0 Safari/537.36"
185.231.115.211 - - [01/Jul/2023:11:37:05 +0330] "GET / HTTP/1.1" 200 35637 "-" "Mozilla/5.0 (Windows NT 10.0; Win64; x64) AppleWebKit/537.36 (KHTML, like Gecko) Chrome/80.0.3987.132 Safari/537.36"
185.231.115.211 - - [01/Jul/2023:11:38:04 +0330] "GET / HTTP/1.1" 200 35637 "-" "Mozilla/5.0 (Windows NT 10.0; Win64; x64) AppleWebKit/537.36 (KHTML, like Gecko) Chrome/80.0.3987.132 Safari/537.36"
185.231.115.211 - - [01/Jul/2023:11:39:04 +0330] "GET / HTTP/1.1" 200 35637 "-" "Mozilla/5.0 (Windows NT 10.0; Win64; x64) AppleWebKit/537.36 (KHTML, like Gecko) Chrome/80.0.3987.132 Safari/537.36"
185.231.115.211 - - [01/Jul/2023:11:40:04 +0330] "GET / HTTP/1.1" 200 35637 "-" "Mozilla/5.0 (Windows NT 10.0; Win64; x64) AppleWebKit/537.36 (KHTML, like Gecko) Chrome/80.0.3987.132 Safari/537.36"
185.231.115.211 - - [01/Jul/2023:11:41:05 +0330] "GET / HTTP/1.1" 200 35637 "-" "Mozilla/5.0 (Windows NT 10.0; Win64; x64) AppleWebKit/537.36 (KHTML, like Gecko) Chrome/80.0.3987.132 Safari/537.36"
185.231.115.211 - - [01/Jul/2023:11:42:04 +0330] "GET / HTTP/1.1" 200 35637 "-" "Mozilla/5.0 (Windows NT 10.0; Win64; x64) AppleWebKit/537.36 (KHTML, like Gecko) Chrome/80.0.3987.132 Safari/537.36"
185.231.115.211 - - [01/Jul/2023:11:43:04 +0330] "GET / HTTP/1.1" 200 35637 "-" "Mozilla/5.0 (Windows NT 10.0; Win64; x64) AppleWebKit/537.36 (KHTML, like Gecko) Chrome/80.0.3987.132 Safari/537.36"
185.231.115.211 - - [01/Jul/2023:11:44:04 +0330] "GET / HTTP/1.1" 200 35637 "-" "Mozilla/5.0 (Windows NT 10.0; Win64; x64) AppleWebKit/537.36 (KHTML, like Gecko) Chrome/80.0.3987.132 Safari/537.36"
185.231.115.211 - - [01/Jul/2023:11:45:05 +0330] "GET / HTTP/1.1" 200 35637 "-" "Mozilla/5.0 (Windows NT 10.0; Win64; x64) AppleWebKit/537.36 (KHTML, like Gecko) Chrome/80.0.3987.132 Safari/537.36"
185.231.115.211 - - [01/Jul/2023:11:46:05 +0330] "GET / HTTP/1.1" 200 35637 "-" "Mozilla/5.0 (Windows NT 10.0; Win64; x64) AppleWebKit/537.36 (KHTML, like Gecko) Chrome/80.0.3987.132 Safari/537.36"
185.231.115.211 - - [01/Jul/2023:11:47:05 +0330] "GET / HTTP/1.1" 200 35637 "-" "Mozilla/5.0 (Windows NT 10.0; Win64; x64) AppleWebKit/537.36 (KHTML, like Gecko) Chrome/80.0.3987.132 Safari/537.36"
91.224.92.16 - - [01/Jul/2023:11:47:20 +0330] "GET / HTTP/1.1" 404 162 "-" "-"
185.231.115.211 - - [01/Jul/2023:11:48:04 +0330] "GET / HTTP/1.1" 200 35637 "-" "Mozilla/5.0 (Windows NT 10.0; Win64; x64) AppleWebKit/537.36 (KHTML, like Gecko) Chrome/80.0.3987.132 Safari/537.36"
185.231.115.211 - - [01/Jul/2023:11:49:04 +0330] "GET / HTTP/1.1" 200 35637 "-" "Mozilla/5.0 (Windows NT 10.0; Win64; x64) AppleWebKit/537.36 (KHTML, like Gecko) Chrome/80.0.3987.132 Safari/537.36"
172.105.7.60 - - [01/Jul/2023:11:49:24 +0330] "GET / HTTP/1.1" 200 35641 "-" "Mozilla/5.0 (X11; Linux x86_64) Chrome/98.0.4758.132 Safari/537.36"
185.231.115.211 - - [01/Jul/2023:11:50:05 +0330] "GET / HTTP/1.1" 200 35637 "-" "Mozilla/5.0 (Windows NT 10.0; Win64; x64) AppleWebKit/537.36 (KHTML, like Gecko) Chrome/80.0.3987.132 Safari/537.36"
185.231.115.211 - - [01/Jul/2023:11:51:04 +0330] "GET / HTTP/1.1" 200 35637 "-" "Mozilla/5.0 (Windows NT 10.0; Win64; x64) AppleWebKit/537.36 (KHTML, like Gecko) Chrome/80.0.3987.132 Safari/537.36"
185.231.115.211 - - [01/Jul/2023:11:52:04 +0330] "GET / HTTP/1.1" 200 35637 "-" "Mozilla/5.0 (Windows NT 10.0; Win64; x64) AppleWebKit/537.36 (KHTML, like Gecko) Chrome/80.0.3987.132 Safari/537.36"
185.231.115.211 - - [01/Jul/2023:11:53:04 +0330] "GET / HTTP/1.1" 200 35637 "-" "Mozilla/5.0 (Windows NT 10.0; Win64; x64) AppleWebKit/537.36 (KHTML, like Gecko) Chrome/80.0.3987.132 Safari/537.36"
185.231.115.211 - - [01/Jul/2023:11:54:04 +0330] "GET / HTTP/1.1" 200 35637 "-" "Mozilla/5.0 (Windows NT 10.0; Win64; x64) AppleWebKit/537.36 (KHTML, like Gecko) Chrome/80.0.3987.132 Safari/537.36"
185.231.115.211 - - [01/Jul/2023:11:55:05 +0330] "GET / HTTP/1.1" 200 35637 "-" "Mozilla/5.0 (Windows NT 10.0; Win64; x64) AppleWebKit/537.36 (KHTML, like Gecko) Chrome/80.0.3987.132 Safari/537.36"
185.231.115.211 - - [01/Jul/2023:11:56:04 +0330] "GET / HTTP/1.1" 200 35637 "-" "Mozilla/5.0 (Windows NT 10.0; Win64; x64) AppleWebKit/537.36 (KHTML, like Gecko) Chrome/80.0.3987.132 Safari/537.36"
185.231.115.211 - - [01/Jul/2023:11:57:04 +0330] "GET / HTTP/1.1" 200 35637 "-" "Mozilla/5.0 (Windows NT 10.0; Win64; x64) AppleWebKit/537.36 (KHTML, like Gecko) Chrome/80.0.3987.132 Safari/537.36"
5.121.8.3 - - [01/Jul/2023:11:57:41 +0330] "GET /login HTTP/1.1" 302 410 "https://lifeandme.net/" "Mozilla/5.0 (Linux; Android 12; SM-A217F) AppleWebKit/537.36 (KHTML, like Gecko) Chrome/96.0.4664.104 Mobile Safari/537.36"
5.121.8.3 - - [01/Jul/2023:11:57:41 +0330] "GET /auth/phone HTTP/1.1" 200 3045 "https://lifeandme.net/" "Mozilla/5.0 (Linux; Android 12; SM-A217F) AppleWebKit/537.36 (KHTML, like Gecko) Chrome/96.0.4664.104 Mobile Safari/537.36"
5.121.8.3 - - [01/Jul/2023:11:57:42 +0330] "GET /src/assets/plugins/global/plugins.bundle.rtl.css HTTP/1.1" 200 551164 "https://shop.lifeandme.net/auth/phone" "Mozilla/5.0 (Linux; Android 12; SM-A217F) AppleWebKit/537.36 (KHTML, like Gecko) Chrome/96.0.4664.104 Mobile Safari/537.36"
5.121.8.3 - - [01/Jul/2023:11:57:43 +0330] "GET /src/assets/js/custom/authentication/sign-in/general.js HTTP/1.1" 200 4422 "https://shop.lifeandme.net/auth/phone" "Mozilla/5.0 (Linux; Android 12; SM-A217F) AppleWebKit/537.36 (KHTML, like Gecko) Chrome/96.0.4664.104 Mobile Safari/537.36"
5.121.8.3 - - [01/Jul/2023:11:57:43 +0330] "GET /src/assets/media/svg/brand-logos/google-icon.svg HTTP/1.1" 200 1209 "https://shop.lifeandme.net/auth/phone" "Mozilla/5.0 (Linux; Android 12; SM-A217F) AppleWebKit/537.36 (KHTML, like Gecko) Chrome/96.0.4664.104 Mobile Safari/537.36"
5.121.8.3 - - [01/Jul/2023:11:57:43 +0330] "GET /logo.svg HTTP/1.1" 200 62002 "https://shop.lifeandme.net/auth/phone" "Mozilla/5.0 (Linux; Android 12; SM-A217F) AppleWebKit/537.36 (KHTML, like Gecko) Chrome/96.0.4664.104 Mobile Safari/537.36"
5.121.8.3 - - [01/Jul/2023:11:57:45 +0330] "GET /src/assets/plugins/global/plugins.bundle.js HTTP/1.1" 200 3735256 "https://shop.lifeandme.net/auth/phone" "Mozilla/5.0 (Linux; Android 12; SM-A217F) AppleWebKit/537.36 (KHTML, like Gecko) Chrome/96.0.4664.104 Mobile Safari/537.36"
5.121.8.3 - - [01/Jul/2023:11:57:47 +0330] "GET /src/assets/js/scripts.bundle.js HTTP/1.1" 200 217317 "https://shop.lifeandme.net/auth/phone" "Mozilla/5.0 (Linux; Android 12; SM-A217F) AppleWebKit/537.36 (KHTML, like Gecko) Chrome/96.0.4664.104 Mobile Safari/537.36"
5.121.8.3 - - [01/Jul/2023:11:57:51 +0330] "GET /src/assets/css/style.bundle.rtl.css HTTP/1.1" 200 1169193 "https://shop.lifeandme.net/auth/phone" "Mozilla/5.0 (Linux; Android 12; SM-A217F) AppleWebKit/537.36 (KHTML, like Gecko) Chrome/96.0.4664.104 Mobile Safari/537.36"
5.121.8.3 - - [01/Jul/2023:11:57:53 +0330] "GET /src/assets/media/illustrations/sketchy-1/14.png HTTP/1.1" 200 49088 "https://shop.lifeandme.net/auth/phone" "Mozilla/5.0 (Linux; Android 12; SM-A217F) AppleWebKit/537.36 (KHTML, like Gecko) Chrome/96.0.4664.104 Mobile Safari/537.36"
5.121.8.3 - - [01/Jul/2023:11:57:53 +0330] "GET /src/assets/fonts/PeydaWeb-SemiBold.woff HTTP/1.1" 200 31832 "https://shop.lifeandme.net/src/assets/css/style.bundle.rtl.css" "Mozilla/5.0 (Linux; Android 12; SM-A217F) AppleWebKit/537.36 (KHTML, like Gecko) Chrome/96.0.4664.104 Mobile Safari/537.36"
185.231.115.211 - - [01/Jul/2023:11:58:05 +0330] "GET / HTTP/1.1" 200 35637 "-" "Mozilla/5.0 (Windows NT 10.0; Win64; x64) AppleWebKit/537.36 (KHTML, like Gecko) Chrome/80.0.3987.132 Safari/537.36"
5.121.8.3 - - [01/Jul/2023:11:58:40 +0330] "POST /auth/phone HTTP/1.1" 302 410 "https://shop.lifeandme.net/auth/phone" "Mozilla/5.0 (Linux; Android 12; SM-A217F) AppleWebKit/537.36 (KHTML, like Gecko) Chrome/96.0.4664.104 Mobile Safari/537.36"
5.121.8.3 - - [01/Jul/2023:11:58:40 +0330] "GET /auth/phone HTTP/1.1" 200 3336 "https://shop.lifeandme.net/auth/phone" "Mozilla/5.0 (Linux; Android 12; SM-A217F) AppleWebKit/537.36 (KHTML, like Gecko) Chrome/96.0.4664.104 Mobile Safari/537.36"
5.121.8.3 - - [01/Jul/2023:11:58:40 +0330] "GET /vendor/sweetalert/sweetalert.all.js HTTP/1.1" 200 67413 "https://shop.lifeandme.net/auth/phone" "Mozilla/5.0 (Linux; Android 12; SM-A217F) AppleWebKit/537.36 (KHTML, like Gecko) Chrome/96.0.4664.104 Mobile Safari/537.36"
185.231.115.211 - - [01/Jul/2023:11:59:05 +0330] "GET / HTTP/1.1" 200 35637 "-" "Mozilla/5.0 (Windows NT 10.0; Win64; x64) AppleWebKit/537.36 (KHTML, like Gecko) Chrome/80.0.3987.132 Safari/537.36"
185.231.115.211 - - [01/Jul/2023:12:00:06 +0330] "GET / HTTP/1.1" 200 35637 "-" "Mozilla/5.0 (Windows NT 10.0; Win64; x64) AppleWebKit/537.36 (KHTML, like Gecko) Chrome/80.0.3987.132 Safari/537.36"
185.231.115.211 - - [01/Jul/2023:12:01:05 +0330] "GET / HTTP/1.1" 200 35637 "-" "Mozilla/5.0 (Windows NT 10.0; Win64; x64) AppleWebKit/537.36 (KHTML, like Gecko) Chrome/80.0.3987.132 Safari/537.36"
185.231.115.211 - - [01/Jul/2023:12:02:05 +0330] "GET / HTTP/1.1" 200 35637 "-" "Mozilla/5.0 (Windows NT 10.0; Win64; x64) AppleWebKit/537.36 (KHTML, like Gecko) Chrome/80.0.3987.132 Safari/537.36"
185.231.115.211 - - [01/Jul/2023:12:03:04 +0330] "GET / HTTP/1.1" 200 35637 "-" "Mozilla/5.0 (Windows NT 10.0; Win64; x64) AppleWebKit/537.36 (KHTML, like Gecko) Chrome/80.0.3987.132 Safari/537.36"
185.231.115.211 - - [01/Jul/2023:12:04:04 +0330] "GET / HTTP/1.1" 200 35637 "-" "Mozilla/5.0 (Windows NT 10.0; Win64; x64) AppleWebKit/537.36 (KHTML, like Gecko) Chrome/80.0.3987.132 Safari/537.36"
185.231.115.211 - - [01/Jul/2023:12:05:05 +0330] "GET / HTTP/1.1" 200 35637 "-" "Mozilla/5.0 (Windows NT 10.0; Win64; x64) AppleWebKit/537.36 (KHTML, like Gecko) Chrome/80.0.3987.132 Safari/537.36"
185.231.115.211 - - [01/Jul/2023:12:06:05 +0330] "GET / HTTP/1.1" 200 35637 "-" "Mozilla/5.0 (Windows NT 10.0; Win64; x64) AppleWebKit/537.36 (KHTML, like Gecko) Chrome/80.0.3987.132 Safari/537.36"
185.231.115.211 - - [01/Jul/2023:12:07:04 +0330] "GET / HTTP/1.1" 200 35637 "-" "Mozilla/5.0 (Windows NT 10.0; Win64; x64) AppleWebKit/537.36 (KHTML, like Gecko) Chrome/80.0.3987.132 Safari/537.36"
185.231.115.211 - - [01/Jul/2023:12:08:04 +0330] "GET / HTTP/1.1" 200 35637 "-" "Mozilla/5.0 (Windows NT 10.0; Win64; x64) AppleWebKit/537.36 (KHTML, like Gecko) Chrome/80.0.3987.132 Safari/537.36"
185.231.115.211 - - [01/Jul/2023:12:09:04 +0330] "GET / HTTP/1.1" 200 35637 "-" "Mozilla/5.0 (Windows NT 10.0; Win64; x64) AppleWebKit/537.36 (KHTML, like Gecko) Chrome/80.0.3987.132 Safari/537.36"
185.231.115.211 - - [01/Jul/2023:12:10:05 +0330] "GET / HTTP/1.1" 200 35637 "-" "Mozilla/5.0 (Windows NT 10.0; Win64; x64) AppleWebKit/537.36 (KHTML, like Gecko) Chrome/80.0.3987.132 Safari/537.36"
185.231.115.211 - - [01/Jul/2023:12:11:04 +0330] "GET / HTTP/1.1" 200 35637 "-" "Mozilla/5.0 (Windows NT 10.0; Win64; x64) AppleWebKit/537.36 (KHTML, like Gecko) Chrome/80.0.3987.132 Safari/537.36"
185.231.115.211 - - [01/Jul/2023:12:12:05 +0330] "GET / HTTP/1.1" 200 35637 "-" "Mozilla/5.0 (Windows NT 10.0; Win64; x64) AppleWebKit/537.36 (KHTML, like Gecko) Chrome/80.0.3987.132 Safari/537.36"
5.114.136.214 - - [01/Jul/2023:12:12:45 +0330] "GET / HTTP/1.1" 200 35637 "-" "Mozilla/5.0 (Linux; Android 10; K) AppleWebKit/537.36 (KHTML, like Gecko) Chrome/113.0.0.0 Mobile Safari/537.36"
5.114.136.214 - - [01/Jul/2023:12:12:45 +0330] "GET /src/assets/plugins/custom/datatables/datatables.bundle.css HTTP/1.1" 200 34251 "https://shop.lifeandme.net/" "Mozilla/5.0 (Linux; Android 10; K) AppleWebKit/537.36 (KHTML, like Gecko) Chrome/113.0.0.0 Mobile Safari/537.36"
5.114.136.214 - - [01/Jul/2023:12:12:45 +0330] "GET /src/assets/plugins/global/plugins.bundle.rtl.css HTTP/1.1" 200 551164 "https://shop.lifeandme.net/" "Mozilla/5.0 (Linux; Android 10; K) AppleWebKit/537.36 (KHTML, like Gecko) Chrome/113.0.0.0 Mobile Safari/537.36"
5.114.136.214 - - [01/Jul/2023:12:12:45 +0330] "GET /src/assets/css/style.bundle.rtl.css HTTP/1.1" 200 1169193 "https://shop.lifeandme.net/" "Mozilla/5.0 (Linux; Android 10; K) AppleWebKit/537.36 (KHTML, like Gecko) Chrome/113.0.0.0 Mobile Safari/537.36"
5.114.136.214 - - [01/Jul/2023:12:12:46 +0330] "GET /src/assets/js/widgets.bundle.js HTTP/1.1" 200 473443 "https://shop.lifeandme.net/" "Mozilla/5.0 (Linux; Android 10; K) AppleWebKit/537.36 (KHTML, like Gecko) Chrome/113.0.0.0 Mobile Safari/537.36"
5.114.136.214 - - [01/Jul/2023:12:12:46 +0330] "GET /src/assets/js/scripts.bundle.js HTTP/1.1" 200 217317 "https://shop.lifeandme.net/" "Mozilla/5.0 (Linux; Android 10; K) AppleWebKit/537.36 (KHTML, like Gecko) Chrome/113.0.0.0 Mobile Safari/537.36"
5.114.136.214 - - [01/Jul/2023:12:12:46 +0330] "GET /src/assets/js/custom/widgets.js HTTP/1.1" 200 112008 "https://shop.lifeandme.net/" "Mozilla/5.0 (Linux; Android 10; K) AppleWebKit/537.36 (KHTML, like Gecko) Chrome/113.0.0.0 Mobile Safari/537.36"
5.114.136.214 - - [01/Jul/2023:12:12:46 +0330] "GET /src/assets/plugins/global/plugins.bundle.js HTTP/1.1" 200 3735256 "https://shop.lifeandme.net/" "Mozilla/5.0 (Linux; Android 10; K) AppleWebKit/537.36 (KHTML, like Gecko) Chrome/113.0.0.0 Mobile Safari/537.36"
5.114.136.214 - - [01/Jul/2023:12:12:46 +0330] "GET /src/assets/js/custom/apps/chat/chat.js HTTP/1.1" 200 2027 "https://shop.lifeandme.net/" "Mozilla/5.0 (Linux; Android 10; K) AppleWebKit/537.36 (KHTML, like Gecko) Chrome/113.0.0.0 Mobile Safari/537.36"
5.114.136.214 - - [01/Jul/2023:12:12:46 +0330] "GET /src/assets/js/custom/utilities/modals/create-app.js HTTP/1.1" 200 8379 "https://shop.lifeandme.net/" "Mozilla/5.0 (Linux; Android 10; K) AppleWebKit/537.36 (KHTML, like Gecko) Chrome/113.0.0.0 Mobile Safari/537.36"
5.114.136.214 - - [01/Jul/2023:12:12:46 +0330] "GET /src/assets/plugins/custom/datatables/datatables.bundle.js HTTP/1.1" 200 2991427 "https://shop.lifeandme.net/" "Mozilla/5.0 (Linux; Android 10; K) AppleWebKit/537.36 (KHTML, like Gecko) Chrome/113.0.0.0 Mobile Safari/537.36"
5.114.136.214 - - [01/Jul/2023:12:12:46 +0330] "GET /src/assets/js/custom/utilities/modals/users-search.js HTTP/1.1" 200 2355 "https://shop.lifeandme.net/" "Mozilla/5.0 (Linux; Android 10; K) AppleWebKit/537.36 (KHTML, like Gecko) Chrome/113.0.0.0 Mobile Safari/537.36"
5.114.136.214 - - [01/Jul/2023:12:12:46 +0330] "GET /logo.svg HTTP/1.1" 200 62002 "https://shop.lifeandme.net/" "Mozilla/5.0 (Linux; Android 10; K) AppleWebKit/537.36 (KHTML, like Gecko) Chrome/113.0.0.0 Mobile Safari/537.36"
5.114.136.214 - - [01/Jul/2023:12:12:46 +0330] "GET /src/assets/media/avatars/300-1.jpg HTTP/1.1" 200 68122 "https://shop.lifeandme.net/" "Mozilla/5.0 (Linux; Android 10; K) AppleWebKit/537.36 (KHTML, like Gecko) Chrome/113.0.0.0 Mobile Safari/537.36"
5.114.136.214 - - [01/Jul/2023:12:12:47 +0330] "GET /src/assets/media/avatars/300-14.jpg HTTP/1.1" 200 103118 "https://shop.lifeandme.net/" "Mozilla/5.0 (Linux; Android 10; K) AppleWebKit/537.36 (KHTML, like Gecko) Chrome/113.0.0.0 Mobile Safari/537.36"
5.114.136.214 - - [01/Jul/2023:12:12:47 +0330] "GET /src/assets/media/avatars/300-2.jpg HTTP/1.1" 200 61584 "https://shop.lifeandme.net/" "Mozilla/5.0 (Linux; Android 10; K) AppleWebKit/537.36 (KHTML, like Gecko) Chrome/113.0.0.0 Mobile Safari/537.36"
5.114.136.214 - - [01/Jul/2023:12:12:47 +0330] "GET /src/assets/media/avatars/300-20.jpg HTTP/1.1" 200 84862 "https://shop.lifeandme.net/" "Mozilla/5.0 (Linux; Android 10; K) AppleWebKit/537.36 (KHTML, like Gecko) Chrome/113.0.0.0 Mobile Safari/537.36"
5.114.136.214 - - [01/Jul/2023:12:12:47 +0330] "GET /src/assets/media/avatars/300-23.jpg HTTP/1.1" 200 66617 "https://shop.lifeandme.net/" "Mozilla/5.0 (Linux; Android 10; K) AppleWebKit/537.36 (KHTML, like Gecko) Chrome/113.0.0.0 Mobile Safari/537.36"
5.114.136.214 - - [01/Jul/2023:12:12:47 +0330] "GET /src/assets/media/svg/files/pdf.svg HTTP/1.1" 200 2039 "https://shop.lifeandme.net/" "Mozilla/5.0 (Linux; Android 10; K) AppleWebKit/537.36 (KHTML, like Gecko) Chrome/113.0.0.0 Mobile Safari/537.36"
5.114.136.214 - - [01/Jul/2023:12:12:47 +0330] "GET /src/assets/media/svg/files/doc.svg HTTP/1.1" 200 2203 "https://shop.lifeandme.net/" "Mozilla/5.0 (Linux; Android 10; K) AppleWebKit/537.36 (KHTML, like Gecko) Chrome/113.0.0.0 Mobile Safari/537.36"
5.114.136.214 - - [01/Jul/2023:12:12:47 +0330] "GET /src/assets/media/svg/files/css.svg HTTP/1.1" 304 0 "https://shop.lifeandme.net/" "Mozilla/5.0 (Linux; Android 10; K) AppleWebKit/537.36 (KHTML, like Gecko) Chrome/113.0.0.0 Mobile Safari/537.36"
5.114.136.214 - - [01/Jul/2023:12:12:47 +0330] "GET /src/assets/media/stock/600x400/img-29.jpg HTTP/1.1" 200 62889 "https://shop.lifeandme.net/" "Mozilla/5.0 (Linux; Android 10; K) AppleWebKit/537.36 (KHTML, like Gecko) Chrome/113.0.0.0 Mobile Safari/537.36"
5.114.136.214 - - [01/Jul/2023:12:12:48 +0330] "GET /src/assets/media/stock/600x400/img-31.jpg HTTP/1.1" 200 45822 "https://shop.lifeandme.net/" "Mozilla/5.0 (Linux; Android 10; K) AppleWebKit/537.36 (KHTML, like Gecko) Chrome/113.0.0.0 Mobile Safari/537.36"
